05-24 15:38:12.163: D/WifiCommon(181): [wlan0] Issue cmd = 'DRIVER RSSI'
05-24 15:38:12.178: D/WifiStateTracker(181): requestPolledInfo, newRssi=-39
05-24 15:38:12.178: D/WifiCommon(181): [wlan0] Issue cmd = 'DRIVER LINKSPEED'
05-24 15:38:13.639: V/ActivityManager(181): Broadcast sticky: Intent { act=android.intent.action.BATTERY_CHANGED flg=0x60000000 (has extras) } ordered=false
05-24 15:38:13.643: D/KeyguardUpdateMonitor(181): received broadcast android.intent.action.BATTERY_CHANGED
05-24 15:38:13.643: D/KeyguardUpdateMonitor(181): ACTION_BATTERY_CHANGED, pluggedInStatus=5, batteryLevel=100
05-24 15:38:13.644: D/WifiService(181): onReceive, action=android.intent.action.BATTERY_CHANGED
05-24 15:38:13.644: D/WifiService(181): ACTION_BATTERY_CHANGED pluggedType: 2
05-24 15:38:13.646: D/KeyguardUpdateMonitor(181): handleBatteryUpdate
05-24 15:38:13.646: D/WifiService(181): doUpdateWifiState, mDisableByWifiManager=false, wifiEnabled=true
05-24 15:38:13.647: D/PowerManagerService(181): acquireWakeLock flags=0x1 tag=*wifi*
05-24 15:38:13.647: D/WifiService(181): setWifiEnabledBlocking, enable=true, persist=false, uid=1000
05-24 15:38:13.647: D/WifiStateTracker(181): restart, mConnectingSupplicant=false
05-24 15:38:13.647: D/PowerManagerService(181): releaseWakeLock flags=0x1 tag=*wifi*
05-24 15:38:13.648: D/BT HS/HF(256): [BT][HFG] [API] mStateReceiver.onReceive(android.intent.action.BATTERY_CHANGED)
05-24 15:38:13.649: D/BT HS/HF(256): [BT][HFG] [API] updateBatteryState
05-24 15:38:13.652: D/StatusBarService(246): zhouhuaguo icon.iconId =17302217
05-24 15:38:15.182: D/WifiCommon(181): [wlan0] Issue cmd = 'DRIVER RSSI-APPROX'
05-24 15:38:15.182: D/WifiCommon(181): [wlan0] cmd = 'DRIVER RSSI-APPROX' ==> failed. (ret = 0 or reply='FAIL').
05-24 15:38:15.182: D/WifiCommon(181): [wlan0] Issue cmd = 'DRIVER RSSI'
05-24 15:38:15.184: D/WifiStateTracker(181): requestPolledInfo, newRssi=-39
05-24 15:38:15.184: D/WifiCommon(181): [wlan0] Issue cmd = 'DRIVER LINKSPEED'
05-24 15:38:18.228: D/WifiCommon(181): [wlan0] Issue cmd = 'DRIVER RSSI-APPROX'
05-24 15:38:18.228: D/WifiCommon(181): [wlan0] cmd = 'DRIVER RSSI-APPROX' ==> failed. (ret = 0 or reply='FAIL').
05-24 15:38:18.228: D/WifiCommon(181): [wlan0] Issue cmd = 'DRIVER RSSI'
05-24 15:38:18.231: D/WifiStateTracker(181): requestPolledInfo, newRssi=-39
05-24 15:38:18.231: D/WifiCommon(181): [wlan0] Issue cmd = 'DRIVER LINKSPEED'
05-24 15:38:18.665: D/OSFileSystem(181): OSFileSystem::open fail : filename==/sys/devices/system/cpu/cpu0/cpufreq/stats/time_in_state, errno=2, err=No such file or directory
05-24 15:38:19.783: D/WarningMessage(1474): TimerTask: ReadCodeTask.run()
05-24 15:38:19.783: D/WarningMessage(1474): sendWarningMessage() called.
05-24 15:38:19.784: D/WarningMessage(1474): line content: 0
05-24 15:38:19.784: D/WarningMessage(1474): notify code is 0
05-24 15:38:19.784: D/WarningMessage(1474): getWarningMessage() called.
05-24 15:38:21.235: D/WifiCommon(181): [wlan0] Issue cmd = 'DRIVER RSSI-APPROX'
05-24 15:38:21.235: D/WifiCommon(181): [wlan0] cmd = 'DRIVER RSSI-APPROX' ==> failed. (ret = 0 or reply='FAIL').
05-24 15:38:21.235: D/WifiCommon(181): [wlan0] Issue cmd = 'DRIVER RSSI'
05-24 15:38:21.237: D/WifiStateTracker(181): requestPolledInfo, newRssi=-39
05-24 15:38:21.237: D/WifiCommon(181): [wlan0] Issue cmd = 'DRIVER LINKSPEED'
05-24 15:38:24.242: D/WifiCommon(181): [wlan0] Issue cmd = 'DRIVER RSSI-APPROX'
05-24 15:38:24.242: D/WifiCommon(181): [wlan0] cmd = 'DRIVER RSSI-APPROX' ==> failed. (ret = 0 or reply='FAIL').
05-24 15:38:24.242: D/WifiCommon(181): [wlan0] Issue cmd = 'DRIVER RSSI'
05-24 15:38:24.257: D/WifiStateTracker(181): requestPolledInfo, newRssi=-39
05-24 15:38:24.257: D/WifiCommon(181): [wlan0] Issue cmd = 'DRIVER LINKSPEED'
05-24 15:38:27.261: D/WifiCommon(181): [wlan0] Issue cmd = 'DRIVER RSSI-APPROX'
05-24 15:38:27.261: D/WifiCommon(181): [wlan0] cmd = 'DRIVER RSSI-APPROX' ==> failed. (ret = 0 or reply='FAIL').
05-24 15:38:27.261: D/WifiCommon(181): [wlan0] Issue cmd = 'DRIVER RSSI'
05-24 15:38:27.263: D/WifiStateTracker(181): requestPolledInfo, newRssi=-39
05-24 15:38:27.263: D/WifiCommon(181): [wlan0] Issue cmd = 'DRIVER LINKSPEED'
05-24 15:38:29.784: D/WarningMessage(1474): TimerTask: ReadCodeTask.run()
05-24 15:38:29.784: D/WarningMessage(1474): sendWarningMessage() called.
05-24 15:38:29.784: D/WarningMessage(1474): line content: 0
05-24 15:38:29.785: D/WarningMessage(1474): notify code is 0
05-24 15:38:29.785: D/WarningMessage(1474): getWarningMessage() called.
05-24 15:38:30.268: D/WifiCommon(181): [wlan0] Issue cmd = 'DRIVER RSSI-APPROX'
05-24 15:38:30.269: D/WifiCommon(181): [wlan0] cmd = 'DRIVER RSSI-APPROX' ==> failed. (ret = 0 or reply='FAIL').
05-24 15:38:30.269: D/WifiCommon(181): [wlan0] Issue cmd = 'DRIVER RSSI'
05-24 15:38:30.271: D/WifiStateTracker(181): requestPolledInfo, newRssi=-38
05-24 15:38:30.271: D/WifiCommon(181): [wlan0] Issue cmd = 'DRIVER LINKSPEED'
05-24 15:38:33.275: D/WifiCommon(181): [wlan0] Issue cmd = 'DRIVER RSSI-APPROX'
05-24 15:38:33.276: D/WifiCommon(181): [wlan0] cmd = 'DRIVER RSSI-APPROX' ==> failed. (ret = 0 or reply='FAIL').
05-24 15:38:33.276: D/WifiCommon(181): [wlan0] Issue cmd = 'DRIVER RSSI'
05-24 15:38:33.278: D/WifiStateTracker(181): requestPolledInfo, newRssi=-38
05-24 15:38:33.278: D/WifiCommon(181): [wlan0] Issue cmd = 'DRIVER LINKSPEED'
05-24 15:38:33.651: V/ActivityManager(181): Broadcast sticky: Intent { act=android.intent.action.BATTERY_CHANGED flg=0x60000000 (has extras) } ordered=false
05-24 15:38:33.658: D/KeyguardUpdateMonitor(181): received broadcast android.intent.action.BATTERY_CHANGED
05-24 15:38:33.658: D/KeyguardUpdateMonitor(181): ACTION_BATTERY_CHANGED, pluggedInStatus=5, batteryLevel=100
05-24 15:38:33.658: D/WifiService(181): onReceive, action=android.intent.action.BATTERY_CHANGED
05-24 15:38:33.658: D/WifiService(181): ACTION_BATTERY_CHANGED pluggedType: 2
05-24 15:38:33.660: D/KeyguardUpdateMonitor(181): handleBatteryUpdate
05-24 15:38:33.660: D/WifiService(181): doUpdateWifiState, mDisableByWifiManager=false, wifiEnabled=true
05-24 15:38:33.661: D/PowerManagerService(181): acquireWakeLock flags=0x1 tag=*wifi*
05-24 15:38:33.661: D/WifiService(181): setWifiEnabledBlocking, enable=true, persist=false, uid=1000
05-24 15:38:33.661: D/WifiStateTracker(181): restart, mConnectingSupplicant=false
05-24 15:38:33.662: D/PowerManagerService(181): releaseWakeLock flags=0x1 tag=*wifi*
05-24 15:38:33.662: D/BT HS/HF(256): [BT][HFG] [API] mStateReceiver.onReceive(android.intent.action.BATTERY_CHANGED)
05-24 15:38:33.663: D/BT HS/HF(256): [BT][HFG] [API] updateBatteryState
05-24 15:38:33.666: D/StatusBarService(246): zhouhuaguo icon.iconId =17302217
05-24 15:38:36.318: D/WifiCommon(181): [wlan0] Issue cmd = 'DRIVER RSSI-APPROX'
05-24 15:38:36.319: D/WifiCommon(181): [wlan0] cmd = 'DRIVER RSSI-APPROX' ==> failed. (ret = 0 or reply='FAIL').
05-24 15:38:36.319: D/WifiCommon(181): [wlan0] Issue cmd = 'DRIVER RSSI'
05-24 15:38:36.337: D/WifiStateTracker(181): requestPolledInfo, newRssi=-39
05-24 15:38:36.337: D/WifiCommon(181): [wlan0] Issue cmd = 'DRIVER LINKSPEED'
05-24 15:38:38.682: D/OSFileSystem(181): OSFileSystem::open fail : filename==/sys/devices/system/cpu/cpu0/cpufreq/stats/time_in_state, errno=2, err=No such file or directory
05-24 15:38:39.339: D/WifiCommon(181): [wlan0] Issue cmd = 'DRIVER RSSI-APPROX'
05-24 15:38:39.340: D/WifiCommon(181): [wlan0] cmd = 'DRIVER RSSI-APPROX' ==> failed. (ret = 0 or reply='FAIL').
05-24 15:38:39.340: D/WifiCommon(181): [wlan0] Issue cmd = 'DRIVER RSSI'
05-24 15:38:39.342: D/WifiStateTracker(181): requestPolledInfo, newRssi=-39
05-24 15:38:39.342: D/WifiCommon(181): [wlan0] Issue cmd = 'DRIVER LINKSPEED'
05-24 15:38:39.784: D/WarningMessage(1474): TimerTask: ReadCodeTask.run()
05-24 15:38:39.784: D/WarningMessage(1474): sendWarningMessage() called.
05-24 15:38:39.784: D/WarningMessage(1474): line content: 0
05-24 15:38:39.785: D/WarningMessage(1474): notify code is 0
05-24 15:38:39.785: D/WarningMessage(1474): getWarningMessage() called.
05-24 15:38:42.359: D/WifiCommon(181): [wlan0] Issue cmd = 'DRIVER RSSI-APPROX'
05-24 15:38:42.359: D/WifiCommon(181): [wlan0] cmd = 'DRIVER RSSI-APPROX' ==> failed. (ret = 0 or reply='FAIL').
05-24 15:38:42.359: D/WifiCommon(181): [wlan0] Issue cmd = 'DRIVER RSSI'
05-24 15:38:42.377: D/WifiStateTracker(181): requestPolledInfo, newRssi=-39
05-24 15:38:42.377: D/WifiCommon(181): [wlan0] Issue cmd = 'DRIVER LINKSPEED'
05-24 15:38:45.382: D/WifiCommon(181): [wlan0] Issue cmd = 'DRIVER RSSI-APPROX'
05-24 15:38:45.382: D/WifiCommon(181): [wlan0] cmd = 'DRIVER RSSI-APPROX' ==> failed. (ret = 0 or reply='FAIL').
05-24 15:38:45.382: D/WifiCommon(181): [wlan0] Issue cmd = 'DRIVER RSSI'
05-24 15:38:45.384: D/WifiStateTracker(181): requestPolledInfo, newRssi=-39
05-24 15:38:45.384: D/WifiCommon(181): [wlan0] Issue cmd = 'DRIVER LINKSPEED'
05-24 15:38:48.399: D/WifiCommon(181): [wlan0] Issue cmd = 'DRIVER RSSI-APPROX'
05-24 15:38:48.399: D/WifiCommon(181): [wlan0] cmd = 'DRIVER RSSI-APPROX' ==> failed. (ret = 0 or reply='FAIL').
05-24 15:38:48.400: D/WifiCommon(181): [wlan0] Issue cmd = 'DRIVER RSSI'
05-24 15:38:48.417: D/WifiStateTracker(181): requestPolledInfo, newRssi=-40
05-24 15:38:48.417: D/WifiCommon(181): [wlan0] Issue cmd = 'DRIVER LINKSPEED'
05-24 15:38:49.785: D/WarningMessage(1474): TimerTask: ReadCodeTask.run()
05-24 15:38:49.785: D/WarningMessage(1474): sendWarningMessage() called.
05-24 15:38:49.785: D/WarningMessage(1474): line content: 0
05-24 15:38:49.786: D/WarningMessage(1474): notify code is 0
05-24 15:38:49.786: D/WarningMessage(1474): getWarningMessage() called.
05-24 15:38:51.421: D/WifiCommon(181): [wlan0] Issue cmd = 'DRIVER RSSI-APPROX'
05-24 15:38:51.421: D/WifiCommon(181): [wlan0] cmd = 'DRIVER RSSI-APPROX' ==> failed. (ret = 0 or reply='FAIL').
05-24 15:38:51.421: D/WifiCommon(181): [wlan0] Issue cmd = 'DRIVER RSSI'
05-24 15:38:51.423: D/WifiStateTracker(181): requestPolledInfo, newRssi=-40
05-24 15:38:51.423: D/WifiCommon(181): [wlan0] Issue cmd = 'DRIVER LINKSPEED'
05-24 15:38:54.439: D/WifiCommon(181): [wlan0] Issue cmd = 'DRIVER RSSI-APPROX'
05-24 15:38:54.440: D/WifiCommon(181): [wlan0] cmd = 'DRIVER RSSI-APPROX' ==> failed. (ret = 0 or reply='FAIL').
05-24 15:38:54.440: D/WifiCommon(181): [wlan0] Issue cmd = 'DRIVER RSSI'
05-24 15:38:54.457: D/WifiStateTracker(181): requestPolledInfo, newRssi=-40
05-24 15:38:54.457: D/WifiCommon(181): [wlan0] Issue cmd = 'DRIVER LINKSPEED'
05-24 15:38:56.197: V/ActivityManager(181): Broadcast sticky: Intent { act=android.intent.action.SIG_STR (has extras) } ordered=false
05-24 15:38:56.199: D/StatusBarPolicy(246): PhoneStateListener, sim1 on signal strengths changed before.
05-24 15:38:56.201: V/AlarmManager(181): set: Alarm{406b5e00 type 2 com.google.android.apps.maps}
05-24 15:38:56.201: V/AlarmManager(181): Adding alarm Alarm{406b5e00 type 2 com.google.android.apps.maps} at 5
05-24 15:38:56.201: V/AlarmManager(181): alarms: 6 type: 2
05-24 15:38:56.202: V/AlarmManager(181): 0: Feb 08 03:16:07 pm com.google.android.apps.maps
05-24 15:38:56.202: V/AlarmManager(181): 1: Feb 08 03:20:08 pm com.google.android.location
05-24 15:38:56.202: V/AlarmManager(181): 2: Feb 08 07:00:37 pm android
05-24 15:38:56.202: V/AlarmManager(181): 3: Feb 08 07:46:04 pm android
05-24 15:38:56.202: V/AlarmManager(181): 4: Feb 08 07:51:22 pm com.google.android.apps.maps
05-24 15:38:56.202: V/AlarmManager(181): 5: Jan 21 05:31:41 am com.google.android.apps.maps
05-24 15:38:56.206: D/StatusBarPolicy(246): updateSignalStrength(0), asu is 8
05-24 15:38:56.207: D/BT HS/HF(256): [BT][HFG] [API] mStateReceiver.onReceive(android.intent.action.SIG_STR)
05-24 15:38:56.209: D/StatusBarPolicy(246): networktype=0    simId=0
05-24 15:38:56.209: D/StatusBarPolicy(246): updateSignalStrength(0), setIcon with iconLevel is 3.
05-24 15:38:56.209: D/StatusBarPolicy(246): PhoneStateListener, sim1 on signal strengths changed after.
05-24 15:38:56.210: D/StatusBarService(246): zhouhuaguo icon.iconId =2130837890
05-24 15:38:56.210: D/StatusBarService(246): sSignalImages_big	0	=2130837924
05-24 15:38:56.210: D/StatusBarService(246): sSignalImages_big	1	=2130837926
05-24 15:38:56.210: D/StatusBarService(246): sSignalImages_big	2	=2130837928
05-24 15:38:56.210: D/StatusBarService(246): sSignalImages_big	3	=2130837930
05-24 15:38:56.210: D/StatusBarService(246): sSignalImages_big	4	=2130837932
05-24 15:38:56.210: D/StatusBarService(246): sSignalImages_big	5	=2130837925
05-24 15:38:56.210: D/StatusBarService(246): sSignalImages_big	6	=2130837927
05-24 15:38:56.210: D/StatusBarService(246): sSignalImages_big	7	=2130837929
05-24 15:38:56.210: D/StatusBarService(246): sSignalImages_big	8	=2130837931
05-24 15:38:56.210: D/StatusBarService(246): sSignalImages_big	9	=2130837933
05-24 15:38:56.210: D/StatusBarService(246): sSignalImages_big	10	=2130837914
05-24 15:38:56.210: D/StatusBarService(246): sSignalImages_big	11	=2130837916
05-24 15:38:56.210: D/StatusBarService(246): sSignalImages_big	12	=2130837918
05-24 15:38:56.210: D/StatusBarService(246): sSignalImages_big	13	=2130837920
05-24 15:38:56.210: D/StatusBarService(246): sSignalImages_big	14	=2130837922
05-24 15:38:56.210: D/StatusBarService(246): sSignalImages_big	15	=2130837915
05-24 15:38:56.211: D/StatusBarService(246): sSignalImages_big	16	=2130837917
05-24 15:38:56.211: D/StatusBarService(246): sSignalImages_big	17	=2130837919
05-24 15:38:56.211: D/StatusBarService(246): sSignalImages_big	18	=2130837921
05-24 15:38:56.211: D/StatusBarService(246): sSignalImages_big	19	=2130837923
05-24 15:38:56.211: D/StatusBarService(246): sSignalImages_big	20	=2130837984
05-24 15:38:56.211: D/StatusBarService(246): sSignalImages_big	21	=2130837986
05-24 15:38:56.211: D/StatusBarService(246): sSignalImages_big	22	=2130837988
05-24 15:38:56.211: D/StatusBarService(246): sSignalImages_big	23	=2130837990
05-24 15:38:56.211: D/StatusBarService(246): sSignalImages_big	24	=2130837992
05-24 15:38:56.211: D/StatusBarService(246): sSignalImages_big	25	=2130837985
05-24 15:38:56.211: D/StatusBarService(246): sSignalImages_big	26	=2130837987
05-24 15:38:56.211: D/StatusBarService(246): sSignalImages_big	27	=2130837989
05-24 15:38:56.211: D/StatusBarService(246): sSignalImages_big	28	=2130837991
05-24 15:38:56.211: D/StatusBarService(246): sSignalImages_big	29	=2130837993
05-24 15:38:56.211: D/StatusBarService(246): sSignalImages_big	30	=2130837974
05-24 15:38:56.211: D/StatusBarService(246): sSignalImages_big	31	=2130837976
05-24 15:38:56.211: D/StatusBarService(246): sSignalImages_big	32	=2130837978
05-24 15:38:56.211: D/StatusBarService(246): sSignalImages_big	33	=2130837980
05-24 15:38:56.211: D/StatusBarService(246): sSignalImages_big	34	=2130837982
05-24 15:38:56.211: D/StatusBarService(246): sSignalImages_big	35	=2130837975
05-24 15:38:56.211: D/StatusBarService(246): sSignalImages_big	36	=2130837977
05-24 15:38:56.212: D/StatusBarService(246): sSignalImages_big	37	=2130837979
05-24 15:38:56.212: D/StatusBarService(246): sSignalImages_big	38	=2130837981
05-24 15:38:56.212: D/StatusBarService(246): sSignalImages_big	39	=2130837983
05-24 15:38:56.212: D/StatusBarService(246): sSignalImages_big	40	=2130837884
05-24 15:38:56.212: D/StatusBarService(246): sSignalImages_big	41	=2130837886
05-24 15:38:56.212: D/StatusBarService(246): sSignalImages_big	42	=2130837888
05-24 15:38:56.212: D/StatusBarService(246): sSignalImages_big	43	=2130837890
05-24 15:38:56.212: D/StatusBarService(246): zhouhuaguo big_icon==true
05-24 15:38:57.461: D/WifiCommon(181): [wlan0] Issue cmd = 'DRIVER RSSI-APPROX'
05-24 15:38:57.462: D/WifiCommon(181): [wlan0] cmd = 'DRIVER RSSI-APPROX' ==> failed. (ret = 0 or reply='FAIL').
05-24 15:38:57.462: D/WifiCommon(181): [wlan0] Issue cmd = 'DRIVER RSSI'
05-24 15:38:57.464: D/WifiStateTracker(181): requestPolledInfo, newRssi=-40
05-24 15:38:57.464: D/WifiCommon(181): [wlan0] Issue cmd = 'DRIVER LINKSPEED'
05-24 15:38:59.785: D/WarningMessage(1474): TimerTask: ReadCodeTask.run()
05-24 15:38:59.785: D/WarningMessage(1474): sendWarningMessage() called.
05-24 15:38:59.786: D/WarningMessage(1474): line content: 0
05-24 15:38:59.786: D/WarningMessage(1474): notify code is 0
05-24 15:38:59.786: D/WarningMessage(1474): getWarningMessage() called.
05-24 15:39:00.000: V/AlarmManager(181): Checking for alarms... rtc=1369424340000, elapsed=3356143583
05-24 15:39:00.000: V/AlarmManager(181): Checking active alarm when=1369424340000 Alarm{40932428 type 1 android}
05-24 15:39:00.000: V/AlarmManager(181): Alarm triggering: Alarm{40932428 type 1 android}
05-24 15:39:00.000: V/AlarmManager(181): Checking active alarm when=1369497600000 Alarm{40a59040 type 1 android}
05-24 15:39:00.001: V/AlarmManager(181): Native set alarm :Alarm{40a59040 type 1 android}
05-24 15:39:00.001: I/AlarmManager(181): reset poweroff alarm none
05-24 15:39:00.001: V/AlarmManager(181): sending alarm Alarm{40932428 type 1 android}
05-24 15:39:00.001: V/ActivityManager(181): Broadcast: Intent { act=android.intent.action.TIME_TICK flg=0x40000004 (has extras) } ordered=true
05-24 15:39:00.006: D/PowerManagerService(181): acquireWakeLock flags=0x1 tag=AlarmManager
05-24 15:39:00.008: V/AlarmManager(181): set: Alarm{4075c520 type 1 android}
05-24 15:39:00.008: V/AlarmManager(181): Adding alarm Alarm{4075c520 type 1 android} at 0
05-24 15:39:00.008: V/AlarmManager(181): alarms: 2 type: 1
05-24 15:39:00.008: V/AlarmManager(181): 0: May 24 03:40:00 pm android
05-24 15:39:00.008: V/AlarmManager(181): 1: May 25 12:00:00 pm android
05-24 15:39:00.009: V/AlarmManager(181): Native set alarm :Alarm{4075c520 type 1 android}
05-24 15:39:00.011: D/KeyguardUpdateMonitor(181): received broadcast android.intent.action.TIME_TICK
05-24 15:39:00.011: D/KeyguardUpdateMonitor(181): handleTimeUpdate
05-24 15:39:00.125: V/ActivityManager(181): Broadcast: Intent { act=android.intent.action.SEND } ordered=false
05-24 15:39:00.126: D/PowerManagerService(181): KeyguardDoneDrawReceiver onReceive DONE_DRAW
05-24 15:39:00.195: V/ActivityManager(181): Broadcast: Intent { act=android.intent.action.SEND } ordered=false
05-24 15:39:00.197: D/PowerManagerService(181): KeyguardDoneDrawReceiver onReceive DONE_DRAW
05-24 15:39:00.221: D/PowerManagerService(181): releaseWakeLock flags=0x1 tag=AlarmManager
05-24 15:39:00.479: D/WifiCommon(181): [wlan0] Issue cmd = 'DRIVER RSSI-APPROX'
05-24 15:39:00.479: D/WifiCommon(181): [wlan0] cmd = 'DRIVER RSSI-APPROX' ==> failed. (ret = 0 or reply='FAIL').
05-24 15:39:00.479: D/WifiCommon(181): [wlan0] Issue cmd = 'DRIVER RSSI'
05-24 15:39:00.497: D/WifiStateTracker(181): requestPolledInfo, newRssi=-41
05-24 15:39:00.497: D/WifiCommon(181): [wlan0] Issue cmd = 'DRIVER LINKSPEED'
05-24 15:39:03.501: D/WifiCommon(181): [wlan0] Issue cmd = 'DRIVER RSSI-APPROX'
05-24 15:39:03.501: D/WifiCommon(181): [wlan0] cmd = 'DRIVER RSSI-APPROX' ==> failed. (ret = 0 or reply='FAIL').
05-24 15:39:03.501: D/WifiCommon(181): [wlan0] Issue cmd = 'DRIVER RSSI'
05-24 15:39:03.503: D/WifiStateTracker(181): requestPolledInfo, newRssi=-41
05-24 15:39:03.503: D/WifiCommon(181): [wlan0] Issue cmd = 'DRIVER LINKSPEED'
05-24 15:39:05.030: D/OSFileSystem(181): OSFileSystem::open fail : filename==/sys/devices/system/cpu/cpu0/cpufreq/stats/time_in_state, errno=2, err=No such file or directory
05-24 15:39:06.519: D/WifiCommon(181): [wlan0] Issue cmd = 'DRIVER RSSI-APPROX'
05-24 15:39:06.520: D/WifiCommon(181): [wlan0] cmd = 'DRIVER RSSI-APPROX' ==> failed. (ret = 0 or reply='FAIL').
05-24 15:39:06.520: D/WifiCommon(181): [wlan0] Issue cmd = 'DRIVER RSSI'
05-24 15:39:06.522: D/WifiStateTracker(181): requestPolledInfo, newRssi=-37
05-24 15:39:06.522: D/WifiCommon(181): [wlan0] Issue cmd = 'DRIVER LINKSPEED'
05-24 15:39:09.526: D/WifiCommon(181): [wlan0] Issue cmd = 'DRIVER RSSI-APPROX'
05-24 15:39:09.526: D/WifiCommon(181): [wlan0] cmd = 'DRIVER RSSI-APPROX' ==> failed. (ret = 0 or reply='FAIL').
05-24 15:39:09.526: D/WifiCommon(181): [wlan0] Issue cmd = 'DRIVER RSSI'
05-24 15:39:09.528: D/WifiStateTracker(181): requestPolledInfo, newRssi=-37
05-24 15:39:09.528: D/WifiCommon(181): [wlan0] Issue cmd = 'DRIVER LINKSPEED'
05-24 15:39:09.785: D/WarningMessage(1474): TimerTask: ReadCodeTask.run()
05-24 15:39:09.785: D/WarningMessage(1474): sendWarningMessage() called.
05-24 15:39:09.786: D/WarningMessage(1474): line content: 0
05-24 15:39:09.786: D/WarningMessage(1474): notify code is 0
05-24 15:39:09.786: D/WarningMessage(1474): getWarningMessage() called.
05-24 15:39:11.567: V/ActivityManager(181): Broadcast sticky: Intent { act=android.intent.action.SIG_STR (has extras) } ordered=false
05-24 15:39:11.569: D/StatusBarPolicy(246): PhoneStateListener, sim1 on signal strengths changed before.
05-24 15:39:11.572: V/AlarmManager(181): set: Alarm{4075d808 type 2 com.google.android.apps.maps}
05-24 15:39:11.572: V/AlarmManager(181): Adding alarm Alarm{4075d808 type 2 com.google.android.apps.maps} at 5
05-24 15:39:11.572: V/AlarmManager(181): alarms: 6 type: 2
05-24 15:39:11.573: V/AlarmManager(181): 0: Feb 08 03:16:07 pm com.google.android.apps.maps
05-24 15:39:11.573: V/AlarmManager(181): 1: Feb 08 03:20:08 pm com.google.android.location
05-24 15:39:11.573: V/AlarmManager(181): 2: Feb 08 07:00:37 pm android
05-24 15:39:11.573: V/AlarmManager(181): 3: Feb 08 07:46:04 pm android
05-24 15:39:11.573: V/AlarmManager(181): 4: Feb 08 07:51:22 pm com.google.android.apps.maps
05-24 15:39:11.573: V/AlarmManager(181): 5: Jan 21 05:31:41 am com.google.android.apps.maps
05-24 15:39:11.577: D/StatusBarPolicy(246): updateSignalStrength(0), asu is 11
05-24 15:39:11.578: D/BT HS/HF(256): [BT][HFG] [API] mStateReceiver.onReceive(android.intent.action.SIG_STR)
05-24 15:39:11.579: D/StatusBarPolicy(246): networktype=0    simId=0
05-24 15:39:11.579: D/StatusBarPolicy(246): updateSignalStrength(0), setIcon with iconLevel is 3.
05-24 15:39:11.580: D/StatusBarPolicy(246): PhoneStateListener, sim1 on signal strengths changed after.
05-24 15:39:11.581: D/StatusBarService(246): zhouhuaguo icon.iconId =2130837890
05-24 15:39:11.581: D/StatusBarService(246): sSignalImages_big	0	=2130837924
05-24 15:39:11.581: D/StatusBarService(246): sSignalImages_big	1	=2130837926
05-24 15:39:11.581: D/StatusBarService(246): sSignalImages_big	2	=2130837928
05-24 15:39:11.581: D/StatusBarService(246): sSignalImages_big	3	=2130837930
05-24 15:39:11.581: D/StatusBarService(246): sSignalImages_big	4	=2130837932
05-24 15:39:11.581: D/StatusBarService(246): sSignalImages_big	5	=2130837925
05-24 15:39:11.581: D/StatusBarService(246): sSignalImages_big	6	=2130837927
05-24 15:39:11.581: D/StatusBarService(246): sSignalImages_big	7	=2130837929
05-24 15:39:11.581: D/StatusBarService(246): sSignalImages_big	8	=2130837931
05-24 15:39:11.581: D/StatusBarService(246): sSignalImages_big	9	=2130837933
05-24 15:39:11.581: D/StatusBarService(246): sSignalImages_big	10	=2130837914
05-24 15:39:11.581: D/StatusBarService(246): sSignalImages_big	11	=2130837916
05-24 15:39:11.581: D/StatusBarService(246): sSignalImages_big	12	=2130837918
05-24 15:39:11.581: D/StatusBarService(246): sSignalImages_big	13	=2130837920
05-24 15:39:11.581: D/StatusBarService(246): sSignalImages_big	14	=2130837922
05-24 15:39:11.581: D/StatusBarService(246): sSignalImages_big	15	=2130837915
05-24 15:39:11.581: D/StatusBarService(246): sSignalImages_big	16	=2130837917
05-24 15:39:11.581: D/StatusBarService(246): sSignalImages_big	17	=2130837919
05-24 15:39:11.581: D/StatusBarService(246): sSignalImages_big	18	=2130837921
05-24 15:39:11.581: D/StatusBarService(246): sSignalImages_big	19	=2130837923
05-24 15:39:11.582: D/StatusBarService(246): sSignalImages_big	20	=2130837984
05-24 15:39:11.582: D/StatusBarService(246): sSignalImages_big	21	=2130837986
05-24 15:39:11.582: D/StatusBarService(246): sSignalImages_big	22	=2130837988
05-24 15:39:11.582: D/StatusBarService(246): sSignalImages_big	23	=2130837990
05-24 15:39:11.582: D/StatusBarService(246): sSignalImages_big	24	=2130837992
05-24 15:39:11.582: D/StatusBarService(246): sSignalImages_big	25	=2130837985
05-24 15:39:11.582: D/StatusBarService(246): sSignalImages_big	26	=2130837987
05-24 15:39:11.582: D/StatusBarService(246): sSignalImages_big	27	=2130837989
05-24 15:39:11.582: D/StatusBarService(246): sSignalImages_big	28	=2130837991
05-24 15:39:11.582: D/StatusBarService(246): sSignalImages_big	29	=2130837993
05-24 15:39:11.582: D/StatusBarService(246): sSignalImages_big	30	=2130837974
05-24 15:39:11.582: D/StatusBarService(246): sSignalImages_big	31	=2130837976
05-24 15:39:11.582: D/StatusBarService(246): sSignalImages_big	32	=2130837978
05-24 15:39:11.582: D/StatusBarService(246): sSignalImages_big	33	=2130837980
05-24 15:39:11.582: D/StatusBarService(246): sSignalImages_big	34	=2130837982
05-24 15:39:11.582: D/StatusBarService(246): sSignalImages_big	35	=2130837975
05-24 15:39:11.582: D/StatusBarService(246): sSignalImages_big	36	=2130837977
05-24 15:39:11.582: D/StatusBarService(246): sSignalImages_big	37	=2130837979
05-24 15:39:11.582: D/StatusBarService(246): sSignalImages_big	38	=2130837981
05-24 15:39:11.582: D/StatusBarService(246): sSignalImages_big	39	=2130837983
05-24 15:39:11.582: D/StatusBarService(246): sSignalImages_big	40	=2130837884
05-24 15:39:11.583: D/StatusBarService(246): sSignalImages_big	41	=2130837886
05-24 15:39:11.583: D/StatusBarService(246): sSignalImages_big	42	=2130837888
05-24 15:39:11.583: D/StatusBarService(246): sSignalImages_big	43	=2130837890
05-24 15:39:11.583: D/StatusBarService(246): zhouhuaguo big_icon==true
05-24 15:39:12.533: D/WifiCommon(181): [wlan0] Issue cmd = 'DRIVER RSSI-APPROX'
05-24 15:39:12.533: D/WifiCommon(181): [wlan0] cmd = 'DRIVER RSSI-APPROX' ==> failed. (ret = 0 or reply='FAIL').
05-24 15:39:12.533: D/WifiCommon(181): [wlan0] Issue cmd = 'DRIVER RSSI'
05-24 15:39:12.547: D/WifiStateTracker(181): requestPolledInfo, newRssi=-43
05-24 15:39:12.547: D/WifiCommon(181): [wlan0] Issue cmd = 'DRIVER LINKSPEED'
05-24 15:39:15.551: D/WifiCommon(181): [wlan0] Issue cmd = 'DRIVER RSSI-APPROX'
05-24 15:39:15.551: D/WifiCommon(181): [wlan0] cmd = 'DRIVER RSSI-APPROX' ==> failed. (ret = 0 or reply='FAIL').
05-24 15:39:15.551: D/WifiCommon(181): [wlan0] Issue cmd = 'DRIVER RSSI'
05-24 15:39:15.553: D/WifiStateTracker(181): requestPolledInfo, newRssi=-43
05-24 15:39:15.553: D/WifiCommon(181): [wlan0] Issue cmd = 'DRIVER LINKSPEED'
05-24 15:39:18.569: D/WifiCommon(181): [wlan0] Issue cmd = 'DRIVER RSSI-APPROX'
05-24 15:39:18.570: D/WifiCommon(181): [wlan0] cmd = 'DRIVER RSSI-APPROX' ==> failed. (ret = 0 or reply='FAIL').
05-24 15:39:18.570: D/WifiCommon(181): [wlan0] Issue cmd = 'DRIVER RSSI'
05-24 15:39:18.572: D/WifiStateTracker(181): requestPolledInfo, newRssi=-43
05-24 15:39:18.572: D/WifiCommon(181): [wlan0] Issue cmd = 'DRIVER LINKSPEED'
05-24 15:39:19.786: D/WarningMessage(1474): TimerTask: ReadCodeTask.run()
05-24 15:39:19.786: D/WarningMessage(1474): sendWarningMessage() called.
05-24 15:39:19.787: D/WarningMessage(1474): line content: 0
05-24 15:39:19.787: D/WarningMessage(1474): notify code is 0
05-24 15:39:19.787: D/WarningMessage(1474): getWarningMessage() called.
05-24 15:39:21.576: D/WifiCommon(181): [wlan0] Issue cmd = 'DRIVER RSSI-APPROX'
05-24 15:39:21.576: D/WifiCommon(181): [wlan0] cmd = 'DRIVER RSSI-APPROX' ==> failed. (ret = 0 or reply='FAIL').
05-24 15:39:21.576: D/WifiCommon(181): [wlan0] Issue cmd = 'DRIVER RSSI'
05-24 15:39:21.578: D/WifiStateTracker(181): requestPolledInfo, newRssi=-43
05-24 15:39:21.578: D/WifiCommon(181): [wlan0] Issue cmd = 'DRIVER LINKSPEED'
05-24 15:39:24.052: V/AlarmManager(181): Checking for alarms... rtc=1369424364052, elapsed=3356167635
05-24 15:39:24.052: V/AlarmManager(181): Checking active alarm when=3356167635 Alarm{409b5848 type 2 com.google.android.apps.maps}
05-24 15:39:24.052: V/AlarmManager(181): Alarm triggering: Alarm{409b5848 type 2 com.google.android.apps.maps}
05-24 15:39:24.052: V/AlarmManager(181): Checking active alarm when=3356408552 Alarm{40738f38 type 2 com.google.android.location}
05-24 15:39:24.052: V/AlarmManager(181): Adding alarm Alarm{409b5848 type 2 com.google.android.apps.maps} at 1
05-24 15:39:24.053: V/AlarmManager(181): alarms: 6 type: 2
05-24 15:39:24.053: V/AlarmManager(181): 0: Feb 08 03:20:08 pm com.google.android.location
05-24 15:39:24.053: V/AlarmManager(181): 1: Feb 08 03:31:07 pm com.google.android.apps.maps
05-24 15:39:24.053: V/AlarmManager(181): 2: Feb 08 07:00:37 pm android
05-24 15:39:24.053: V/AlarmManager(181): 3: Feb 08 07:46:04 pm android
05-24 15:39:24.054: V/AlarmManager(181): 4: Feb 08 07:51:22 pm com.google.android.apps.maps
05-24 15:39:24.054: V/AlarmManager(181): 5: Jan 21 05:31:41 am com.google.android.apps.maps
05-24 15:39:24.054: V/AlarmManager(181): Native set alarm :Alarm{40738f38 type 2 com.google.android.location}
05-24 15:39:24.054: I/AlarmManager(181): reset poweroff alarm none
05-24 15:39:24.054: V/AlarmManager(181): sending alarm Alarm{409b5848 type 2 com.google.android.apps.maps}
05-24 15:39:24.060: D/PowerManagerService(181): acquireWakeLock flags=0x1 tag=AlarmManager
05-24 15:39:24.061: D/PowerManagerService(181): releaseWakeLock flags=0x1 tag=AlarmManager
05-24 15:39:24.581: D/WifiCommon(181): [wlan0] Issue cmd = 'DRIVER RSSI-APPROX'
05-24 15:39:24.582: D/WifiCommon(181): [wlan0] cmd = 'DRIVER RSSI-APPROX' ==> failed. (ret = 0 or reply='FAIL').
05-24 15:39:24.582: D/WifiCommon(181): [wlan0] Issue cmd = 'DRIVER RSSI'
05-24 15:39:24.597: D/WifiStateTracker(181): requestPolledInfo, newRssi=-38
05-24 15:39:24.597: D/WifiCommon(181): [wlan0] Issue cmd = 'DRIVER LINKSPEED'
05-24 15:39:26.916: V/ActivityManager(181): Broadcast sticky: Intent { act=android.intent.action.SIG_STR (has extras) } ordered=false
05-24 15:39:26.919: D/StatusBarPolicy(246): PhoneStateListener, sim1 on signal strengths changed before.
05-24 15:39:26.921: V/AlarmManager(181): set: Alarm{409bbde0 type 2 com.google.android.apps.maps}
05-24 15:39:26.921: V/AlarmManager(181): Adding alarm Alarm{409bbde0 type 2 com.google.android.apps.maps} at 5
05-24 15:39:26.921: V/AlarmManager(181): alarms: 6 type: 2
05-24 15:39:26.922: V/AlarmManager(181): 0: Feb 08 03:20:08 pm com.google.android.location
05-24 15:39:26.922: V/AlarmManager(181): 1: Feb 08 03:31:07 pm com.google.android.apps.maps
05-24 15:39:26.922: V/AlarmManager(181): 2: Feb 08 07:00:37 pm android
05-24 15:39:26.922: V/AlarmManager(181): 3: Feb 08 07:46:04 pm android
05-24 15:39:26.922: V/AlarmManager(181): 4: Feb 08 07:51:22 pm com.google.android.apps.maps
05-24 15:39:26.922: V/AlarmManager(181): 5: Jan 21 05:31:41 am com.google.android.apps.maps
05-24 15:39:26.926: D/StatusBarPolicy(246): updateSignalStrength(0), asu is 8
05-24 15:39:26.927: D/BT HS/HF(256): [BT][HFG] [API] mStateReceiver.onReceive(android.intent.action.SIG_STR)
05-24 15:39:26.928: D/StatusBarPolicy(246): networktype=0    simId=0
05-24 15:39:26.928: D/StatusBarPolicy(246): updateSignalStrength(0), setIcon with iconLevel is 3.
05-24 15:39:26.929: D/StatusBarPolicy(246): PhoneStateListener, sim1 on signal strengths changed after.
05-24 15:39:26.929: D/StatusBarService(246): zhouhuaguo icon.iconId =2130837890
05-24 15:39:26.929: D/StatusBarService(246): sSignalImages_big	0	=2130837924
05-24 15:39:26.930: D/StatusBarService(246): sSignalImages_big	1	=2130837926
05-24 15:39:26.930: D/StatusBarService(246): sSignalImages_big	2	=2130837928
05-24 15:39:26.930: D/StatusBarService(246): sSignalImages_big	3	=2130837930
05-24 15:39:26.930: D/StatusBarService(246): sSignalImages_big	4	=2130837932
05-24 15:39:26.930: D/StatusBarService(246): sSignalImages_big	5	=2130837925
05-24 15:39:26.930: D/StatusBarService(246): sSignalImages_big	6	=2130837927
05-24 15:39:26.930: D/StatusBarService(246): sSignalImages_big	7	=2130837929
05-24 15:39:26.930: D/StatusBarService(246): sSignalImages_big	8	=2130837931
05-24 15:39:26.930: D/StatusBarService(246): sSignalImages_big	9	=2130837933
05-24 15:39:26.930: D/StatusBarService(246): sSignalImages_big	10	=2130837914
05-24 15:39:26.930: D/StatusBarService(246): sSignalImages_big	11	=2130837916
05-24 15:39:26.930: D/StatusBarService(246): sSignalImages_big	12	=2130837918
05-24 15:39:26.930: D/StatusBarService(246): sSignalImages_big	13	=2130837920
05-24 15:39:26.930: D/StatusBarService(246): sSignalImages_big	14	=2130837922
05-24 15:39:26.930: D/StatusBarService(246): sSignalImages_big	15	=2130837915
05-24 15:39:26.930: D/StatusBarService(246): sSignalImages_big	16	=2130837917
05-24 15:39:26.930: D/StatusBarService(246): sSignalImages_big	17	=2130837919
05-24 15:39:26.930: D/StatusBarService(246): sSignalImages_big	18	=2130837921
05-24 15:39:26.930: D/StatusBarService(246): sSignalImages_big	19	=2130837923
05-24 15:39:26.930: D/StatusBarService(246): sSignalImages_big	20	=2130837984
05-24 15:39:26.930: D/StatusBarService(246): sSignalImages_big	21	=2130837986
05-24 15:39:26.931: D/StatusBarService(246): sSignalImages_big	22	=2130837988
05-24 15:39:26.931: D/StatusBarService(246): sSignalImages_big	23	=2130837990
05-24 15:39:26.931: D/StatusBarService(246): sSignalImages_big	24	=2130837992
05-24 15:39:26.931: D/StatusBarService(246): sSignalImages_big	25	=2130837985
05-24 15:39:26.931: D/StatusBarService(246): sSignalImages_big	26	=2130837987
05-24 15:39:26.931: D/StatusBarService(246): sSignalImages_big	27	=2130837989
05-24 15:39:26.931: D/StatusBarService(246): sSignalImages_big	28	=2130837991
05-24 15:39:26.931: D/StatusBarService(246): sSignalImages_big	29	=2130837993
05-24 15:39:26.931: D/StatusBarService(246): sSignalImages_big	30	=2130837974
05-24 15:39:26.931: D/StatusBarService(246): sSignalImages_big	31	=2130837976
05-24 15:39:26.931: D/StatusBarService(246): sSignalImages_big	32	=2130837978
05-24 15:39:26.931: D/StatusBarService(246): sSignalImages_big	33	=2130837980
05-24 15:39:26.931: D/StatusBarService(246): sSignalImages_big	34	=2130837982
05-24 15:39:26.931: D/StatusBarService(246): sSignalImages_big	35	=2130837975
05-24 15:39:26.931: D/StatusBarService(246): sSignalImages_big	36	=2130837977
05-24 15:39:26.931: D/StatusBarService(246): sSignalImages_big	37	=2130837979
05-24 15:39:26.931: D/StatusBarService(246): sSignalImages_big	38	=2130837981
05-24 15:39:26.931: D/StatusBarService(246): sSignalImages_big	39	=2130837983
05-24 15:39:26.931: D/StatusBarService(246): sSignalImages_big	40	=2130837884
05-24 15:39:26.931: D/StatusBarService(246): sSignalImages_big	41	=2130837886
05-24 15:39:26.931: D/StatusBarService(246): sSignalImages_big	42	=2130837888
05-24 15:39:26.932: D/StatusBarService(246): sSignalImages_big	43	=2130837890
05-24 15:39:26.932: D/StatusBarService(246): zhouhuaguo big_icon==true
05-24 15:39:27.602: D/WifiCommon(181): [wlan0] Issue cmd = 'DRIVER RSSI-APPROX'
05-24 15:39:27.602: D/WifiCommon(181): [wlan0] cmd = 'DRIVER RSSI-APPROX' ==> failed. (ret = 0 or reply='FAIL').
05-24 15:39:27.602: D/WifiCommon(181): [wlan0] Issue cmd = 'DRIVER RSSI'
05-24 15:39:27.604: D/WifiStateTracker(181): requestPolledInfo, newRssi=-38
05-24 15:39:27.604: D/WifiCommon(181): [wlan0] Issue cmd = 'DRIVER LINKSPEED'
05-24 15:39:29.080: D/OSFileSystem(181): OSFileSystem::open fail : filename==/sys/devices/system/cpu/cpu0/cpufreq/stats/time_in_state, errno=2, err=No such file or directory
05-24 15:39:29.786: D/WarningMessage(1474): TimerTask: ReadCodeTask.run()
05-24 15:39:29.786: D/WarningMessage(1474): sendWarningMessage() called.
05-24 15:39:29.787: D/WarningMessage(1474): line content: 0
05-24 15:39:29.787: D/WarningMessage(1474): notify code is 0
05-24 15:39:29.787: D/WarningMessage(1474): getWarningMessage() called.
05-24 15:39:30.609: D/WifiCommon(181): [wlan0] Issue cmd = 'DRIVER RSSI-APPROX'
05-24 15:39:30.609: D/WifiCommon(181): [wlan0] cmd = 'DRIVER RSSI-APPROX' ==> failed. (ret = 0 or reply='FAIL').
05-24 15:39:30.609: D/WifiCommon(181): [wlan0] Issue cmd = 'DRIVER RSSI'
05-24 15:39:30.612: D/WifiStateTracker(181): requestPolledInfo, newRssi=-38
05-24 15:39:30.612: D/WifiCommon(181): [wlan0] Issue cmd = 'DRIVER LINKSPEED'
05-24 15:39:31.982: D/dalvikvm(979): GC_EXPLICIT freed <1K, 36% free 4787K/7367K, external 0K/0K, paused 60ms
05-24 15:39:33.616: D/WifiCommon(181): [wlan0] Issue cmd = 'DRIVER RSSI-APPROX'
05-24 15:39:33.616: D/WifiCommon(181): [wlan0] cmd = 'DRIVER RSSI-APPROX' ==> failed. (ret = 0 or reply='FAIL').
05-24 15:39:33.616: D/WifiCommon(181): [wlan0] Issue cmd = 'DRIVER RSSI'
05-24 15:39:33.618: D/WifiStateTracker(181): requestPolledInfo, newRssi=-38
05-24 15:39:33.618: D/WifiCommon(181): [wlan0] Issue cmd = 'DRIVER LINKSPEED'
05-24 15:39:36.658: D/WifiCommon(181): [wlan0] Issue cmd = 'DRIVER RSSI-APPROX'
05-24 15:39:36.659: D/WifiCommon(181): [wlan0] cmd = 'DRIVER RSSI-APPROX' ==> failed. (ret = 0 or reply='FAIL').
05-24 15:39:36.659: D/WifiCommon(181): [wlan0] Issue cmd = 'DRIVER RSSI'
05-24 15:39:36.677: D/WifiStateTracker(181): requestPolledInfo, newRssi=-39
05-24 15:39:36.677: D/WifiCommon(181): [wlan0] Issue cmd = 'DRIVER LINKSPEED'
05-24 15:39:39.681: D/WifiCommon(181): [wlan0] Issue cmd = 'DRIVER RSSI-APPROX'
05-24 15:39:39.681: D/WifiCommon(181): [wlan0] cmd = 'DRIVER RSSI-APPROX' ==> failed. (ret = 0 or reply='FAIL').
05-24 15:39:39.681: D/WifiCommon(181): [wlan0] Issue cmd = 'DRIVER RSSI'
05-24 15:39:39.683: D/WifiStateTracker(181): requestPolledInfo, newRssi=-39
05-24 15:39:39.683: D/WifiCommon(181): [wlan0] Issue cmd = 'DRIVER LINKSPEED'
05-24 15:39:39.786: D/WarningMessage(1474): TimerTask: ReadCodeTask.run()
05-24 15:39:39.787: D/WarningMessage(1474): sendWarningMessage() called.
05-24 15:39:39.787: D/WarningMessage(1474): line content: 0
05-24 15:39:39.787: D/WarningMessage(1474): notify code is 0
05-24 15:39:39.787: D/WarningMessage(1474): getWarningMessage() called.
05-24 15:39:42.699: D/WifiCommon(181): [wlan0] Issue cmd = 'DRIVER RSSI-APPROX'
05-24 15:39:42.699: D/WifiCommon(181): [wlan0] cmd = 'DRIVER RSSI-APPROX' ==> failed. (ret = 0 or reply='FAIL').
05-24 15:39:42.699: D/WifiCommon(181): [wlan0] Issue cmd = 'DRIVER RSSI'
05-24 15:39:42.717: D/WifiStateTracker(181): requestPolledInfo, newRssi=-39
05-24 15:39:42.717: D/WifiCommon(181): [wlan0] Issue cmd = 'DRIVER LINKSPEED'
05-24 15:39:45.721: D/WifiCommon(181): [wlan0] Issue cmd = 'DRIVER RSSI-APPROX'
05-24 15:39:45.721: D/WifiCommon(181): [wlan0] cmd = 'DRIVER RSSI-APPROX' ==> failed. (ret = 0 or reply='FAIL').
05-24 15:39:45.721: D/WifiCommon(181): [wlan0] Issue cmd = 'DRIVER RSSI'
05-24 15:39:45.723: D/WifiStateTracker(181): requestPolledInfo, newRssi=-39
05-24 15:39:45.723: D/WifiCommon(181): [wlan0] Issue cmd = 'DRIVER LINKSPEED'
05-24 15:39:48.739: D/WifiCommon(181): [wlan0] Issue cmd = 'DRIVER RSSI-APPROX'
05-24 15:39:48.739: D/WifiCommon(181): [wlan0] cmd = 'DRIVER RSSI-APPROX' ==> failed. (ret = 0 or reply='FAIL').
05-24 15:39:48.739: D/WifiCommon(181): [wlan0] Issue cmd = 'DRIVER RSSI'
05-24 15:39:48.757: D/WifiStateTracker(181): requestPolledInfo, newRssi=-39
05-24 15:39:48.757: D/WifiCommon(181): [wlan0] Issue cmd = 'DRIVER LINKSPEED'
05-24 15:39:49.786: D/WarningMessage(1474): TimerTask: ReadCodeTask.run()
05-24 15:39:49.786: D/WarningMessage(1474): sendWarningMessage() called.
05-24 15:39:49.787: D/WarningMessage(1474): line content: 0
05-24 15:39:49.787: D/WarningMessage(1474): notify code is 0
05-24 15:39:49.787: D/WarningMessage(1474): getWarningMessage() called.
05-24 15:39:51.761: D/WifiCommon(181): [wlan0] Issue cmd = 'DRIVER RSSI-APPROX'
05-24 15:39:51.762: D/WifiCommon(181): [wlan0] cmd = 'DRIVER RSSI-APPROX' ==> failed. (ret = 0 or reply='FAIL').
05-24 15:39:51.762: D/WifiCommon(181): [wlan0] Issue cmd = 'DRIVER RSSI'
05-24 15:39:51.764: D/WifiStateTracker(181): requestPolledInfo, newRssi=-39
05-24 15:39:51.764: D/WifiCommon(181): [wlan0] Issue cmd = 'DRIVER LINKSPEED'
05-24 15:39:54.779: D/WifiCommon(181): [wlan0] Issue cmd = 'DRIVER RSSI-APPROX'
05-24 15:39:54.779: D/WifiCommon(181): [wlan0] cmd = 'DRIVER RSSI-APPROX' ==> failed. (ret = 0 or reply='FAIL').
05-24 15:39:54.779: D/WifiCommon(181): [wlan0] Issue cmd = 'DRIVER RSSI'
05-24 15:39:54.797: D/WifiStateTracker(181): requestPolledInfo, newRssi=-40
05-24 15:39:54.797: D/WifiCommon(181): [wlan0] Issue cmd = 'DRIVER LINKSPEED'
05-24 15:39:57.801: D/WifiCommon(181): [wlan0] Issue cmd = 'DRIVER RSSI-APPROX'
05-24 15:39:57.802: D/WifiCommon(181): [wlan0] cmd = 'DRIVER RSSI-APPROX' ==> failed. (ret = 0 or reply='FAIL').
05-24 15:39:57.802: D/WifiCommon(181): [wlan0] Issue cmd = 'DRIVER RSSI'
05-24 15:39:57.803: D/WifiStateTracker(181): requestPolledInfo, newRssi=-40
05-24 15:39:57.803: D/WifiCommon(181): [wlan0] Issue cmd = 'DRIVER LINKSPEED'
05-24 15:39:59.786: D/WarningMessage(1474): TimerTask: ReadCodeTask.run()
05-24 15:39:59.786: D/WarningMessage(1474): sendWarningMessage() called.
05-24 15:39:59.787: D/WarningMessage(1474): line content: 0
05-24 15:39:59.787: D/WarningMessage(1474): notify code is 0
05-24 15:39:59.787: D/WarningMessage(1474): getWarningMessage() called.
05-24 15:40:00.000: V/AlarmManager(181): Checking for alarms... rtc=1369424400000, elapsed=3356203583
05-24 15:40:00.000: V/AlarmManager(181): Checking active alarm when=1369424400000 Alarm{4075c520 type 1 android}
05-24 15:40:00.000: V/AlarmManager(181): Alarm triggering: Alarm{4075c520 type 1 android}
05-24 15:40:00.000: V/AlarmManager(181): Checking active alarm when=1369497600000 Alarm{40a59040 type 1 android}
05-24 15:40:00.001: V/AlarmManager(181): Native set alarm :Alarm{40a59040 type 1 android}
05-24 15:40:00.001: I/AlarmManager(181): reset poweroff alarm none
05-24 15:40:00.001: V/AlarmManager(181): sending alarm Alarm{4075c520 type 1 android}
05-24 15:40:00.001: V/ActivityManager(181): Broadcast: Intent { act=android.intent.action.TIME_TICK flg=0x40000004 (has extras) } ordered=true
05-24 15:40:00.007: D/PowerManagerService(181): acquireWakeLock flags=0x1 tag=AlarmManager
05-24 15:40:00.008: V/AlarmManager(181): set: Alarm{4098f0a0 type 1 android}
05-24 15:40:00.008: V/AlarmManager(181): Adding alarm Alarm{4098f0a0 type 1 android} at 0
05-24 15:40:00.008: V/AlarmManager(181): alarms: 2 type: 1
05-24 15:40:00.008: V/AlarmManager(181): 0: May 24 03:41:00 pm android
05-24 15:40:00.008: V/AlarmManager(181): 1: May 25 12:00:00 pm android
05-24 15:40:00.008: V/AlarmManager(181): Native set alarm :Alarm{4098f0a0 type 1 android}
05-24 15:40:00.010: D/KeyguardUpdateMonitor(181): received broadcast android.intent.action.TIME_TICK
05-24 15:40:00.010: D/KeyguardUpdateMonitor(181): handleTimeUpdate
05-24 15:40:00.147: V/ActivityManager(181): Broadcast: Intent { act=android.intent.action.SEND } ordered=false
05-24 15:40:00.155: D/PowerManagerService(181): KeyguardDoneDrawReceiver onReceive DONE_DRAW
05-24 15:40:00.239: D/PowerManagerService(181): releaseWakeLock flags=0x1 tag=AlarmManager
05-24 15:40:00.242: V/ActivityManager(181): Broadcast: Intent { act=android.intent.action.SEND } ordered=false
05-24 15:40:00.244: D/PowerManagerService(181): KeyguardDoneDrawReceiver onReceive DONE_DRAW
05-24 15:40:00.296: D/dalvikvm(246): GC_CONCURRENT freed 779K, 49% free 3785K/7303K, external 60K/1029K, paused 3ms+7ms
05-24 15:40:00.819: D/WifiCommon(181): [wlan0] Issue cmd = 'DRIVER RSSI-APPROX'
05-24 15:40:00.820: D/WifiCommon(181): [wlan0] cmd = 'DRIVER RSSI-APPROX' ==> failed. (ret = 0 or reply='FAIL').
05-24 15:40:00.820: D/WifiCommon(181): [wlan0] Issue cmd = 'DRIVER RSSI'
05-24 15:40:00.837: D/WifiStateTracker(181): requestPolledInfo, newRssi=-41
05-24 15:40:00.837: D/WifiCommon(181): [wlan0] Issue cmd = 'DRIVER LINKSPEED'
05-24 15:40:03.841: D/WifiCommon(181): [wlan0] Issue cmd = 'DRIVER RSSI-APPROX'
05-24 15:40:03.842: D/WifiCommon(181): [wlan0] cmd = 'DRIVER RSSI-APPROX' ==> failed. (ret = 0 or reply='FAIL').
05-24 15:40:03.842: D/WifiCommon(181): [wlan0] Issue cmd = 'DRIVER RSSI'
05-24 15:40:03.844: D/WifiStateTracker(181): requestPolledInfo, newRssi=-41
05-24 15:40:03.844: D/WifiCommon(181): [wlan0] Issue cmd = 'DRIVER LINKSPEED'
05-24 15:40:05.029: D/OSFileSystem(181): OSFileSystem::open fail : filename==/sys/devices/system/cpu/cpu0/cpufreq/stats/time_in_state, errno=2, err=No such file or directory
05-24 15:40:06.859: D/WifiCommon(181): [wlan0] Issue cmd = 'DRIVER RSSI-APPROX'
05-24 15:40:06.859: D/WifiCommon(181): [wlan0] cmd = 'DRIVER RSSI-APPROX' ==> failed. (ret = 0 or reply='FAIL').
05-24 15:40:06.859: D/WifiCommon(181): [wlan0] Issue cmd = 'DRIVER RSSI'
05-24 15:40:06.861: D/WifiStateTracker(181): requestPolledInfo, newRssi=-46
05-24 15:40:06.862: D/WifiCommon(181): [wlan0] Issue cmd = 'DRIVER LINKSPEED'
05-24 15:40:09.787: D/WarningMessage(1474): TimerTask: ReadCodeTask.run()
05-24 15:40:09.787: D/WarningMessage(1474): sendWarningMessage() called.
05-24 15:40:09.787: D/WarningMessage(1474): line content: 0
05-24 15:40:09.787: D/WarningMessage(1474): notify code is 0
05-24 15:40:09.788: D/WarningMessage(1474): getWarningMessage() called.
05-24 15:40:09.864: D/WifiCommon(181): [wlan0] Issue cmd = 'DRIVER RSSI-APPROX'
05-24 15:40:09.865: D/WifiCommon(181): [wlan0] cmd = 'DRIVER RSSI-APPROX' ==> failed. (ret = 0 or reply='FAIL').
05-24 15:40:09.865: D/WifiCommon(181): [wlan0] Issue cmd = 'DRIVER RSSI'
05-24 15:40:09.867: D/WifiStateTracker(181): requestPolledInfo, newRssi=-46
05-24 15:40:09.867: D/WifiCommon(181): [wlan0] Issue cmd = 'DRIVER LINKSPEED'
05-24 15:40:12.871: D/WifiCommon(181): [wlan0] Issue cmd = 'DRIVER RSSI-APPROX'
05-24 15:40:12.872: D/WifiCommon(181): [wlan0] cmd = 'DRIVER RSSI-APPROX' ==> failed. (ret = 0 or reply='FAIL').
05-24 15:40:12.872: D/WifiCommon(181): [wlan0] Issue cmd = 'DRIVER RSSI'
05-24 15:40:12.887: D/WifiStateTracker(181): requestPolledInfo, newRssi=-45
05-24 15:40:12.887: D/WifiCommon(181): [wlan0] Issue cmd = 'DRIVER LINKSPEED'
05-24 15:40:12.996: V/ActivityManager(181): Broadcast sticky: Intent { act=android.intent.action.SIG_STR (has extras) } ordered=false
05-24 15:40:12.999: D/StatusBarPolicy(246): PhoneStateListener, sim1 on signal strengths changed before.
05-24 15:40:13.001: V/AlarmManager(181): set: Alarm{40995608 type 2 com.google.android.apps.maps}
05-24 15:40:13.001: V/AlarmManager(181): Adding alarm Alarm{40995608 type 2 com.google.android.apps.maps} at 5
05-24 15:40:13.001: V/AlarmManager(181): alarms: 6 type: 2
05-24 15:40:13.001: V/AlarmManager(181): 0: Feb 08 03:20:08 pm com.google.android.location
05-24 15:40:13.002: V/AlarmManager(181): 1: Feb 08 03:31:07 pm com.google.android.apps.maps
05-24 15:40:13.002: V/AlarmManager(181): 2: Feb 08 07:00:37 pm android
05-24 15:40:13.002: V/AlarmManager(181): 3: Feb 08 07:46:04 pm android
05-24 15:40:13.002: V/AlarmManager(181): 4: Feb 08 07:51:22 pm com.google.android.apps.maps
05-24 15:40:13.002: V/AlarmManager(181): 5: Jan 21 05:31:41 am com.google.android.apps.maps
05-24 15:40:13.005: D/StatusBarPolicy(246): updateSignalStrength(0), asu is 11
05-24 15:40:13.007: D/BT HS/HF(256): [BT][HFG] [API] mStateReceiver.onReceive(android.intent.action.SIG_STR)
05-24 15:40:13.008: D/StatusBarPolicy(246): networktype=0    simId=0
05-24 15:40:13.008: D/StatusBarPolicy(246): updateSignalStrength(0), setIcon with iconLevel is 3.
05-24 15:40:13.009: D/StatusBarPolicy(246): PhoneStateListener, sim1 on signal strengths changed after.
05-24 15:40:13.009: D/StatusBarService(246): zhouhuaguo icon.iconId =2130837890
05-24 15:40:13.010: D/StatusBarService(246): sSignalImages_big	0	=2130837924
05-24 15:40:13.010: D/StatusBarService(246): sSignalImages_big	1	=2130837926
05-24 15:40:13.010: D/StatusBarService(246): sSignalImages_big	2	=2130837928
05-24 15:40:13.010: D/StatusBarService(246): sSignalImages_big	3	=2130837930
05-24 15:40:13.010: D/StatusBarService(246): sSignalImages_big	4	=2130837932
05-24 15:40:13.010: D/StatusBarService(246): sSignalImages_big	5	=2130837925
05-24 15:40:13.010: D/StatusBarService(246): sSignalImages_big	6	=2130837927
05-24 15:40:13.010: D/StatusBarService(246): sSignalImages_big	7	=2130837929
05-24 15:40:13.010: D/StatusBarService(246): sSignalImages_big	8	=2130837931
05-24 15:40:13.010: D/StatusBarService(246): sSignalImages_big	9	=2130837933
05-24 15:40:13.010: D/StatusBarService(246): sSignalImages_big	10	=2130837914
05-24 15:40:13.010: D/StatusBarService(246): sSignalImages_big	11	=2130837916
05-24 15:40:13.010: D/StatusBarService(246): sSignalImages_big	12	=2130837918
05-24 15:40:13.010: D/StatusBarService(246): sSignalImages_big	13	=2130837920
05-24 15:40:13.010: D/StatusBarService(246): sSignalImages_big	14	=2130837922
05-24 15:40:13.010: D/StatusBarService(246): sSignalImages_big	15	=2130837915
05-24 15:40:13.010: D/StatusBarService(246): sSignalImages_big	16	=2130837917
05-24 15:40:13.010: D/StatusBarService(246): sSignalImages_big	17	=2130837919
05-24 15:40:13.010: D/StatusBarService(246): sSignalImages_big	18	=2130837921
05-24 15:40:13.010: D/StatusBarService(246): sSignalImages_big	19	=2130837923
05-24 15:40:13.011: D/StatusBarService(246): sSignalImages_big	20	=2130837984
05-24 15:40:13.011: D/StatusBarService(246): sSignalImages_big	21	=2130837986
05-24 15:40:13.011: D/StatusBarService(246): sSignalImages_big	22	=2130837988
05-24 15:40:13.011: D/StatusBarService(246): sSignalImages_big	23	=2130837990
05-24 15:40:13.011: D/StatusBarService(246): sSignalImages_big	24	=2130837992
05-24 15:40:13.011: D/StatusBarService(246): sSignalImages_big	25	=2130837985
05-24 15:40:13.011: D/StatusBarService(246): sSignalImages_big	26	=2130837987
05-24 15:40:13.011: D/StatusBarService(246): sSignalImages_big	27	=2130837989
05-24 15:40:13.011: D/StatusBarService(246): sSignalImages_big	28	=2130837991
05-24 15:40:13.011: D/StatusBarService(246): sSignalImages_big	29	=2130837993
05-24 15:40:13.011: D/StatusBarService(246): sSignalImages_big	30	=2130837974
05-24 15:40:13.011: D/StatusBarService(246): sSignalImages_big	31	=2130837976
05-24 15:40:13.011: D/StatusBarService(246): sSignalImages_big	32	=2130837978
05-24 15:40:13.011: D/StatusBarService(246): sSignalImages_big	33	=2130837980
05-24 15:40:13.011: D/StatusBarService(246): sSignalImages_big	34	=2130837982
