05-24 15:44:13.650: D/StatusBarService(246): sSignalImages_big	16	=2130837917
05-24 15:44:13.650: D/StatusBarService(246): sSignalImages_big	17	=2130837919
05-24 15:44:13.650: D/StatusBarService(246): sSignalImages_big	18	=2130837921
05-24 15:44:13.650: D/StatusBarService(246): sSignalImages_big	19	=2130837923
05-24 15:44:13.650: D/StatusBarService(246): sSignalImages_big	20	=2130837984
05-24 15:44:13.650: D/StatusBarService(246): sSignalImages_big	21	=2130837986
05-24 15:44:13.650: D/StatusBarService(246): sSignalImages_big	22	=2130837988
05-24 15:44:13.650: D/StatusBarService(246): sSignalImages_big	23	=2130837990
05-24 15:44:13.650: D/StatusBarService(246): sSignalImages_big	24	=2130837992
05-24 15:44:13.650: D/StatusBarService(246): sSignalImages_big	25	=2130837985
05-24 15:44:13.650: D/StatusBarService(246): sSignalImages_big	26	=2130837987
05-24 15:44:13.650: D/StatusBarService(246): sSignalImages_big	27	=2130837989
05-24 15:44:13.650: D/StatusBarService(246): sSignalImages_big	28	=2130837991
05-24 15:44:13.650: D/StatusBarService(246): sSignalImages_big	29	=2130837993
05-24 15:44:13.650: D/StatusBarService(246): sSignalImages_big	30	=2130837974
05-24 15:44:13.650: D/StatusBarService(246): sSignalImages_big	31	=2130837976
05-24 15:44:13.650: D/StatusBarService(246): sSignalImages_big	32	=2130837978
05-24 15:44:13.650: D/StatusBarService(246): sSignalImages_big	33	=2130837980
05-24 15:44:13.651: D/StatusBarService(246): sSignalImages_big	34	=2130837982
05-24 15:44:13.651: D/StatusBarService(246): sSignalImages_big	35	=2130837975
05-24 15:44:13.651: D/StatusBarService(246): sSignalImages_big	36	=2130837977
05-24 15:44:13.651: D/StatusBarService(246): sSignalImages_big	37	=2130837979
05-24 15:44:13.651: D/StatusBarService(246): sSignalImages_big	38	=2130837981
05-24 15:44:13.651: D/StatusBarService(246): sSignalImages_big	39	=2130837983
05-24 15:44:13.651: D/StatusBarService(246): sSignalImages_big	40	=2130837884
05-24 15:44:13.651: D/StatusBarService(246): sSignalImages_big	41	=2130837886
05-24 15:44:13.651: D/StatusBarService(246): sSignalImages_big	42	=2130837888
05-24 15:44:13.651: D/StatusBarService(246): sSignalImages_big	43	=2130837890
05-24 15:44:13.651: D/StatusBarService(246): zhouhuaguo big_icon==true
05-24 15:44:13.915: V/ActivityManager(181): Broadcast sticky: Intent { act=android.intent.action.BATTERY_CHANGED flg=0x60000000 (has extras) } ordered=false
05-24 15:44:13.918: D/KeyguardUpdateMonitor(181): received broadcast android.intent.action.BATTERY_CHANGED
05-24 15:44:13.919: D/KeyguardUpdateMonitor(181): ACTION_BATTERY_CHANGED, pluggedInStatus=5, batteryLevel=100
05-24 15:44:13.919: D/WifiService(181): onReceive, action=android.intent.action.BATTERY_CHANGED
05-24 15:44:13.919: D/WifiService(181): ACTION_BATTERY_CHANGED pluggedType: 2
05-24 15:44:13.921: D/KeyguardUpdateMonitor(181): handleBatteryUpdate
05-24 15:44:13.921: D/WifiService(181): doUpdateWifiState, mDisableByWifiManager=false, wifiEnabled=true
05-24 15:44:13.922: D/PowerManagerService(181): acquireWakeLock flags=0x1 tag=*wifi*
05-24 15:44:13.922: D/WifiService(181): setWifiEnabledBlocking, enable=true, persist=false, uid=1000
05-24 15:44:13.922: D/WifiStateTracker(181): restart, mConnectingSupplicant=false
05-24 15:44:13.922: D/PowerManagerService(181): releaseWakeLock flags=0x1 tag=*wifi*
05-24 15:44:13.923: D/BT HS/HF(256): [BT][HFG] [API] mStateReceiver.onReceive(android.intent.action.BATTERY_CHANGED)
05-24 15:44:13.924: D/BT HS/HF(256): [BT][HFG] [API] updateBatteryState
05-24 15:44:13.926: D/StatusBarService(246): zhouhuaguo icon.iconId =17302217
05-24 15:44:14.351: D/WifiCommon(181): [wlan0] Issue cmd = 'DRIVER RSSI-APPROX'
05-24 15:44:14.351: D/WifiCommon(181): [wlan0] cmd = 'DRIVER RSSI-APPROX' ==> failed. (ret = 0 or reply='FAIL').
05-24 15:44:14.351: D/WifiCommon(181): [wlan0] Issue cmd = 'DRIVER RSSI'
05-24 15:44:14.367: D/WifiStateTracker(181): requestPolledInfo, newRssi=-46
05-24 15:44:14.367: D/WifiCommon(181): [wlan0] Issue cmd = 'DRIVER LINKSPEED'
05-24 15:44:17.372: D/WifiCommon(181): [wlan0] Issue cmd = 'DRIVER RSSI-APPROX'
05-24 15:44:17.372: D/WifiCommon(181): [wlan0] cmd = 'DRIVER RSSI-APPROX' ==> failed. (ret = 0 or reply='FAIL').
05-24 15:44:17.372: D/WifiCommon(181): [wlan0] Issue cmd = 'DRIVER RSSI'
05-24 15:44:17.374: D/WifiStateTracker(181): requestPolledInfo, newRssi=-46
05-24 15:44:17.374: D/WifiCommon(181): [wlan0] Issue cmd = 'DRIVER LINKSPEED'
05-24 15:44:18.757: V/ActivityManager(181): Broadcast sticky: Intent { act=android.intent.action.SIG_STR (has extras) } ordered=false
05-24 15:44:18.759: D/StatusBarPolicy(246): PhoneStateListener, sim1 on signal strengths changed before.
05-24 15:44:18.761: V/AlarmManager(181): set: Alarm{40a38920 type 2 com.google.android.apps.maps}
05-24 15:44:18.761: V/AlarmManager(181): Adding alarm Alarm{40a38920 type 2 com.google.android.apps.maps} at 5
05-24 15:44:18.761: V/AlarmManager(181): alarms: 6 type: 2
05-24 15:44:18.762: V/AlarmManager(181): 0: Feb 08 03:30:08 pm com.google.android.location
05-24 15:44:18.762: V/AlarmManager(181): 1: Feb 08 03:31:07 pm com.google.android.apps.maps
05-24 15:44:18.762: V/AlarmManager(181): 2: Feb 08 07:00:37 pm android
05-24 15:44:18.762: V/AlarmManager(181): 3: Feb 08 07:46:04 pm android
05-24 15:44:18.762: V/AlarmManager(181): 4: Feb 08 07:51:22 pm com.google.android.apps.maps
05-24 15:44:18.762: V/AlarmManager(181): 5: Jan 21 05:31:41 am com.google.android.apps.maps
05-24 15:44:18.766: D/StatusBarPolicy(246): updateSignalStrength(0), asu is 11
05-24 15:44:18.767: D/BT HS/HF(256): [BT][HFG] [API] mStateReceiver.onReceive(android.intent.action.SIG_STR)
05-24 15:44:18.769: D/StatusBarPolicy(246): networktype=0    simId=0
05-24 15:44:18.769: D/StatusBarPolicy(246): updateSignalStrength(0), setIcon with iconLevel is 3.
05-24 15:44:18.770: D/StatusBarPolicy(246): PhoneStateListener, sim1 on signal strengths changed after.
05-24 15:44:18.770: D/StatusBarService(246): zhouhuaguo icon.iconId =2130837890
05-24 15:44:18.770: D/StatusBarService(246): sSignalImages_big	0	=2130837924
05-24 15:44:18.770: D/StatusBarService(246): sSignalImages_big	1	=2130837926
05-24 15:44:18.770: D/StatusBarService(246): sSignalImages_big	2	=2130837928
05-24 15:44:18.770: D/StatusBarService(246): sSignalImages_big	3	=2130837930
05-24 15:44:18.770: D/StatusBarService(246): sSignalImages_big	4	=2130837932
05-24 15:44:18.770: D/StatusBarService(246): sSignalImages_big	5	=2130837925
05-24 15:44:18.770: D/StatusBarService(246): sSignalImages_big	6	=2130837927
05-24 15:44:18.770: D/StatusBarService(246): sSignalImages_big	7	=2130837929
05-24 15:44:18.770: D/StatusBarService(246): sSignalImages_big	8	=2130837931
05-24 15:44:18.771: D/StatusBarService(246): sSignalImages_big	9	=2130837933
05-24 15:44:18.771: D/StatusBarService(246): sSignalImages_big	10	=2130837914
05-24 15:44:18.771: D/StatusBarService(246): sSignalImages_big	11	=2130837916
05-24 15:44:18.771: D/StatusBarService(246): sSignalImages_big	12	=2130837918
05-24 15:44:18.771: D/StatusBarService(246): sSignalImages_big	13	=2130837920
05-24 15:44:18.771: D/StatusBarService(246): sSignalImages_big	14	=2130837922
05-24 15:44:18.771: D/StatusBarService(246): sSignalImages_big	15	=2130837915
05-24 15:44:18.771: D/StatusBarService(246): sSignalImages_big	16	=2130837917
05-24 15:44:18.771: D/StatusBarService(246): sSignalImages_big	17	=2130837919
05-24 15:44:18.771: D/StatusBarService(246): sSignalImages_big	18	=2130837921
05-24 15:44:18.771: D/StatusBarService(246): sSignalImages_big	19	=2130837923
05-24 15:44:18.771: D/StatusBarService(246): sSignalImages_big	20	=2130837984
05-24 15:44:18.771: D/StatusBarService(246): sSignalImages_big	21	=2130837986
05-24 15:44:18.771: D/StatusBarService(246): sSignalImages_big	22	=2130837988
05-24 15:44:18.771: D/StatusBarService(246): sSignalImages_big	23	=2130837990
05-24 15:44:18.771: D/StatusBarService(246): sSignalImages_big	24	=2130837992
05-24 15:44:18.771: D/StatusBarService(246): sSignalImages_big	25	=2130837985
05-24 15:44:18.771: D/StatusBarService(246): sSignalImages_big	26	=2130837987
05-24 15:44:18.771: D/StatusBarService(246): sSignalImages_big	27	=2130837989
05-24 15:44:18.771: D/StatusBarService(246): sSignalImages_big	28	=2130837991
05-24 15:44:18.772: D/StatusBarService(246): sSignalImages_big	29	=2130837993
05-24 15:44:18.772: D/StatusBarService(246): sSignalImages_big	30	=2130837974
05-24 15:44:18.772: D/StatusBarService(246): sSignalImages_big	31	=2130837976
05-24 15:44:18.772: D/StatusBarService(246): sSignalImages_big	32	=2130837978
05-24 15:44:18.772: D/StatusBarService(246): sSignalImages_big	33	=2130837980
05-24 15:44:18.772: D/StatusBarService(246): sSignalImages_big	34	=2130837982
05-24 15:44:18.772: D/StatusBarService(246): sSignalImages_big	35	=2130837975
05-24 15:44:18.772: D/StatusBarService(246): sSignalImages_big	36	=2130837977
05-24 15:44:18.772: D/StatusBarService(246): sSignalImages_big	37	=2130837979
05-24 15:44:18.772: D/StatusBarService(246): sSignalImages_big	38	=2130837981
05-24 15:44:18.772: D/StatusBarService(246): sSignalImages_big	39	=2130837983
05-24 15:44:18.772: D/StatusBarService(246): sSignalImages_big	40	=2130837884
05-24 15:44:18.772: D/StatusBarService(246): sSignalImages_big	41	=2130837886
05-24 15:44:18.772: D/StatusBarService(246): sSignalImages_big	42	=2130837888
05-24 15:44:18.772: D/StatusBarService(246): sSignalImages_big	43	=2130837890
05-24 15:44:18.772: D/StatusBarService(246): zhouhuaguo big_icon==true
05-24 15:44:18.940: D/OSFileSystem(181): OSFileSystem::open fail : filename==/sys/devices/system/cpu/cpu0/cpufreq/stats/time_in_state, errno=2, err=No such file or directory
05-24 15:44:19.792: D/WarningMessage(1474): TimerTask: ReadCodeTask.run()
05-24 15:44:19.792: D/WarningMessage(1474): sendWarningMessage() called.
05-24 15:44:19.793: D/WarningMessage(1474): line content: 0
05-24 15:44:19.793: D/WarningMessage(1474): notify code is 0
05-24 15:44:19.793: D/WarningMessage(1474): getWarningMessage() called.
05-24 15:44:20.379: D/WifiCommon(181): [wlan0] Issue cmd = 'DRIVER RSSI-APPROX'
05-24 15:44:20.379: D/WifiCommon(181): [wlan0] cmd = 'DRIVER RSSI-APPROX' ==> failed. (ret = 0 or reply='FAIL').
05-24 15:44:20.379: D/WifiCommon(181): [wlan0] Issue cmd = 'DRIVER RSSI'
05-24 15:44:20.382: D/WifiStateTracker(181): requestPolledInfo, newRssi=-45
05-24 15:44:20.382: D/WifiCommon(181): [wlan0] Issue cmd = 'DRIVER LINKSPEED'
05-24 15:44:23.386: D/WifiCommon(181): [wlan0] Issue cmd = 'DRIVER RSSI-APPROX'
05-24 15:44:23.386: D/WifiCommon(181): [wlan0] cmd = 'DRIVER RSSI-APPROX' ==> failed. (ret = 0 or reply='FAIL').
05-24 15:44:23.386: D/WifiCommon(181): [wlan0] Issue cmd = 'DRIVER RSSI'
05-24 15:44:23.388: D/WifiStateTracker(181): requestPolledInfo, newRssi=-45
05-24 15:44:23.388: D/WifiCommon(181): [wlan0] Issue cmd = 'DRIVER LINKSPEED'
05-24 15:44:26.408: D/WifiCommon(181): [wlan0] Issue cmd = 'DRIVER RSSI-APPROX'
05-24 15:44:26.408: D/WifiCommon(181): [wlan0] cmd = 'DRIVER RSSI-APPROX' ==> failed. (ret = 0 or reply='FAIL').
05-24 15:44:26.408: D/WifiCommon(181): [wlan0] Issue cmd = 'DRIVER RSSI'
05-24 15:44:26.411: D/WifiStateTracker(181): requestPolledInfo, newRssi=-45
05-24 15:44:26.411: D/WifiCommon(181): [wlan0] Issue cmd = 'DRIVER LINKSPEED'
05-24 15:44:29.415: D/WifiCommon(181): [wlan0] Issue cmd = 'DRIVER RSSI-APPROX'
05-24 15:44:29.415: D/WifiCommon(181): [wlan0] cmd = 'DRIVER RSSI-APPROX' ==> failed. (ret = 0 or reply='FAIL').
05-24 15:44:29.415: D/WifiCommon(181): [wlan0] Issue cmd = 'DRIVER RSSI'
05-24 15:44:29.417: D/WifiStateTracker(181): requestPolledInfo, newRssi=-45
05-24 15:44:29.417: D/WifiCommon(181): [wlan0] Issue cmd = 'DRIVER LINKSPEED'
05-24 15:44:29.793: D/WarningMessage(1474): TimerTask: ReadCodeTask.run()
05-24 15:44:29.793: D/WarningMessage(1474): sendWarningMessage() called.
05-24 15:44:29.793: D/WarningMessage(1474): line content: 0
05-24 15:44:29.793: D/WarningMessage(1474): notify code is 0
05-24 15:44:29.794: D/WarningMessage(1474): getWarningMessage() called.
05-24 15:44:32.422: D/WifiCommon(181): [wlan0] Issue cmd = 'DRIVER RSSI-APPROX'
05-24 15:44:32.422: D/WifiCommon(181): [wlan0] cmd = 'DRIVER RSSI-APPROX' ==> failed. (ret = 0 or reply='FAIL').
05-24 15:44:32.422: D/WifiCommon(181): [wlan0] Issue cmd = 'DRIVER RSSI'
05-24 15:44:32.437: D/WifiStateTracker(181): requestPolledInfo, newRssi=-47
05-24 15:44:32.437: D/WifiCommon(181): [wlan0] Issue cmd = 'DRIVER LINKSPEED'
05-24 15:44:35.441: D/WifiCommon(181): [wlan0] Issue cmd = 'DRIVER RSSI-APPROX'
05-24 15:44:35.442: D/WifiCommon(181): [wlan0] cmd = 'DRIVER RSSI-APPROX' ==> failed. (ret = 0 or reply='FAIL').
05-24 15:44:35.442: D/WifiCommon(181): [wlan0] Issue cmd = 'DRIVER RSSI'
05-24 15:44:35.444: D/WifiStateTracker(181): requestPolledInfo, newRssi=-47
05-24 15:44:35.444: D/WifiCommon(181): [wlan0] Issue cmd = 'DRIVER LINKSPEED'
05-24 15:44:38.459: D/WifiCommon(181): [wlan0] Issue cmd = 'DRIVER RSSI-APPROX'
05-24 15:44:38.459: D/WifiCommon(181): [wlan0] cmd = 'DRIVER RSSI-APPROX' ==> failed. (ret = 0 or reply='FAIL').
05-24 15:44:38.459: D/WifiCommon(181): [wlan0] Issue cmd = 'DRIVER RSSI'
05-24 15:44:38.477: D/WifiStateTracker(181): requestPolledInfo, newRssi=-46
05-24 15:44:38.477: D/WifiCommon(181): [wlan0] Issue cmd = 'DRIVER LINKSPEED'
05-24 15:44:39.793: D/WarningMessage(1474): TimerTask: ReadCodeTask.run()
05-24 15:44:39.793: D/WarningMessage(1474): sendWarningMessage() called.
05-24 15:44:39.794: D/WarningMessage(1474): line content: 0
05-24 15:44:39.794: D/WarningMessage(1474): notify code is 0
05-24 15:44:39.794: D/WarningMessage(1474): getWarningMessage() called.
05-24 15:44:41.481: D/WifiCommon(181): [wlan0] Issue cmd = 'DRIVER RSSI-APPROX'
05-24 15:44:41.481: D/WifiCommon(181): [wlan0] cmd = 'DRIVER RSSI-APPROX' ==> failed. (ret = 0 or reply='FAIL').
05-24 15:44:41.481: D/WifiCommon(181): [wlan0] Issue cmd = 'DRIVER RSSI'
05-24 15:44:41.483: D/WifiStateTracker(181): requestPolledInfo, newRssi=-46
05-24 15:44:41.483: D/WifiCommon(181): [wlan0] Issue cmd = 'DRIVER LINKSPEED'
05-24 15:44:44.496: D/WifiCommon(181): [wlan0] Issue cmd = 'DRIVER RSSI-APPROX'
05-24 15:44:44.496: D/WifiCommon(181): [wlan0] cmd = 'DRIVER RSSI-APPROX' ==> failed. (ret = 0 or reply='FAIL').
05-24 15:44:44.496: D/WifiCommon(181): [wlan0] Issue cmd = 'DRIVER RSSI'
05-24 15:44:44.536: D/WifiStateTracker(181): requestPolledInfo, newRssi=-47
05-24 15:44:44.536: D/WifiCommon(181): [wlan0] Issue cmd = 'DRIVER LINKSPEED'
05-24 15:44:47.540: D/WifiCommon(181): [wlan0] Issue cmd = 'DRIVER RSSI-APPROX'
05-24 15:44:47.541: D/WifiCommon(181): [wlan0] cmd = 'DRIVER RSSI-APPROX' ==> failed. (ret = 0 or reply='FAIL').
05-24 15:44:47.541: D/WifiCommon(181): [wlan0] Issue cmd = 'DRIVER RSSI'
05-24 15:44:47.543: D/WifiStateTracker(181): requestPolledInfo, newRssi=-47
05-24 15:44:47.543: D/WifiCommon(181): [wlan0] Issue cmd = 'DRIVER LINKSPEED'
05-24 15:44:49.793: D/WarningMessage(1474): TimerTask: ReadCodeTask.run()
05-24 15:44:49.793: D/WarningMessage(1474): sendWarningMessage() called.
05-24 15:44:49.794: D/WarningMessage(1474): line content: 0
05-24 15:44:49.795: D/WarningMessage(1474): notify code is 0
05-24 15:44:49.795: D/WarningMessage(1474): getWarningMessage() called.
05-24 15:44:50.559: D/WifiCommon(181): [wlan0] Issue cmd = 'DRIVER RSSI-APPROX'
05-24 15:44:50.560: D/WifiCommon(181): [wlan0] cmd = 'DRIVER RSSI-APPROX' ==> failed. (ret = 0 or reply='FAIL').
05-24 15:44:50.560: D/WifiCommon(181): [wlan0] Issue cmd = 'DRIVER RSSI'
05-24 15:44:50.577: D/WifiStateTracker(181): requestPolledInfo, newRssi=-44
05-24 15:44:50.578: D/WifiCommon(181): [wlan0] Issue cmd = 'DRIVER LINKSPEED'
05-24 15:44:53.581: D/WifiCommon(181): [wlan0] Issue cmd = 'DRIVER RSSI-APPROX'
05-24 15:44:53.581: D/WifiCommon(181): [wlan0] cmd = 'DRIVER RSSI-APPROX' ==> failed. (ret = 0 or reply='FAIL').
05-24 15:44:53.581: D/WifiCommon(181): [wlan0] Issue cmd = 'DRIVER RSSI'
05-24 15:44:53.583: D/WifiStateTracker(181): requestPolledInfo, newRssi=-44
05-24 15:44:53.583: D/WifiCommon(181): [wlan0] Issue cmd = 'DRIVER LINKSPEED'
05-24 15:44:53.961: V/ActivityManager(181): Broadcast sticky: Intent { act=android.intent.action.BATTERY_CHANGED flg=0x60000000 (has extras) } ordered=false
05-24 15:44:53.965: D/KeyguardUpdateMonitor(181): received broadcast android.intent.action.BATTERY_CHANGED
05-24 15:44:53.965: D/KeyguardUpdateMonitor(181): ACTION_BATTERY_CHANGED, pluggedInStatus=5, batteryLevel=100
05-24 15:44:53.965: D/WifiService(181): onReceive, action=android.intent.action.BATTERY_CHANGED
05-24 15:44:53.965: D/WifiService(181): ACTION_BATTERY_CHANGED pluggedType: 2
05-24 15:44:53.967: D/KeyguardUpdateMonitor(181): handleBatteryUpdate
05-24 15:44:53.968: D/WifiService(181): doUpdateWifiState, mDisableByWifiManager=false, wifiEnabled=true
05-24 15:44:53.968: D/PowerManagerService(181): acquireWakeLock flags=0x1 tag=*wifi*
05-24 15:44:53.968: D/WifiService(181): setWifiEnabledBlocking, enable=true, persist=false, uid=1000
05-24 15:44:53.969: D/WifiStateTracker(181): restart, mConnectingSupplicant=false
05-24 15:44:53.969: D/PowerManagerService(181): releaseWakeLock flags=0x1 tag=*wifi*
05-24 15:44:53.970: D/BT HS/HF(256): [BT][HFG] [API] mStateReceiver.onReceive(android.intent.action.BATTERY_CHANGED)
05-24 15:44:53.970: D/BT HS/HF(256): [BT][HFG] [API] updateBatteryState
05-24 15:44:53.972: D/StatusBarService(246): zhouhuaguo icon.iconId =17302217
05-24 15:44:54.302: D/AndroidRuntime(15184): >>>>>> AndroidRuntime START com.android.internal.os.RuntimeInit <<<<<<
05-24 15:44:54.302: D/AndroidRuntime(15184): CheckJNI is OFF
05-24 15:44:54.302: D/AndroidRuntime(15184): language=-Duser.language=en region=-Duser.region=US
05-24 15:44:54.536: D/OSFileSystem(15184): OSFileSystem::open fail : filename==/system/lib/logging.properties, errno=2, err=No such file or directory
05-24 15:44:54.576: D/AndroidRuntime(15184): Calling main entry com.android.commands.pm.Pm
05-24 15:44:54.591: E/Zygote(91): writeInt++15192
05-24 15:44:54.592: E/Zygote(91): writeInt--15192
05-24 15:44:54.592: E/ZygoteProcess(181): readInt++
05-24 15:44:54.592: E/ZygoteProcess(181): readInt--: 15192
05-24 15:44:54.593: I/ActivityManager(181): Start proc com.android.defcontainer for service com.android.defcontainer/.DefaultContainerService: pid=15192 uid=10011 gids={1015, 2001}
05-24 15:44:54.703: D/dalvikvm(15192): GC_EXPLICIT freed 48K, 52% free 2742K/5635K, external 0K/0K, paused 43ms
05-24 15:44:54.717: W/ActivityManager(181): No content provider found for: 
05-24 15:44:54.718: D/VoldCmdListener(83): asec list
05-24 15:44:54.734: I/PackageHelper(15192): Size of container 2 MB 277254 bytes
05-24 15:44:54.736: D/VoldCmdListener(83): asec create smdl2tmp1 2 fat {} 10011
05-24 15:44:54.780: D/NetlinkEvent(83): NL param 'DEVPATH=/devices/virtual/block/loop5'
05-24 15:44:54.781: D/NetlinkEvent(83): NL param 'MAJOR=7'
05-24 15:44:54.781: D/NetlinkEvent(83): NL param 'MINOR=5'
05-24 15:44:54.781: D/NetlinkEvent(83): NL param 'DEVNAME=loop5'
05-24 15:44:54.781: D/NetlinkEvent(83): NL param 'DEVTYPE=disk'
05-24 15:44:54.781: D/NetlinkEvent(83): NL param 'NPARTS=0'
05-24 15:44:54.783: D/NetlinkEvent(83): NL param 'DEVPATH=/devices/virtual/block/dm-5'
05-24 15:44:54.783: D/NetlinkEvent(83): NL param 'MAJOR=254'
05-24 15:44:54.783: D/NetlinkEvent(83): NL param 'MINOR=5'
05-24 15:44:54.783: D/NetlinkEvent(83): NL param 'DEVNAME=dm-5'
05-24 15:44:54.783: D/NetlinkEvent(83): NL param 'DEVTYPE=disk'
05-24 15:44:54.783: D/NetlinkEvent(83): NL param 'NPARTS=0'
05-24 15:44:54.791: D/NetlinkEvent(83): NL param 'DEVPATH=/devices/virtual/block/dm-5'
05-24 15:44:54.791: D/NetlinkEvent(83): NL param 'MAJOR=254'
05-24 15:44:54.791: D/NetlinkEvent(83): NL param 'MINOR=5'
05-24 15:44:54.791: D/NetlinkEvent(83): NL param 'DEVNAME=dm-5'
05-24 15:44:54.791: D/NetlinkEvent(83): NL param 'DEVTYPE=disk'
05-24 15:44:54.791: D/NetlinkEvent(83): NL param 'NPARTS=0'
05-24 15:44:54.792: D/Vold(83): total cluster is 527
05-24 15:44:54.792: D/Vold(83): /system/bin/newfs_msdos -F 32 -O android -c 8
05-24 15:44:54.794: W/logwrapper(15204): Unable to background process (No such file or directory)
05-24 15:44:54.803: I//system/bin/newfs_msdos(83): /system/bin/newfs_msdos: warning, /dev/block/dm-5 is not a character device
05-24 15:44:54.803: I//system/bin/newfs_msdos(83): /system/bin/newfs_msdos: Skipping mount checks
05-24 15:44:54.803: I//system/bin/newfs_msdos(83): Bogus heads from kernel - setting sane value
05-24 15:44:54.803: I//system/bin/newfs_msdos(83): Bogus sectors from kernel - setting sane value
05-24 15:44:54.803: I//system/bin/newfs_msdos(83): /dev/block/dm-5: 4176 sectors in 522 FAT32 clusters (4096 bytes/cluster)
05-24 15:44:54.803: I//system/bin/newfs_msdos(83): bps=512 spc=8 res=32 nft=2 sec=4221 mid=0xf0 spt=63 hds=64 hid=0 bspf=5 rdcl=2 infs=1 bkbs=2
05-24 15:44:54.810: I/Vold(83): Filesystem formatted OK
05-24 15:44:54.815: D/VoldCmdListener(83): asec path smdl2tmp1
05-24 15:44:54.817: I/PackageHelper(15192): Created secure container smdl2tmp1 at /mnt/asec/smdl2tmp1
05-24 15:44:54.818: I/DefContainer(15192): Created container for smdl2tmp1 at path : /mnt/asec/smdl2tmp1
05-24 15:44:54.874: I/DefContainer(15192): Copied /data/local/tmp/BasicAppFrame.apk to /mnt/asec/smdl2tmp1/pkg.apk
05-24 15:44:54.875: D/VoldCmdListener(83): asec finalize smdl2tmp1
05-24 15:44:54.897: I/DefContainer(15192): Finalized container smdl2tmp1
05-24 15:44:54.898: I/DefContainer(15192): Unmounting smdl2tmp1 at path /mnt/asec/smdl2tmp1
05-24 15:44:54.942: D/dalvikvm(15192): GC_EXPLICIT freed 18K, 52% free 2754K/5635K, external 0K/0K, paused 43ms
05-24 15:44:55.067: D/dalvikvm(181): GC_EXPLICIT freed 787K, 38% free 6826K/10887K, external 1500K/2524K, paused 124ms
05-24 15:44:55.071: D/VoldCmdListener(83): asec unmount smdl2tmp1 force
05-24 15:44:55.075: D/NetlinkEvent(83): NL param 'DEVPATH=/devices/virtual/block/dm-5'
05-24 15:44:55.075: D/NetlinkEvent(83): NL param 'MAJOR=254'
05-24 15:44:55.075: D/NetlinkEvent(83): NL param 'MINOR=5'
05-24 15:44:55.075: D/NetlinkEvent(83): NL param 'DEVNAME=dm-5'
05-24 15:44:55.075: D/NetlinkEvent(83): NL param 'DEVTYPE=disk'
05-24 15:44:55.075: D/NetlinkEvent(83): NL param 'NPARTS=0'
05-24 15:44:55.078: D/NetlinkEvent(83): NL param 'DEVPATH=/devices/virtual/block/dm-5'
05-24 15:44:55.078: D/NetlinkEvent(83): NL param 'MAJOR=254'
05-24 15:44:55.078: D/NetlinkEvent(83): NL param 'MINOR=5'
05-24 15:44:55.078: D/NetlinkEvent(83): NL param 'DEVNAME=dm-5'
05-24 15:44:55.078: D/NetlinkEvent(83): NL param 'DEVTYPE=disk'
05-24 15:44:55.078: D/NetlinkEvent(83): NL param 'NPARTS=0'
05-24 15:44:55.080: D/NetlinkEvent(83): NL param 'DEVPATH=/devices/virtual/block/loop5'
05-24 15:44:55.080: D/NetlinkEvent(83): NL param 'MAJOR=7'
05-24 15:44:55.080: D/NetlinkEvent(83): NL param 'MINOR=5'
05-24 15:44:55.080: D/NetlinkEvent(83): NL param 'DEVNAME=loop5'
05-24 15:44:55.080: D/NetlinkEvent(83): NL param 'DEVTYPE=disk'
05-24 15:44:55.080: D/NetlinkEvent(83): NL param 'NPARTS=0'
05-24 15:44:55.082: W/ActivityManager(181): No content provider found for: 
05-24 15:44:55.087: I/ActivityManager(181): No longer want com.google.android.gsf.login (pid 11834): hidden #16
05-24 15:44:55.100: D/VoldCmdListener(83): asec mount smdl2tmp1 {} 1000
05-24 15:44:55.184: D/NetlinkEvent(83): NL param 'DEVPATH=/devices/virtual/block/loop5'
05-24 15:44:55.184: D/NetlinkEvent(83): NL param 'MAJOR=7'
05-24 15:44:55.184: D/NetlinkEvent(83): NL param 'MINOR=5'
05-24 15:44:55.184: D/NetlinkEvent(83): NL param 'DEVNAME=loop5'
05-24 15:44:55.184: D/NetlinkEvent(83): NL param 'DEVTYPE=disk'
05-24 15:44:55.184: D/NetlinkEvent(83): NL param 'NPARTS=0'
05-24 15:44:55.189: D/NetlinkEvent(83): NL param 'DEVPATH=/devices/virtual/block/dm-5'
05-24 15:44:55.189: D/NetlinkEvent(83): NL param 'MAJOR=254'
05-24 15:44:55.189: D/NetlinkEvent(83): NL param 'MINOR=5'
05-24 15:44:55.189: D/NetlinkEvent(83): NL param 'DEVNAME=dm-5'
05-24 15:44:55.189: D/NetlinkEvent(83): NL param 'DEVTYPE=disk'
05-24 15:44:55.189: D/NetlinkEvent(83): NL param 'NPARTS=0'
05-24 15:44:55.197: D/NetlinkEvent(83): NL param 'DEVPATH=/devices/virtual/block/dm-5'
05-24 15:44:55.197: D/NetlinkEvent(83): NL param 'MAJOR=254'
05-24 15:44:55.197: D/NetlinkEvent(83): NL param 'MINOR=5'
05-24 15:44:55.197: D/NetlinkEvent(83): NL param 'DEVNAME=dm-5'
05-24 15:44:55.197: D/NetlinkEvent(83): NL param 'DEVTYPE=disk'
05-24 15:44:55.197: D/NetlinkEvent(83): NL param 'NPARTS=0'
05-24 15:44:55.202: D/VoldCmdListener(83): asec path smdl2tmp1
05-24 15:44:55.204: D/PackageParser(181): Scanning package: /mnt/asec/smdl2tmp1/pkg.apk
05-24 15:44:55.223: W/PackageParser(181): No actions in intent filter at /mnt/asec/smdl2tmp1/pkg.apk Binary XML file line #53
05-24 15:44:55.506: D/dalvikvm(181): GC_FOR_MALLOC freed 480K, 37% free 6879K/10887K, external 1500K/2524K, paused 96ms
05-24 15:44:55.627: D/dalvikvm(181): GC_EXPLICIT freed 51K, 38% free 6857K/10887K, external 1500K/2524K, paused 115ms
05-24 15:44:55.628: D/VoldCmdListener(83): asec unmount smdl2tmp1 force
05-24 15:44:55.631: D/NetlinkEvent(83): NL param 'DEVPATH=/devices/virtual/block/dm-5'
05-24 15:44:55.631: D/NetlinkEvent(83): NL param 'MAJOR=254'
05-24 15:44:55.631: D/NetlinkEvent(83): NL param 'MINOR=5'
05-24 15:44:55.631: D/NetlinkEvent(83): NL param 'DEVNAME=dm-5'
05-24 15:44:55.631: D/NetlinkEvent(83): NL param 'DEVTYPE=disk'
05-24 15:44:55.631: D/NetlinkEvent(83): NL param 'NPARTS=0'
05-24 15:44:55.633: D/NetlinkEvent(83): NL param 'DEVPATH=/devices/virtual/block/dm-5'
05-24 15:44:55.633: D/NetlinkEvent(83): NL param 'MAJOR=254'
05-24 15:44:55.633: D/NetlinkEvent(83): NL param 'MINOR=5'
05-24 15:44:55.633: D/NetlinkEvent(83): NL param 'DEVNAME=dm-5'
05-24 15:44:55.633: D/NetlinkEvent(83): NL param 'DEVTYPE=disk'
05-24 15:44:55.633: D/NetlinkEvent(83): NL param 'NPARTS=0'
05-24 15:44:55.635: D/NetlinkEvent(83): NL param 'DEVPATH=/devices/virtual/block/loop5'
05-24 15:44:55.635: D/NetlinkEvent(83): NL param 'MAJOR=7'
05-24 15:44:55.635: D/NetlinkEvent(83): NL param 'MINOR=5'
05-24 15:44:55.635: D/NetlinkEvent(83): NL param 'DEVNAME=loop5'
05-24 15:44:55.635: D/NetlinkEvent(83): NL param 'DEVTYPE=disk'
05-24 15:44:55.635: D/NetlinkEvent(83): NL param 'NPARTS=0'
05-24 15:44:55.638: D/VoldCmdListener(83): asec rename smdl2tmp1 com.ct.BasicAppFrame-2
05-24 15:44:55.652: W/PackageManager(181): Mounting container com.ct.BasicAppFrame-2
05-24 15:44:55.654: D/VoldCmdListener(83): asec mount com.ct.BasicAppFrame-2 {} 1000
05-24 15:44:55.735: D/NetlinkEvent(83): NL param 'DEVPATH=/devices/virtual/block/loop5'
05-24 15:44:55.735: D/NetlinkEvent(83): NL param 'MAJOR=7'
05-24 15:44:55.735: D/NetlinkEvent(83): NL param 'MINOR=5'
05-24 15:44:55.735: D/NetlinkEvent(83): NL param 'DEVNAME=loop5'
05-24 15:44:55.735: D/NetlinkEvent(83): NL param 'DEVTYPE=disk'
05-24 15:44:55.735: D/NetlinkEvent(83): NL param 'NPARTS=0'
05-24 15:44:55.738: D/NetlinkEvent(83): NL param 'DEVPATH=/devices/virtual/block/dm-5'
05-24 15:44:55.738: D/NetlinkEvent(83): NL param 'MAJOR=254'
05-24 15:44:55.738: D/NetlinkEvent(83): NL param 'MINOR=5'
05-24 15:44:55.738: D/NetlinkEvent(83): NL param 'DEVNAME=dm-5'
05-24 15:44:55.738: D/NetlinkEvent(83): NL param 'DEVTYPE=disk'
05-24 15:44:55.738: D/NetlinkEvent(83): NL param 'NPARTS=0'
05-24 15:44:55.745: D/NetlinkEvent(83): NL param 'DEVPATH=/devices/virtual/block/dm-5'
05-24 15:44:55.746: D/NetlinkEvent(83): NL param 'MAJOR=254'
05-24 15:44:55.746: D/NetlinkEvent(83): NL param 'MINOR=5'
05-24 15:44:55.746: D/NetlinkEvent(83): NL param 'DEVNAME=dm-5'
05-24 15:44:55.746: D/NetlinkEvent(83): NL param 'DEVTYPE=disk'
05-24 15:44:55.746: D/NetlinkEvent(83): NL param 'NPARTS=0'
05-24 15:44:55.752: D/VoldCmdListener(83): asec path com.ct.BasicAppFrame-2
05-24 15:44:55.754: I/PackageManager(181): Succesfully renamed smdl2tmp1 to com.ct.BasicAppFrame-2 at new path: /mnt/asec/com.ct.BasicAppFrame-2
05-24 15:44:55.757: I/PackageManager(181): Removing non-system package:com.ct.BasicAppFrame
05-24 15:44:55.758: I/ActivityManager(181): Force stopping package com.ct.BasicAppFrame uid=10082
05-24 15:44:55.759: I/ActivityManager(181):   Force finishing activity HistoryRecord{4075c260 com.ct.BasicAppFrame/.BasicAppFrameActivity}
05-24 15:44:55.959: D/PackageManager(181): Scanning package com.ct.BasicAppFrame
05-24 15:44:55.960: I/PackageManager(181): Package com.ct.BasicAppFrame codePath changed from /mnt/asec/com.ct.BasicAppFrame-1/pkg.apk to /mnt/asec/com.ct.BasicAppFrame-2/pkg.apk; Retaining data and using new
05-24 15:44:55.960: I/PackageManager(181): Linking native library dir for /mnt/asec/com.ct.BasicAppFrame-2/pkg.apk
05-24 15:44:55.974: D/installd(101): DexInv: --- BEGIN '/mnt/asec/com.ct.BasicAppFrame-2/pkg.apk' ---
05-24 15:44:56.188: D/dalvikvm(15216): DexOpt: 'Landroid/media/AmrInputStream;' has an earlier definition; blocking out
05-24 15:44:56.214: D/dalvikvm(15216): DexOpt: 'Lorg/json/JSONArray;' has an earlier definition; blocking out
05-24 15:44:56.214: D/dalvikvm(15216): DexOpt: 'Lorg/json/JSONException;' has an earlier definition; blocking out
05-24 15:44:56.215: D/dalvikvm(15216): DexOpt: 'Lorg/json/JSONObject$1;' has an earlier definition; blocking out
05-24 15:44:56.216: D/dalvikvm(15216): DexOpt: 'Lorg/json/JSONObject;' has an earlier definition; blocking out
05-24 15:44:56.216: D/dalvikvm(15216): DexOpt: 'Lorg/json/JSONTokener;' has an earlier definition; blocking out
05-24 15:44:56.222: D/dalvikvm(15216): DexOpt: 'Lorg/json/JSONStringer;' has an earlier definition; blocking out
05-24 15:44:56.226: D/dalvikvm(15216): DexOpt: not verifying 'Landroid/media/AmrInputStream;': multiple definitions
05-24 15:44:56.230: I/dalvikvm(15216): DexOpt: not resolving ambiguous class 'Lorg/json/JSONObject;'
05-24 15:44:56.233: I/dalvikvm(15216): DexOpt: not resolving ambiguous class 'Lorg/json/JSONTokener;'
05-24 15:44:56.246: I/dalvikvm(15216): DexOpt: not resolving ambiguous class 'Lorg/json/JSONObject;'
05-24 15:44:56.271: I/dalvikvm(15216): DexOpt: not resolving ambiguous class 'Landroid/media/AmrInputStream;'
05-24 15:44:56.274: I/dalvikvm(15216): DexOpt: not resolving ambiguous class 'Lorg/json/JSONArray;'
05-24 15:44:56.290: I/dalvikvm(15216): DexOpt: not resolving ambiguous class 'Lorg/json/JSONArray;'
05-24 15:44:56.323: I/dalvikvm(15216): DexOpt: not resolving ambiguous class 'Lorg/json/JSONArray;'
05-24 15:44:56.341: I/dalvikvm(15216): DexOpt: not resolving ambiguous class 'Lorg/json/JSONObject;'
05-24 15:44:56.349: I/dalvikvm(15216): DexOpt: not resolving ambiguous class 'Lorg/json/JSONArray;'
05-24 15:44:56.351: I/dalvikvm(15216): DexOpt: not resolving ambiguous class 'Lorg/json/JSONObject;'
05-24 15:44:56.351: I/dalvikvm(15216): DexOpt: not resolving ambiguous class 'Lorg/json/JSONTokener;'
05-24 15:44:56.353: I/dalvikvm(15216): DexOpt: not resolving ambiguous class 'Lorg/json/JSONObject;'
05-24 15:44:56.353: I/dalvikvm(15216): DexOpt: not resolving ambiguous class 'Lorg/json/JSONObject;'
05-24 15:44:56.353: I/dalvikvm(15216): DexOpt: not resolving ambiguous class 'Lorg/json/JSONObject;'
05-24 15:44:56.353: D/dalvikvm(15216): DexOpt: not verifying 'Lorg/json/JSONArray;': multiple definitions
05-24 15:44:56.353: D/dalvikvm(15216): DexOpt: not verifying 'Lorg/json/JSONException;': multiple definitions
05-24 15:44:56.355: I/dalvikvm(15216): DexOpt: not resolving ambiguous class 'Lorg/json/JSONArray;'
05-24 15:44:56.355: D/dalvikvm(15216): DexOpt: not verifying 'Lorg/json/JSONObject$1;': multiple definitions
05-24 15:44:56.356: D/dalvikvm(15216): DexOpt: not verifying 'Lorg/json/JSONObject;': multiple definitions
05-24 15:44:56.356: D/dalvikvm(15216): DexOpt: not verifying 'Lorg/json/JSONTokener;': multiple definitions
05-24 15:44:56.357: I/dalvikvm(15216): DexOpt: not resolving ambiguous class 'Lorg/json/JSONException;'
05-24 15:44:56.359: I/dalvikvm(15216): DexOpt: not resolving ambiguous class 'Lorg/json/JSONObject;'
05-24 15:44:56.361: I/dalvikvm(15216): DexOpt: not resolving ambiguous class 'Lorg/json/JSONObject;'
05-24 15:44:56.368: I/dalvikvm(15216): DexOpt: not resolving ambiguous class 'Landroid/media/AmrInputStream;'
05-24 15:44:56.370: I/dalvikvm(15216): DexOpt: not resolving ambiguous class 'Lorg/json/JSONObject;'
05-24 15:44:56.388: I/dalvikvm(15216): DexOpt: not resolving ambiguous class 'Lorg/json/JSONTokener;'
05-24 15:44:56.388: D/dalvikvm(15216): DexOpt: not verifying 'Lorg/json/JSONStringer;': multiple definitions
05-24 15:44:56.389: I/dalvikvm(15216): DexOpt: not resolving ambiguous class 'Lorg/json/JSONObject;'
05-24 15:44:56.390: I/dalvikvm(15216): DexOpt: not resolving ambiguous class 'Lorg/json/JSONTokener;'
05-24 15:44:56.393: I/dalvikvm(15216): DexOpt: not resolving ambiguous class 'Lorg/json/JSONArray;'
05-24 15:44:56.395: I/dalvikvm(15216): DexOpt: not resolving ambiguous class 'Lorg/json/JSONArray;'
05-24 15:44:56.396: I/dalvikvm(15216): DexOpt: not resolving ambiguous class 'Lorg/json/JSONObject;'
05-24 15:44:56.396: I/dalvikvm(15216): DexOpt: not resolving ambiguous class 'Lorg/json/JSONArray;'
05-24 15:44:56.397: I/dalvikvm(15216): DexOpt: not resolving ambiguous class 'Lorg/json/JSONArray;'
05-24 15:44:56.398: I/dalvikvm(15216): DexOpt: not resolving ambiguous class 'Lorg/json/JSONObject;'
05-24 15:44:56.399: I/dalvikvm(15216): DexOpt: not resolving ambiguous class 'Lorg/json/JSONArray;'
05-24 15:44:56.400: I/dalvikvm(15216): DexOpt: not resolving ambiguous class 'Lorg/json/JSONObject;'
05-24 15:44:56.400: I/dalvikvm(15216): DexOpt: not resolving ambiguous class 'Lorg/json/JSONObject;'
05-24 15:44:56.401: I/dalvikvm(15216): DexOpt: not resolving ambiguous class 'Lorg/json/JSONArray;'
05-24 15:44:56.402: I/dalvikvm(15216): DexOpt: not resolving ambiguous class 'Lorg/json/JSONObject;'
05-24 15:44:56.402: I/dalvikvm(15216): DexOpt: not resolving ambiguous class 'Lorg/json/JSONObject;'
05-24 15:44:56.406: I/dalvikvm(15216): DexOpt: not resolving ambiguous class 'Lorg/json/JSONObject;'
05-24 15:44:56.407: I/dalvikvm(15216): DexOpt: not resolving ambiguous class 'Lorg/json/JSONArray;'
05-24 15:44:56.410: I/dalvikvm(15216): DexOpt: not resolving ambiguous class 'Lorg/json/JSONArray;'
05-24 15:44:56.412: I/dalvikvm(15216): DexOpt: not resolving ambiguous class 'Lorg/json/JSONArray;'
05-24 15:44:56.413: D/dalvikvm(15216): DexOpt: load 38ms, verify+opt 188ms
05-24 15:44:56.445: D/installd(101): DexInv: --- END '/mnt/asec/com.ct.BasicAppFrame-2/pkg.apk' (success) ---
05-24 15:44:56.447: I/ActivityManager(181): Force stopping package com.ct.BasicAppFrame uid=10082
05-24 15:44:56.448: W/PackageManager(181): Code path for pkg : com.ct.BasicAppFrame changing from /mnt/asec/com.ct.BasicAppFrame-1/pkg.apk to /mnt/asec/com.ct.BasicAppFrame-2/pkg.apk
05-24 15:44:56.448: W/PackageManager(181): Resource path for pkg : com.ct.BasicAppFrame changing from /mnt/asec/com.ct.BasicAppFrame-1/pkg.apk to /mnt/asec/com.ct.BasicAppFrame-2/pkg.apk
05-24 15:44:56.449: D/PackageManager(181):   Activities: com.ct.BasicAppFrame.BasicAppFrameActivity com.phonegap.DroidGap
05-24 15:44:56.600: D/WifiCommon(181): [wlan0] Issue cmd = 'DRIVER RSSI-APPROX'
05-24 15:44:56.600: D/WifiCommon(181): [wlan0] cmd = 'DRIVER RSSI-APPROX' ==> failed. (ret = 0 or reply='FAIL').
05-24 15:44:56.600: D/WifiCommon(181): [wlan0] Issue cmd = 'DRIVER RSSI'
05-24 15:44:56.617: D/WifiStateTracker(181): requestPolledInfo, newRssi=-41
05-24 15:44:56.617: D/WifiCommon(181): [wlan0] Issue cmd = 'DRIVER LINKSPEED'
05-24 15:44:56.632: I/installd(101): move /data/dalvik-cache/mnt@asec@com.ct.BasicAppFrame-2@pkg.apk@classes.dex -> /data/dalvik-cache/mnt@asec@com.ct.BasicAppFrame-2@pkg.apk@classes.dex
05-24 15:44:56.632: D/PackageManager(181): New package installed in /mnt/asec/com.ct.BasicAppFrame-2/pkg.apk
05-24 15:44:56.795: V/ActivityManager(181): Broadcast: Intent { act=android.intent.action.PACKAGE_REMOVED dat=package:com.ct.BasicAppFrame flg=0x10000000 (has extras) } ordered=false
05-24 15:44:56.795: I/ActivityManager(181): Force stopping package com.ct.BasicAppFrame uid=10082
05-24 15:44:56.818: E/ZygoteProcess(181): readInt++
05-24 15:44:56.831: E/Zygote(91): writeInt++15217
05-24 15:44:56.831: E/Zygote(91): writeInt--15217
05-24 15:44:56.834: E/ZygoteProcess(181): readInt--: 15217
05-24 15:44:56.835: I/ActivityManager(181): Start proc com.mediatek.moreapp for broadcast com.mediatek.moreapp/.PackageIntentReceiver: pid=15217 uid=10034 gids={1015}
05-24 15:44:56.836: V/ActivityManager(181): Broadcast: Intent { act=android.intent.action.PACKAGE_ADDED dat=package:com.ct.BasicAppFrame flg=0x10000000 (has extras) } ordered=false
05-24 15:44:56.903: V/ActivityManager(181): Broadcast: Intent { act=android.intent.action.PACKAGE_REPLACED dat=package:com.ct.BasicAppFrame flg=0x10000000 (has extras) } ordered=false
05-24 15:44:56.908: W/ResourceType(181): Failure getting entry for 0x7f060000 (t=5 e=0) in package 0 (error -75)
05-24 15:44:57.090: D/dalvikvm(181): GC_EXPLICIT freed 697K, 37% free 6890K/10887K, external 1500K/2524K, paused 123ms
05-24 15:44:57.098: E/SenseLauncherG11.AllApps2D(255): updateApps()
05-24 15:44:57.098: E/SenseLauncherG11.AllApps2D(255): removeApps()
05-24 15:44:57.099: E/SenseLauncherG11.AllApps2D(255): updateUsualApps()
05-24 15:44:57.260: D/dalvikvm(181): GC_EXPLICIT freed 57K, 38% free 6851K/10887K, external 1500K/2524K, paused 113ms
05-24 15:44:57.336: I/PackageIntentReceiver:(15217): PackageIntentReceiver onReceive Enter
05-24 15:44:57.372: D/VoldCmdListener(83): asec unmount com.ct.BasicAppFrame-1 force
05-24 15:44:57.375: D/NetlinkEvent(83): NL param 'DEVPATH=/devices/virtual/block/dm-4'
05-24 15:44:57.375: D/NetlinkEvent(83): NL param 'MAJOR=254'
05-24 15:44:57.375: D/NetlinkEvent(83): NL param 'MINOR=4'
05-24 15:44:57.375: D/NetlinkEvent(83): NL param 'DEVNAME=dm-4'
05-24 15:44:57.375: D/NetlinkEvent(83): NL param 'DEVTYPE=disk'
05-24 15:44:57.375: D/NetlinkEvent(83): NL param 'NPARTS=0'
05-24 15:44:57.378: D/NetlinkEvent(83): NL param 'DEVPATH=/devices/virtual/block/dm-4'
05-24 15:44:57.378: D/NetlinkEvent(83): NL param 'MAJOR=254'
05-24 15:44:57.378: D/NetlinkEvent(83): NL param 'MINOR=4'
05-24 15:44:57.378: D/NetlinkEvent(83): NL param 'DEVNAME=dm-4'
05-24 15:44:57.378: D/NetlinkEvent(83): NL param 'DEVTYPE=disk'
05-24 15:44:57.378: D/NetlinkEvent(83): NL param 'NPARTS=0'
05-24 15:44:57.415: D/NetlinkEvent(83): NL param 'DEVPATH=/devices/virtual/block/loop4'
05-24 15:44:57.415: D/NetlinkEvent(83): NL param 'MAJOR=7'
05-24 15:44:57.415: D/NetlinkEvent(83): NL param 'MINOR=4'
05-24 15:44:57.415: D/NetlinkEvent(83): NL param 'DEVNAME=loop4'
05-24 15:44:57.415: D/NetlinkEvent(83): NL param 'DEVTYPE=disk'
05-24 15:44:57.415: D/NetlinkEvent(83): NL param 'NPARTS=0'
05-24 15:44:57.425: I/PackageIntentReceiver:(15217): PackageIntentReceiver onReceive:  before moreApp.getControllerHandler() moreApp == null
05-24 15:44:57.429: I/ActivityManager(181): No longer want com.google.android.gms (pid 2995): hidden #16
05-24 15:44:57.496: I/installd(101): unlink /data/dalvik-cache/mnt@asec@com.ct.BasicAppFrame-1@pkg.apk@classes.dex
05-24 15:44:57.614: I/PackageHelper(181): Forcibly destroying container com.ct.BasicAppFrame-1
05-24 15:44:57.813: D/dalvikvm(181): GC_EXPLICIT freed 188K, 37% free 6870K/10887K, external 1500K/2524K, paused 115ms
05-24 15:44:57.859: D/ThemeReceiver(1474): delete theme: com.ct.BasicAppFrame
05-24 15:44:57.860: D/ThemeProvider(1474): Enter query()
05-24 15:44:57.909: D/VoldCmdListener(83): asec destroy com.ct.BasicAppFrame-1 force
05-24 15:44:57.936: D/ThemeProvider(1474): query(): uri: content://com.android.settings.ThemeProvider/theme
05-24 15:44:57.938: D/AndroidRuntime(15184): Shutting down VM
05-24 15:44:57.939: E/IPCThreadState(15184): IPCThread::waitForResponse checking error 4 : -9
05-24 15:44:57.939: E/IPCThreadState(15184): IPCThread::waitForResponse checking error 4 : -9
05-24 15:44:57.939: E/IPCThreadState(15184): IPCThread::waitForResponse checking error 4 : -9
05-24 15:44:57.939: E/IPCThreadState(15184): IPCThread::waitForResponse checking error 4 : -9
05-24 15:44:57.947: D/ThemeProvider(1474): Leave query()
05-24 15:44:57.948: D/ThemeProvider(1474): Enter delete()
05-24 15:44:57.953: D/dalvikvm(15184): GC_CONCURRENT freed 102K, 71% free 302K/1024K, external 0K/0K, paused 0ms+1ms
05-24 15:44:57.954: D/jdwp(15184): Got wake-up signal, bailing out of select
05-24 15:44:57.954: D/dalvikvm(15184): Debugger has detached; object registry had 1 entries
05-24 15:44:57.966: I/AndroidRuntime(15184): NOTE: attach of thread 'Binder Thread #3' failed
05-24 15:44:58.023: V/AlarmManager(181): set: Alarm{4072d340 type 0 com.android.vending}
05-24 15:44:58.023: V/AlarmManager(181): Adding alarm Alarm{4072d340 type 0 com.android.vending} at 0
05-24 15:44:58.023: V/AlarmManager(181): alarms: 7 type: 0
05-24 15:44:58.023: V/AlarmManager(181): 0: May 24 03:45:13 pm com.android.vending
05-24 15:44:58.023: V/AlarmManager(181): 1: May 24 03:58:20 pm com.google.android.gsf
05-24 15:44:58.024: V/AlarmManager(181): 2: May 24 06:19:57 pm com.android.vending
05-24 15:44:58.024: V/AlarmManager(181): 3: May 25 02:00:00 am com.google.android.gms
05-24 15:44:58.024: V/AlarmManager(181): 4: May 25 02:59:23 am com.google.android.gms
05-24 15:44:58.024: V/AlarmManager(181): 5: May 25 10:02:46 am com.android.providers.calendar
05-24 15:44:58.024: V/AlarmManager(181): 6: May 30 12:59:54 am com.google.android.gsf
05-24 15:44:58.026: V/AlarmManager(181): Native set alarm :Alarm{4072d340 type 0 com.android.vending}
05-24 15:44:58.075: E/ZygoteProcess(181): readInt++
05-24 15:44:58.078: E/Zygote(91): writeInt++15227
05-24 15:44:58.079: E/ZygoteProcess(181): readInt--: 15227
05-24 15:44:58.079: I/ActivityManager(181): Start proc com.google.android.gms for broadcast com.google.android.gms/.common.receiver.SystemBroadcastReceiver: pid=15227 uid=10019 gids={3003, 1015, 2001, 1007}
05-24 15:44:58.082: E/Zygote(91): writeInt--15227
05-24 15:44:58.461: I/ActivityThread(15227): Pub com.google.android.gms.plus;com.google.android.gms.plus.action: com.google.android.gms.plus.provider.PlusProvider
05-24 15:44:58.519: V/ActivityManager(181): Broadcast: Intent { act=com.google.android.gms.INITIALIZE pkg=com.google.android.gms } ordered=false
05-24 15:44:58.564: I/PackageIntentReceiver:(15217): PackageIntentReceiver onReceive Enter
05-24 15:44:58.564: I/PackageIntentReceiver:(15217): PackageIntentReceiver onReceive:  before moreApp.getControllerHandler() moreApp == null
05-24 15:44:58.596: D/PowerManagerService(181): acquireWakeLock flags=0x1 tag=Icing
05-24 15:44:58.620: E/dalvikvm(15227): Could not find class 'android.app.Notification$Builder', referenced from method com.google.android.gms.icing.impl.IndexManager.displayNotification
05-24 15:44:58.638: W/dalvikvm(15227): VFY: unable to resolve new-instance 35 (Landroid/app/Notification$Builder;) in Lcom/google/android/gms/icing/impl/IndexManager;
05-24 15:44:58.638: D/dalvikvm(15227): VFY: replacing opcode 0x22 at 0x003d
05-24 15:44:58.639: D/dalvikvm(15227): VFY: dead code 0x003f-00b6 in Lcom/google/android/gms/icing/impl/IndexManager;.displayNotification (Lcom/google/android/gms/icing/impl/IndexManager$NotificationInfo;)V
05-24 15:44:58.660: E/Zygote(91): writeInt++15238
05-24 15:44:58.660: E/Zygote(91): writeInt--15238
05-24 15:44:58.665: E/ZygoteProcess(181): readInt++
05-24 15:44:58.665: E/ZygoteProcess(181): readInt--: 15238
05-24 15:44:58.667: I/ActivityManager(181): Start proc com.svox.pico for broadcast com.svox.pico/.VoiceDataInstallerReceiver: pid=15238 uid=10052 gids={}
05-24 15:44:58.873: I/ActivityThread(15238): Pub com.svox.pico.providers.SettingsProvider: com.svox.pico.providers.SettingsProvider
05-24 15:44:58.902: D/ThemeReceiver(1474): insert theme: 0 0
05-24 15:44:58.902: V/ActivityManager(181): Broadcast: Intent { act=android.search.action.SEARCHABLES_CHANGED flg=0x20000000 } ordered=false
05-24 15:44:58.930: V/AlarmManager(181): set: Alarm{40899910 type 0 com.android.vending}
05-24 15:44:58.931: V/AlarmManager(181): Adding alarm Alarm{40899910 type 0 com.android.vending} at 0
05-24 15:44:58.931: V/AlarmManager(181): alarms: 7 type: 0
05-24 15:44:58.931: V/AlarmManager(181): 0: May 24 03:45:13 pm com.android.vending
05-24 15:44:58.931: V/AlarmManager(181): 1: May 24 03:58:20 pm com.google.android.gsf
05-24 15:44:58.931: V/AlarmManager(181): 2: May 24 06:19:57 pm com.android.vending
05-24 15:44:58.931: V/AlarmManager(181): 3: May 25 02:00:00 am com.google.android.gms
05-24 15:44:58.932: V/AlarmManager(181): 4: May 25 02:59:23 am com.google.android.gms
05-24 15:44:58.932: V/AlarmManager(181): 5: May 25 10:02:46 am com.android.providers.calendar
05-24 15:44:58.932: V/AlarmManager(181): 6: May 30 12:59:54 am com.google.android.gsf
05-24 15:44:58.932: V/AlarmManager(181): Native set alarm :Alarm{40899910 type 0 com.android.vending}
05-24 15:44:59.022: D/OSFileSystem(181): OSFileSystem::open fail : filename==/sys/devices/system/cpu/cpu0/cpufreq/stats/time_in_state, errno=2, err=No such file or directory
05-24 15:44:59.034: I/PackageIntentReceiver:(15217): PackageIntentReceiver onReceive Enter
05-24 15:44:59.034: I/PackageIntentReceiver:(15217): PackageIntentReceiver onReceive:  before moreApp.getControllerHandler() moreApp == null
05-24 15:44:59.096: V/ActivityManager(181): Broadcast: Intent { act=com.google.googlenav.friend.reporting.LocationReportingIntentSender.START_REPORTING cmp=com.google.android.apps.maps/com.google.googlenav.friend.reporting.LocationReportingIntentReceiver (has extras) } ordered=false
05-24 15:44:59.100: V/AlarmManager(181): setInexactRepeating: interval=900000 bucketTime=3357967635
05-24 15:44:59.100: V/AlarmManager(181): set: Alarm{4098e038 type 2 com.google.android.apps.maps}
05-24 15:44:59.100: V/AlarmManager(181): Adding alarm Alarm{4098e038 type 2 com.google.android.apps.maps} at 1
05-24 15:44:59.100: V/AlarmManager(181): alarms: 6 type: 2
05-24 15:44:59.101: V/AlarmManager(181): 0: Feb 08 03:30:08 pm com.google.android.location
05-24 15:44:59.101: V/AlarmManager(181): 1: Feb 08 03:46:07 pm com.google.android.apps.maps
05-24 15:44:59.101: V/AlarmManager(181): 2: Feb 08 07:00:37 pm android
05-24 15:44:59.101: V/AlarmManager(181): 3: Feb 08 07:46:04 pm android
05-24 15:44:59.102: V/AlarmManager(181): 4: Feb 08 07:51:22 pm com.google.android.apps.maps
05-24 15:44:59.102: V/AlarmManager(181): 5: Jan 21 05:31:41 am com.google.android.apps.maps
05-24 15:44:59.160: E/Zygote(91): writeInt++15246
05-24 15:44:59.160: E/ZygoteProcess(181): readInt++
05-24 15:44:59.165: E/ZygoteProcess(181): readInt--: 15246
05-24 15:44:59.166: I/ActivityManager(181): Start proc com.openstream.cueme.services.workbench for broadcast com.openstream.cueme.services.workbench/.OnUpgradeReceiver: pid=15246 uid=10099 gids={3003, 1006, 1015, 3001, 3002}
05-24 15:44:59.169: E/Zygote(91): writeInt--15246
05-24 15:44:59.178: D/AndroidRuntime(15231): >>>>>> AndroidRuntime START com.android.internal.os.RuntimeInit <<<<<<
05-24 15:44:59.178: D/AndroidRuntime(15231): CheckJNI is OFF
05-24 15:44:59.178: D/AndroidRuntime(15231): language=-Duser.language=en region=-Duser.region=US
05-24 15:44:59.290: D/dalvikvm(15227): Trying to load lib /data/data/com.google.android.gms/lib/libAppDataSearch.so 0x40520dd8
05-24 15:44:59.312: D/dalvikvm(91): GC_EXPLICIT freed 14K, 52% free 2738K/5635K, external 0K/0K, paused 143ms
05-24 15:44:59.384: D/CuemeWorkbench(15246): ====================================
05-24 15:44:59.415: D/CuemeWorkbench(15246): Workbench Application was Updated. Cleaning up resources
05-24 15:44:59.426: D/CuemeWorkbench(15246): ====================================
05-24 15:44:59.446: I/Recovery(15227): Received: Intent { act=com.google.android.gms.INITIALIZE pkg=com.google.android.gms cmp=com.google.android.gms/.recovery.AccountRecoveryService$Receiver }
05-24 15:44:59.449: E/ZygoteProcess(181): readInt++
05-24 15:44:59.460: D/dalvikvm(91): GC_EXPLICIT freed <1K, 52% free 2738K/5635K, external 0K/0K, paused 135ms
05-24 15:44:59.550: D/dalvikvm(91): GC_EXPLICIT freed <1K, 52% free 2738K/5635K, external 0K/0K, paused 90ms
05-24 15:44:59.577: E/Zygote(91): writeInt++15258
05-24 15:44:59.577: E/ZygoteProcess(181): readInt--: 15258
05-24 15:44:59.578: I/ActivityManager(181): Start proc com.google.android.gsf.login for service com.google.android.gms/.recovery.AccountRecoveryService: pid=15258 uid=10019 gids={3003, 1015, 2001, 1007}
05-24 15:44:59.581: E/ZygoteProcess(181): readInt++
05-24 15:44:59.581: E/Zygote(91): writeInt--15258
05-24 15:44:59.618: E/Zygote(91): writeInt++15260
05-24 15:44:59.618: E/ZygoteProcess(181): readInt--: 15260
05-24 15:44:59.618: I/ActivityManager(181): Start proc com.android.quicksearchbox for broadcast com.android.quicksearchbox/.CorporaUpdateReceiver: pid=15260 uid=10056 gids={3003}
05-24 15:44:59.620: E/Zygote(91): writeInt--15260
05-24 15:44:59.622: D/WifiCommon(181): [wlan0] Issue cmd = 'DRIVER RSSI-APPROX'
05-24 15:44:59.622: D/WifiCommon(181): [wlan0] cmd = 'DRIVER RSSI-APPROX' ==> failed. (ret = 0 or reply='FAIL').
05-24 15:44:59.622: D/WifiCommon(181): [wlan0] Issue cmd = 'DRIVER RSSI'
05-24 15:44:59.624: D/WifiStateTracker(181): requestPolledInfo, newRssi=-41
05-24 15:44:59.624: D/WifiCommon(181): [wlan0] Issue cmd = 'DRIVER LINKSPEED'
05-24 15:44:59.733: D/dalvikvm(15227): Added shared lib /data/data/com.google.android.gms/lib/libAppDataSearch.so 0x40520dd8
05-24 15:44:59.794: D/WarningMessage(1474): TimerTask: ReadCodeTask.run()
05-24 15:44:59.794: D/WarningMessage(1474): sendWarningMessage() called.
05-24 15:44:59.795: D/WarningMessage(1474): line content: 0
05-24 15:44:59.795: D/WarningMessage(1474): notify code is 0
05-24 15:44:59.795: D/WarningMessage(1474): getWarningMessage() called.
05-24 15:44:59.868: D/OSFileSystem(15231): OSFileSystem::open fail : filename==/system/lib/logging.properties, errno=2, err=No such file or directory
05-24 15:44:59.955: V/ActivityManager(181): Broadcast: Intent { act=com.google.android.gms.INITIALIZE pkg=com.google.android.gms } ordered=false
