05-24 15:45:13.344: I/KeyguardUpdateMonitor(181): DM_IsLocked, lockflag is false
05-24 15:45:13.346: D/PowerManagerService(181): setButtonBrightnessOverride -1
05-24 15:45:13.348: D/PowerManagerService(181): KeyguardDoneDrawReceiver onReceive DONE_DRAW
05-24 15:45:13.359: I/KeyguardUpdateMonitor(181): DM_IsLocked, lockflag is false
05-24 15:45:13.362: D/PowerManagerService(181): setButtonBrightnessOverride -1
05-24 15:45:13.374: V/ActivityManager(181): Broadcast: Intent { act=android.intent.action.SEND } ordered=false
05-24 15:45:13.376: I/KeyguardUpdateMonitor(181): DM_IsLocked, lockflag is false
05-24 15:45:13.378: D/PowerManagerService(181): setButtonBrightnessOverride -1
05-24 15:45:13.383: D/PowerManagerService(181): KeyguardDoneDrawReceiver onReceive DONE_DRAW
05-24 15:45:13.386: V/ActivityManager(181): Broadcast: Intent { act=android.intent.action.SEND } ordered=false
05-24 15:45:13.387: D/PowerManagerService(181): KeyguardDoneDrawReceiver onReceive DONE_DRAW
05-24 15:45:13.391: I/KeyguardUpdateMonitor(181): DM_IsLocked, lockflag is false
05-24 15:45:13.394: D/PowerManagerService(181): setButtonBrightnessOverride -1
05-24 15:45:13.399: V/ActivityManager(181): Broadcast: Intent { act=android.intent.action.SEND } ordered=false
05-24 15:45:13.401: D/PowerManagerService(181): KeyguardDoneDrawReceiver onReceive DONE_DRAW
05-24 15:45:13.408: I/KeyguardUpdateMonitor(181): DM_IsLocked, lockflag is false
05-24 15:45:13.410: D/PowerManagerService(181): setButtonBrightnessOverride -1
05-24 15:45:13.414: V/ActivityManager(181): Broadcast: Intent { act=android.intent.action.SEND } ordered=false
05-24 15:45:13.417: D/PowerManagerService(181): KeyguardDoneDrawReceiver onReceive DONE_DRAW
05-24 15:45:13.424: I/KeyguardUpdateMonitor(181): DM_IsLocked, lockflag is false
05-24 15:45:13.426: I/KeyguardUpdateMonitor(181): DM_IsLocked, lockflag is false
05-24 15:45:13.428: D/PowerManagerService(181): setButtonBrightnessOverride -1
05-24 15:45:13.441: I/KeyguardUpdateMonitor(181): DM_IsLocked, lockflag is false
05-24 15:45:13.441: I/KeyguardUpdateMonitor(181): DM_IsLocked, lockflag is false
05-24 15:45:13.444: D/PowerManagerService(181): setButtonBrightnessOverride -1
05-24 15:45:13.446: V/ActivityManager(181): Broadcast: Intent { act=android.intent.action.SEND } ordered=false
05-24 15:45:13.448: D/PowerManagerService(181): KeyguardDoneDrawReceiver onReceive DONE_DRAW
05-24 15:45:13.450: I/KeyguardUpdateMonitor(181): DM_IsLocked, lockflag is false
05-24 15:45:13.459: D/PowerManagerService(181): setButtonBrightnessOverride -1
05-24 15:45:13.461: I/KeyguardUpdateMonitor(181): DM_IsLocked, lockflag is false
05-24 15:45:13.463: D/PowerManagerService(181): setButtonBrightnessOverride -1
05-24 15:45:13.464: I/KeyguardUpdateMonitor(181): DM_IsLocked, lockflag is false
05-24 15:45:13.467: D/PowerManagerService(181): setButtonBrightnessOverride -1
05-24 15:45:13.468: V/ActivityManager(181): Broadcast: Intent { act=android.intent.action.SEND } ordered=false
05-24 15:45:13.469: D/PowerManagerService(181): KeyguardDoneDrawReceiver onReceive DONE_DRAW
05-24 15:45:13.805: D/AudioFlinger(93): Audio hardware entering standby, mixer 0x1c4d8, mSuspended 0
05-24 15:45:13.805: D/AudioYusuStreamOut(93): !! standby, execute stop !!!
05-24 15:45:13.805: D/AudioStreamHandler(93): MinusSrcRunningNumber mSrcBlockRunningNum:0
05-24 15:45:13.805: D/AudioStreamHandler(93): GetSrcRunningNumber, mSrcBlockRunningNum:0
05-24 15:45:13.806: D/AudioYusuStreamOut(93): !! standby, AudioStopRunning, STANDBY_DL1_STREAM
05-24 15:45:13.806: D/AudioStreamHandler(93): !! AudioStopRunning
05-24 15:45:13.806: D/AudioYusuHardware(93): setMasterVolume=0.000000, device=0x2, mMode:0
05-24 15:45:13.806: D/AudioYusuHardware(93): Audio_Find_Normal_Output_Device mRoutes=0x2
05-24 15:45:13.806: D/AudioYusuVolumeController(93): setMasterVolume mode=0, routes=2
05-24 15:45:13.806: D/AudioYusuHardware(93): Audio_Find_Normal_Output_Device mRoutes=0x2
05-24 15:45:13.806: D/AudioYusuVolumeController(93): routes = 2 
05-24 15:45:13.806: D/AudioYusuVolumeController(93): ::ApplyGain Setting_value=2d
05-24 15:45:13.806: D/AudioYusuHardware(93): EnableSpeaker (1) 
05-24 15:45:13.806: D/AudioAnalogAFE(93): !!! AnalogAFE_Close pinmux=0 
05-24 15:45:13.806: D/AudioYusuHardware(93): Audio_Find_Normal_Output_Device mRoutes=0x2
05-24 15:45:13.806: D/AudioYusuHardware(93): Audio_Find_Normal_Output_Device mRoutes=0x2
05-24 15:45:13.806: D/AudioAfe(93): !!! Afe_DL_Stop OpenMode=0
05-24 15:45:13.806: D/AudioAfe(93): Afe_DL_Stop, AFE_IRQ_CON, Disable interrupt 
05-24 15:45:13.807: D/AudioAfe(93): Afe_DL_Stop, sph_on:0, bgs_on:0, rec_on:0, vt_on:0 
05-24 15:45:13.807: D/AudioAfe(93): Afe_DL_Stop, AFE_DAC_CON0 (0x1001) 
05-24 15:45:13.807: D/AudioAfe(93): Afe_DL_Stop, AFE_DAC_CON0, Disable AFE_ON 
05-24 15:45:13.807: D/AudioYusuHardware(93): setMasterVolume=1.000000, device=0x2, mMode:0
05-24 15:45:13.807: D/AudioYusuHardware(93): Audio_Find_Normal_Output_Device mRoutes=0x2
05-24 15:45:13.807: D/AudioYusuVolumeController(93): setMasterVolume mode=0, routes=2
05-24 15:45:13.807: D/AudioYusuHardware(93): Audio_Find_Normal_Output_Device mRoutes=0x2
05-24 15:45:13.807: D/AudioYusuVolumeController(93): routes = 2 
05-24 15:45:13.807: D/AudioYusuVolumeController(93): ::ApplyGain Setting_value=4
05-24 15:45:13.812: D/AudioCompensationFilter(93): AudioCompensationFilter::Stop()
05-24 15:45:13.812: W/AudioYusuStreamOut(93): closeBlisrc with pSrcHdl == NULL
05-24 15:45:13.813: D/AudioFlinger(93): MixerThread 0x1c4d8 TID 179 going to sleep
05-24 15:45:13.929: V/AlarmManager(181): Checking for alarms... rtc=1369424713929, elapsed=3356517512
05-24 15:45:13.929: V/AlarmManager(181): Checking active alarm when=1369424713929 Alarm{40899910 type 0 com.android.vending}
05-24 15:45:13.929: V/AlarmManager(181): Alarm triggering: Alarm{40899910 type 0 com.android.vending}
05-24 15:45:13.930: V/AlarmManager(181): Checking active alarm when=1369425500035 Alarm{408f9828 type 0 com.google.android.gsf}
05-24 15:45:13.930: V/AlarmManager(181): Native set alarm :Alarm{408f9828 type 0 com.google.android.gsf}
05-24 15:45:13.930: I/AlarmManager(181): reset poweroff alarm none
05-24 15:45:13.930: V/AlarmManager(181): sending alarm Alarm{40899910 type 0 com.android.vending}
05-24 15:45:13.963: D/PowerManagerService(181): acquireWakeLock flags=0x1 tag=AlarmManager
05-24 15:45:13.964: D/PowerManagerService(181): releaseWakeLock flags=0x1 tag=AlarmManager
05-24 15:45:14.437: D/dalvikvm(15077): GC_CONCURRENT freed 538K, 48% free 3643K/6919K, external 0K/0K, paused 4ms+4ms
05-24 15:45:14.589: D/Finsky(15077): [1] 5.onFinished: Installation state replication succeeded.
05-24 15:45:14.719: D/WifiCommon(181): [wlan0] Issue cmd = 'DRIVER RSSI-APPROX'
05-24 15:45:14.719: D/WifiCommon(181): [wlan0] cmd = 'DRIVER RSSI-APPROX' ==> failed. (ret = 0 or reply='FAIL').
05-24 15:45:14.719: D/WifiCommon(181): [wlan0] Issue cmd = 'DRIVER RSSI'
05-24 15:45:14.737: D/WifiStateTracker(181): requestPolledInfo, newRssi=-42
05-24 15:45:14.737: D/WifiCommon(181): [wlan0] Issue cmd = 'DRIVER LINKSPEED'
05-24 15:45:15.426: D/PowerManagerService(181): acquireWakeLock flags=0x1 tag=SCREEN_FROZEN
05-24 15:45:15.427: I/WindowManager(181): Setting rotation to 1, animFlags=0
05-24 15:45:15.444: D/SurfaceFlinger(181): handle transaction::orientation changed
05-24 15:45:15.446: D/PowerManagerService(181): setKeyboardVisibility: false
05-24 15:45:15.446: I/ActivityManager(181): Config changed: { scale=1.0 imsi=310/410 loc=en_US touch=3 keys=1/1/2 nav=2/1 orien=2 layout=34 uiMode=17 skin=/system/framework/framework-res.apk seq=35}
05-24 15:45:15.455: V/ActivityManager(181): Broadcast: Intent { act=android.intent.action.CONFIGURATION_CHANGED flg=0x60000000 } ordered=false
05-24 15:45:15.460: D/PhoneApp(256): updateProximitySensorMode: state = IDLE
05-24 15:45:15.461: D/AudioService(181): isSpeakerphoneOn 0
05-24 15:45:15.501: D/ContactsProvider(8027): onConfigurationChanged(), before verifyLocale() 
05-24 15:45:15.501: D/ContactsProvider(8027):  enter verifyLocale(), begin!!
05-24 15:45:15.516: D/BT HS/HF(256): [BT][HFG] [API] isAudioOn : false
05-24 15:45:15.516: D/PhoneApp(256): updateProximitySensorMode: lock already released.
05-24 15:45:15.521: I/KeyguardUpdateMonitor(181): DM_IsLocked, lockflag is false
05-24 15:45:15.531: D/ContactsProvider(8027): verifyLocale(), preference, providerLocale= en_US
05-24 15:45:15.531: D/ContactsProvider(8027): verifyLocale(), mCurrentLocale= en_US
05-24 15:45:15.555: D/PhoneApp(256): PhoneAppBroadcastReceiver ------------------------- action=android.intent.action.CONFIGURATION_CHANGED
05-24 15:45:15.555: E/KPDJNI(256): kpd_is_backup_battery_insert g_kpd_fd = 118
05-24 15:45:15.555: E/KPDJNI(256): kpd_is_backup_battery_insert = 1,ret=0
05-24 15:45:15.555: I/BackupBattery(256): kpd_is_backup_battery_insert=false
05-24 15:45:15.556: V/ActivityManager(181): Broadcast: Intent { act=android.intent.action.BACKUP_BATTERY_INSERT (has extras) } ordered=false
05-24 15:45:15.561: I/Width(246): width is: 800
05-24 15:45:15.568: V/ActivityManager(181): Broadcast sticky: Intent { act=android.provider.Telephony.SPN_STRINGS_UPDATED (has extras) } ordered=false
05-24 15:45:15.597: D/KeyguardUpdateMonitor(181): received broadcast android.intent.action.CONFIGURATION_CHANGED
05-24 15:45:15.598: D/KeyguardUpdateMonitor(181): received broadcast android.provider.Telephony.SPN_STRINGS_UPDATED
05-24 15:45:15.598: D/KeyguardUpdateMonitor(181): SPN_STRINGS_UPDATED_ACTION, update sim 2
05-24 15:45:15.598: D/KeyguardUpdateMonitor(181): handleCarrierInfoUpdate: plmn = AT&T, spn = null
05-24 15:45:15.633: I/KeyguardUpdateMonitor(181): DM_IsLocked, lockflag is false
05-24 15:45:15.633: I/KeyguardUpdateMonitor(181): DM_IsLocked, lockflag is false
05-24 15:45:15.640: I/KeyguardUpdateMonitor(181): DM_IsLocked, lockflag is false
05-24 15:45:15.665: I/KeyguardUpdateMonitor(181): DM_IsLocked, lockflag is false
05-24 15:45:15.672: I/KeyguardUpdateMonitor(181): DM_IsLocked, lockflag is false
05-24 15:45:15.694: I/KeyguardUpdateMonitor(181): DM_IsLocked, lockflag is false
05-24 15:45:15.736: I/StatusBarPolicy(246): backup_battery = false
05-24 15:45:15.739: I/KeyguardUpdateMonitor(181): DM_IsLocked, lockflag is false
05-24 15:45:15.750: I/KeyguardUpdateMonitor(181): DM_IsLocked, lockflag is false
05-24 15:45:15.787: I/KeyguardUpdateMonitor(181): DM_IsLocked, lockflag is false
05-24 15:45:15.880: I/KeyguardUpdateMonitor(181): DM_IsLocked, lockflag is false
05-24 15:45:15.882: D/PowerManagerService(181): releaseWakeLock flags=0x1 tag=SCREEN_FROZEN
05-24 15:45:15.883: D/PowerManagerService(181): setButtonBrightnessOverride -1
05-24 15:45:15.889: V/webcore(15278): WebViewCore.handleMessage() SET_SCROLL_OFFSET arg1=0 arg2=0 obj=Point(0, 0)
05-24 15:45:15.889: V/webcore(15278): WebViewCore.handleMessage() done
05-24 15:45:15.907: V/webcore(15278): WebViewCore.handleMessage() SET_GLOBAL_BOUNDS arg1=0 arg2=0 obj=Rect(0, 38 - 800, 480)
05-24 15:45:15.908: V/webcore(15278): WebViewCore.handleMessage() done
05-24 15:45:15.916: V/webcore(15278): WebViewCore.handleMessage() VIEW_SIZE_CHANGED arg1=0 arg2=0 obj=android.webkit.WebView$ViewSizeData@40521cc0
05-24 15:45:15.920: V/webcore(15278): WebViewCore.handleMessage() done
05-24 15:45:15.934: V/webcore(15278): WebViewCore.handleMessage() WEBKIT_DRAW arg1=0 arg2=0 obj=null
05-24 15:45:15.956: V/webcore(15278): WebViewCore.handleMessage() done
05-24 15:45:15.958: V/webcore(15278): WebViewCore.handleMessage() UPDATE_CACHE_AND_TEXT_ENTRY arg1=0 arg2=0 obj=null
05-24 15:45:15.962: V/webcore(15278): WebViewCore.handleMessage() done
05-24 15:45:15.970: I/KeyguardUpdateMonitor(181): DM_IsLocked, lockflag is false
05-24 15:45:15.974: D/PowerManagerService(181): setButtonBrightnessOverride -1
05-24 15:45:15.985: I/System.out(15278): close [socket][/0.0.0.0:45912]
05-24 15:45:16.007: V/webkit(15278): startLoadingResource: url=http://127.0.0.1:38299/c605ffe9-5168-4589-981a-7cbafe169448, method=GET, postData=null, isMainFramePage=true, mainResource=false, userGesture=true
05-24 15:45:17.743: D/WifiCommon(181): [wlan0] Issue cmd = 'DRIVER RSSI-APPROX'
05-24 15:45:17.744: D/WifiCommon(181): [wlan0] cmd = 'DRIVER RSSI-APPROX' ==> failed. (ret = 0 or reply='FAIL').
05-24 15:45:17.744: D/WifiCommon(181): [wlan0] Issue cmd = 'DRIVER RSSI'
05-24 15:45:17.746: D/WifiStateTracker(181): requestPolledInfo, newRssi=-42
05-24 15:45:17.746: D/WifiCommon(181): [wlan0] Issue cmd = 'DRIVER LINKSPEED'
05-24 15:45:17.848: D/OSFileSystem(181): OSFileSystem::open fail : filename==/sys/devices/system/cpu/cpu0/cpufreq/stats/time_in_state, errno=2, err=No such file or directory
05-24 15:45:18.002: D/dalvikvm(181): GC_EXPLICIT freed 430K, 38% free 6847K/10887K, external 1500K/2524K, paused 118ms
05-24 15:45:18.005: D/AudioTrack(93): audiotrack 0x51228 stop
05-24 15:45:18.005: D/AudioTrack(93): audiotrack 0x51228 stop done
05-24 15:45:18.005: D/AudioTrack(93): ~audioTrack 0x51228
05-24 15:45:18.005: D/AudioTrack(93): audiotrack 0x51228 stop
05-24 15:45:18.005: D/AudioTrack(93): audiotrack 0x51228 stop done
05-24 15:45:18.005: D/AudioFlinger(93): Track::destroy()
05-24 15:45:18.005: D/AudioYusuPolicyManager(93): releaseOutput() 1
05-24 15:45:18.005: D/AudioFlinger(93): PlaybackThread::destroyTrack_l
05-24 15:45:18.005: D/AudioFlinger(93): remove track (4096) and delete from mixer
05-24 15:45:18.005: D/AudioFlinger(93): PlaybackThread::Track destructor
05-24 15:45:18.005: D/AudioFlinger(93): TrackBase::~TrackBase()
05-24 15:45:18.005: D/AudioFlinger(93): removeClient_l() pid 93, tid 180, calling tid 181
05-24 15:45:18.007: D/AwesomePlayer(93): ~AwesomePlayer done 
05-24 15:45:18.008: D/AwesomePlayer(93): ~AwesomePlayer done 
05-24 15:45:18.009: D/MediaPlayerService(93): [120]~Client, release_wake_lock
05-24 15:45:18.011: D/MediaPlayerService(93): [119]~Client, release_wake_lock
05-24 15:45:18.994: D/PowerManagerService(181): user activity timeout timed out nextState=3
05-24 15:45:18.994: D/PowerManagerService(181): setPowerState: mPowerState=0x3 newState=0x3 noChangeLights=false reason=3
05-24 15:45:18.994: D/PowerManagerService(181): setTimeoutLocked now=2617706069 timeoutOverride=-1 nextState=1 when=2619493069
05-24 15:45:19.794: D/WarningMessage(1474): TimerTask: ReadCodeTask.run()
05-24 15:45:19.794: D/WarningMessage(1474): sendWarningMessage() called.
05-24 15:45:19.795: D/WarningMessage(1474): line content: 0
05-24 15:45:19.795: D/WarningMessage(1474): notify code is 0
05-24 15:45:19.795: D/WarningMessage(1474): getWarningMessage() called.
05-24 15:45:20.631: D/dalvikvm(14831): GC_EXPLICIT freed 111K, 51% free 3174K/6471K, external 0K/0K, paused 51ms
05-24 15:45:20.751: D/WifiCommon(181): [wlan0] Issue cmd = 'DRIVER RSSI-APPROX'
05-24 15:45:20.751: D/WifiCommon(181): [wlan0] cmd = 'DRIVER RSSI-APPROX' ==> failed. (ret = 0 or reply='FAIL').
05-24 15:45:20.752: D/WifiCommon(181): [wlan0] Issue cmd = 'DRIVER RSSI'
05-24 15:45:20.754: D/WifiStateTracker(181): requestPolledInfo, newRssi=-38
05-24 15:45:20.754: D/WifiCommon(181): [wlan0] Issue cmd = 'DRIVER LINKSPEED'
05-24 15:45:22.835: D/KeyguardViewMediator(181): handleTimeout, seq=49, mWakelockSequence=49
05-24 15:45:23.755: D/WifiCommon(181): [wlan0] Issue cmd = 'DRIVER RSSI-APPROX'
05-24 15:45:23.755: D/WifiCommon(181): [wlan0] cmd = 'DRIVER RSSI-APPROX' ==> failed. (ret = 0 or reply='FAIL').
05-24 15:45:23.755: D/WifiCommon(181): [wlan0] Issue cmd = 'DRIVER RSSI'
05-24 15:45:23.757: D/WifiStateTracker(181): requestPolledInfo, newRssi=-38
05-24 15:45:23.757: D/WifiCommon(181): [wlan0] Issue cmd = 'DRIVER LINKSPEED'
05-24 15:45:25.642: D/dalvikvm(15036): GC_EXPLICIT freed 36K, 46% free 3365K/6151K, external 0K/0K, paused 55ms
05-24 15:45:26.122: I/System.out(15278): close [socket][/0.0.0.0:53904]
05-24 15:45:26.138: V/webkit(15278): startLoadingResource: url=http://127.0.0.1:38299/c605ffe9-5168-4589-981a-7cbafe169448, method=GET, postData=null, isMainFramePage=true, mainResource=false, userGesture=true
05-24 15:45:26.798: D/WifiCommon(181): [wlan0] Issue cmd = 'DRIVER RSSI-APPROX'
05-24 15:45:26.799: D/WifiCommon(181): [wlan0] cmd = 'DRIVER RSSI-APPROX' ==> failed. (ret = 0 or reply='FAIL').
05-24 15:45:26.799: D/WifiCommon(181): [wlan0] Issue cmd = 'DRIVER RSSI'
05-24 15:45:26.801: D/WifiStateTracker(181): requestPolledInfo, newRssi=-38
05-24 15:45:26.801: D/WifiCommon(181): [wlan0] Issue cmd = 'DRIVER LINKSPEED'
05-24 15:45:29.795: D/WarningMessage(1474): TimerTask: ReadCodeTask.run()
05-24 15:45:29.795: D/WarningMessage(1474): sendWarningMessage() called.
05-24 15:45:29.795: D/WarningMessage(1474): line content: 0
05-24 15:45:29.795: D/WarningMessage(1474): notify code is 0
05-24 15:45:29.795: D/WarningMessage(1474): getWarningMessage() called.
05-24 15:45:29.805: D/WifiCommon(181): [wlan0] Issue cmd = 'DRIVER RSSI-APPROX'
05-24 15:45:29.805: D/WifiCommon(181): [wlan0] cmd = 'DRIVER RSSI-APPROX' ==> failed. (ret = 0 or reply='FAIL').
05-24 15:45:29.805: D/WifiCommon(181): [wlan0] Issue cmd = 'DRIVER RSSI'
05-24 15:45:29.808: D/WifiStateTracker(181): requestPolledInfo, newRssi=-38
05-24 15:45:29.808: D/WifiCommon(181): [wlan0] Issue cmd = 'DRIVER LINKSPEED'
05-24 15:45:30.659: D/dalvikvm(2884): GC_EXPLICIT freed 123K, 45% free 3419K/6215K, external 0K/0K, paused 67ms
05-24 15:45:32.812: D/WifiCommon(181): [wlan0] Issue cmd = 'DRIVER RSSI-APPROX'
05-24 15:45:32.812: D/WifiCommon(181): [wlan0] cmd = 'DRIVER RSSI-APPROX' ==> failed. (ret = 0 or reply='FAIL').
05-24 15:45:32.813: D/WifiCommon(181): [wlan0] Issue cmd = 'DRIVER RSSI'
05-24 15:45:32.827: D/WifiStateTracker(181): requestPolledInfo, newRssi=-38
05-24 15:45:32.827: D/WifiCommon(181): [wlan0] Issue cmd = 'DRIVER LINKSPEED'
05-24 15:45:35.642: D/dalvikvm(15045): GC_EXPLICIT freed 14K, 52% free 2758K/5635K, external 0K/0K, paused 45ms
05-24 15:45:35.831: D/WifiCommon(181): [wlan0] Issue cmd = 'DRIVER RSSI-APPROX'
05-24 15:45:35.832: D/WifiCommon(181): [wlan0] cmd = 'DRIVER RSSI-APPROX' ==> failed. (ret = 0 or reply='FAIL').
05-24 15:45:35.832: D/WifiCommon(181): [wlan0] Issue cmd = 'DRIVER RSSI'
05-24 15:45:35.833: D/WifiStateTracker(181): requestPolledInfo, newRssi=-38
05-24 15:45:35.834: D/WifiCommon(181): [wlan0] Issue cmd = 'DRIVER LINKSPEED'
05-24 15:45:36.221: I/System.out(15278): close [socket][/0.0.0.0:35278]
05-24 15:45:36.236: V/webkit(15278): startLoadingResource: url=http://127.0.0.1:38299/c605ffe9-5168-4589-981a-7cbafe169448, method=GET, postData=null, isMainFramePage=true, mainResource=false, userGesture=true
05-24 15:45:38.849: D/WifiCommon(181): [wlan0] Issue cmd = 'DRIVER RSSI-APPROX'
05-24 15:45:38.849: D/WifiCommon(181): [wlan0] cmd = 'DRIVER RSSI-APPROX' ==> failed. (ret = 0 or reply='FAIL').
05-24 15:45:38.849: D/WifiCommon(181): [wlan0] Issue cmd = 'DRIVER RSSI'
05-24 15:45:38.867: D/WifiStateTracker(181): requestPolledInfo, newRssi=-37
05-24 15:45:38.867: D/WifiCommon(181): [wlan0] Issue cmd = 'DRIVER LINKSPEED'
