05-24 15:31:54.971: D/WifiCommon(181): [wlan0] Issue cmd = 'DRIVER RSSI-APPROX'
05-24 15:31:54.971: D/WifiCommon(181): [wlan0] cmd = 'DRIVER RSSI-APPROX' ==> failed. (ret = 0 or reply='FAIL').
05-24 15:31:54.971: D/WifiCommon(181): [wlan0] Issue cmd = 'DRIVER RSSI'
05-24 15:31:54.973: D/WifiStateTracker(181): requestPolledInfo, newRssi=-43
05-24 15:31:54.973: D/WifiCommon(181): [wlan0] Issue cmd = 'DRIVER LINKSPEED'
05-24 15:31:57.975: D/WifiCommon(181): [wlan0] Issue cmd = 'DRIVER RSSI-APPROX'
05-24 15:31:57.975: D/WifiCommon(181): [wlan0] cmd = 'DRIVER RSSI-APPROX' ==> failed. (ret = 0 or reply='FAIL').
05-24 15:31:57.975: D/WifiCommon(181): [wlan0] Issue cmd = 'DRIVER RSSI'
05-24 15:31:57.978: D/WifiStateTracker(181): requestPolledInfo, newRssi=-44
05-24 15:31:57.978: D/WifiCommon(181): [wlan0] Issue cmd = 'DRIVER LINKSPEED'
05-24 15:31:59.773: D/WarningMessage(1474): TimerTask: ReadCodeTask.run()
05-24 15:31:59.773: D/WarningMessage(1474): sendWarningMessage() called.
05-24 15:31:59.774: D/WarningMessage(1474): line content: 0
05-24 15:31:59.774: D/WarningMessage(1474): notify code is 0
05-24 15:31:59.774: D/WarningMessage(1474): getWarningMessage() called.
05-24 15:32:00.000: V/AlarmManager(181): Checking for alarms... rtc=1369423920000, elapsed=3355723583
05-24 15:32:00.000: V/AlarmManager(181): Checking active alarm when=1369423920000 Alarm{409632d0 type 1 android}
05-24 15:32:00.000: V/AlarmManager(181): Alarm triggering: Alarm{409632d0 type 1 android}
05-24 15:32:00.000: V/AlarmManager(181): Checking active alarm when=1369497600000 Alarm{40a59040 type 1 android}
05-24 15:32:00.001: V/AlarmManager(181): Native set alarm :Alarm{40a59040 type 1 android}
05-24 15:32:00.001: I/AlarmManager(181): reset poweroff alarm none
05-24 15:32:00.001: V/AlarmManager(181): sending alarm Alarm{409632d0 type 1 android}
05-24 15:32:00.001: V/ActivityManager(181): Broadcast: Intent { act=android.intent.action.TIME_TICK flg=0x40000004 (has extras) } ordered=true
05-24 15:32:00.006: D/PowerManagerService(181): acquireWakeLock flags=0x1 tag=AlarmManager
05-24 15:32:00.006: V/AlarmManager(181): set: Alarm{409ac170 type 1 android}
05-24 15:32:00.006: V/AlarmManager(181): Adding alarm Alarm{409ac170 type 1 android} at 0
05-24 15:32:00.007: V/AlarmManager(181): alarms: 2 type: 1
05-24 15:32:00.007: V/AlarmManager(181): 0: May 24 03:33:00 pm android
05-24 15:32:00.007: V/AlarmManager(181): 1: May 25 12:00:00 pm android
05-24 15:32:00.007: V/AlarmManager(181): Native set alarm :Alarm{409ac170 type 1 android}
05-24 15:32:00.009: D/KeyguardUpdateMonitor(181): received broadcast android.intent.action.TIME_TICK
05-24 15:32:00.009: D/KeyguardUpdateMonitor(181): handleTimeUpdate
05-24 15:32:00.173: V/ActivityManager(181): Broadcast: Intent { act=android.intent.action.SEND } ordered=false
05-24 15:32:00.185: D/PowerManagerService(181): KeyguardDoneDrawReceiver onReceive DONE_DRAW
05-24 15:32:00.205: D/PowerManagerService(181): releaseWakeLock flags=0x1 tag=AlarmManager
05-24 15:32:00.215: V/ActivityManager(181): Broadcast: Intent { act=android.intent.action.SEND } ordered=false
05-24 15:32:00.218: D/PowerManagerService(181): KeyguardDoneDrawReceiver onReceive DONE_DRAW
05-24 15:32:00.982: D/WifiCommon(181): [wlan0] Issue cmd = 'DRIVER RSSI-APPROX'
05-24 15:32:00.982: D/WifiCommon(181): [wlan0] cmd = 'DRIVER RSSI-APPROX' ==> failed. (ret = 0 or reply='FAIL').
05-24 15:32:00.982: D/WifiCommon(181): [wlan0] Issue cmd = 'DRIVER RSSI'
05-24 15:32:00.984: D/WifiStateTracker(181): requestPolledInfo, newRssi=-44
05-24 15:32:00.984: D/WifiCommon(181): [wlan0] Issue cmd = 'DRIVER LINKSPEED'
05-24 15:32:03.999: D/WifiCommon(181): [wlan0] Issue cmd = 'DRIVER RSSI-APPROX'
05-24 15:32:03.999: D/WifiCommon(181): [wlan0] cmd = 'DRIVER RSSI-APPROX' ==> failed. (ret = 0 or reply='FAIL').
05-24 15:32:03.999: D/WifiCommon(181): [wlan0] Issue cmd = 'DRIVER RSSI'
05-24 15:32:04.017: D/WifiStateTracker(181): requestPolledInfo, newRssi=-43
05-24 15:32:04.017: D/WifiCommon(181): [wlan0] Issue cmd = 'DRIVER LINKSPEED'
05-24 15:32:05.028: D/OSFileSystem(181): OSFileSystem::open fail : filename==/sys/devices/system/cpu/cpu0/cpufreq/stats/time_in_state, errno=2, err=No such file or directory
05-24 15:32:07.021: D/WifiCommon(181): [wlan0] Issue cmd = 'DRIVER RSSI-APPROX'
05-24 15:32:07.021: D/WifiCommon(181): [wlan0] cmd = 'DRIVER RSSI-APPROX' ==> failed. (ret = 0 or reply='FAIL').
05-24 15:32:07.021: D/WifiCommon(181): [wlan0] Issue cmd = 'DRIVER RSSI'
05-24 15:32:07.023: D/WifiStateTracker(181): requestPolledInfo, newRssi=-43
05-24 15:32:07.023: D/WifiCommon(181): [wlan0] Issue cmd = 'DRIVER LINKSPEED'
05-24 15:32:09.773: D/WarningMessage(1474): TimerTask: ReadCodeTask.run()
05-24 15:32:09.773: D/WarningMessage(1474): sendWarningMessage() called.
05-24 15:32:09.774: D/WarningMessage(1474): line content: 0
05-24 15:32:09.774: D/WarningMessage(1474): notify code is 0
05-24 15:32:09.774: D/WarningMessage(1474): getWarningMessage() called.
05-24 15:32:10.039: D/WifiCommon(181): [wlan0] Issue cmd = 'DRIVER RSSI-APPROX'
05-24 15:32:10.040: D/WifiCommon(181): [wlan0] cmd = 'DRIVER RSSI-APPROX' ==> failed. (ret = 0 or reply='FAIL').
05-24 15:32:10.040: D/WifiCommon(181): [wlan0] Issue cmd = 'DRIVER RSSI'
05-24 15:32:10.057: D/WifiStateTracker(181): requestPolledInfo, newRssi=-42
05-24 15:32:10.057: D/WifiCommon(181): [wlan0] Issue cmd = 'DRIVER LINKSPEED'
05-24 15:32:13.061: D/WifiCommon(181): [wlan0] Issue cmd = 'DRIVER RSSI-APPROX'
05-24 15:32:13.062: D/WifiCommon(181): [wlan0] cmd = 'DRIVER RSSI-APPROX' ==> failed. (ret = 0 or reply='FAIL').
05-24 15:32:13.062: D/WifiCommon(181): [wlan0] Issue cmd = 'DRIVER RSSI'
05-24 15:32:13.063: D/WifiStateTracker(181): requestPolledInfo, newRssi=-42
05-24 15:32:13.063: D/WifiCommon(181): [wlan0] Issue cmd = 'DRIVER LINKSPEED'
05-24 15:32:16.077: D/WifiCommon(181): [wlan0] Issue cmd = 'DRIVER RSSI-APPROX'
05-24 15:32:16.077: D/WifiCommon(181): [wlan0] cmd = 'DRIVER RSSI-APPROX' ==> failed. (ret = 0 or reply='FAIL').
05-24 15:32:16.077: D/WifiCommon(181): [wlan0] Issue cmd = 'DRIVER RSSI'
05-24 15:32:16.116: D/WifiStateTracker(181): requestPolledInfo, newRssi=-40
05-24 15:32:16.116: D/WifiCommon(181): [wlan0] Issue cmd = 'DRIVER LINKSPEED'
05-24 15:32:19.120: D/WifiCommon(181): [wlan0] Issue cmd = 'DRIVER RSSI-APPROX'
05-24 15:32:19.121: D/WifiCommon(181): [wlan0] cmd = 'DRIVER RSSI-APPROX' ==> failed. (ret = 0 or reply='FAIL').
05-24 15:32:19.121: D/WifiCommon(181): [wlan0] Issue cmd = 'DRIVER RSSI'
05-24 15:32:19.122: D/WifiStateTracker(181): requestPolledInfo, newRssi=-40
05-24 15:32:19.122: D/WifiCommon(181): [wlan0] Issue cmd = 'DRIVER LINKSPEED'
05-24 15:32:19.773: D/WarningMessage(1474): TimerTask: ReadCodeTask.run()
05-24 15:32:19.774: D/WarningMessage(1474): sendWarningMessage() called.
05-24 15:32:19.774: D/WarningMessage(1474): line content: 0
05-24 15:32:19.775: D/WarningMessage(1474): notify code is 0
05-24 15:32:19.775: D/WarningMessage(1474): getWarningMessage() called.
05-24 15:32:22.139: D/WifiCommon(181): [wlan0] Issue cmd = 'DRIVER RSSI-APPROX'
05-24 15:32:22.139: D/WifiCommon(181): [wlan0] cmd = 'DRIVER RSSI-APPROX' ==> failed. (ret = 0 or reply='FAIL').
05-24 15:32:22.139: D/WifiCommon(181): [wlan0] Issue cmd = 'DRIVER RSSI'
05-24 15:32:22.157: D/WifiStateTracker(181): requestPolledInfo, newRssi=-40
05-24 15:32:22.157: D/WifiCommon(181): [wlan0] Issue cmd = 'DRIVER LINKSPEED'
05-24 15:32:25.161: D/WifiCommon(181): [wlan0] Issue cmd = 'DRIVER RSSI-APPROX'
05-24 15:32:25.161: D/WifiCommon(181): [wlan0] cmd = 'DRIVER RSSI-APPROX' ==> failed. (ret = 0 or reply='FAIL').
05-24 15:32:25.161: D/WifiCommon(181): [wlan0] Issue cmd = 'DRIVER RSSI'
05-24 15:32:25.163: D/WifiStateTracker(181): requestPolledInfo, newRssi=-40
05-24 15:32:25.163: D/WifiCommon(181): [wlan0] Issue cmd = 'DRIVER LINKSPEED'
05-24 15:32:28.179: D/WifiCommon(181): [wlan0] Issue cmd = 'DRIVER RSSI-APPROX'
05-24 15:32:28.179: D/WifiCommon(181): [wlan0] cmd = 'DRIVER RSSI-APPROX' ==> failed. (ret = 0 or reply='FAIL').
05-24 15:32:28.179: D/WifiCommon(181): [wlan0] Issue cmd = 'DRIVER RSSI'
05-24 15:32:28.197: D/WifiStateTracker(181): requestPolledInfo, newRssi=-38
05-24 15:32:28.197: D/WifiCommon(181): [wlan0] Issue cmd = 'DRIVER LINKSPEED'
05-24 15:32:29.773: D/WarningMessage(1474): TimerTask: ReadCodeTask.run()
05-24 15:32:29.773: D/WarningMessage(1474): sendWarningMessage() called.
05-24 15:32:29.774: D/WarningMessage(1474): line content: 0
05-24 15:32:29.774: D/WarningMessage(1474): notify code is 0
05-24 15:32:29.774: D/WarningMessage(1474): getWarningMessage() called.
05-24 15:32:31.201: D/WifiCommon(181): [wlan0] Issue cmd = 'DRIVER RSSI-APPROX'
05-24 15:32:31.201: D/WifiCommon(181): [wlan0] cmd = 'DRIVER RSSI-APPROX' ==> failed. (ret = 0 or reply='FAIL').
05-24 15:32:31.201: D/WifiCommon(181): [wlan0] Issue cmd = 'DRIVER RSSI'
05-24 15:32:31.203: D/WifiStateTracker(181): requestPolledInfo, newRssi=-38
05-24 15:32:31.203: D/WifiCommon(181): [wlan0] Issue cmd = 'DRIVER LINKSPEED'
05-24 15:32:34.219: D/WifiCommon(181): [wlan0] Issue cmd = 'DRIVER RSSI-APPROX'
05-24 15:32:34.219: D/WifiCommon(181): [wlan0] cmd = 'DRIVER RSSI-APPROX' ==> failed. (ret = 0 or reply='FAIL').
05-24 15:32:34.219: D/WifiCommon(181): [wlan0] Issue cmd = 'DRIVER RSSI'
05-24 15:32:34.237: D/WifiStateTracker(181): requestPolledInfo, newRssi=-38
05-24 15:32:34.237: D/WifiCommon(181): [wlan0] Issue cmd = 'DRIVER LINKSPEED'
05-24 15:32:37.241: D/WifiCommon(181): [wlan0] Issue cmd = 'DRIVER RSSI-APPROX'
05-24 15:32:37.241: D/WifiCommon(181): [wlan0] cmd = 'DRIVER RSSI-APPROX' ==> failed. (ret = 0 or reply='FAIL').
05-24 15:32:37.242: D/WifiCommon(181): [wlan0] Issue cmd = 'DRIVER RSSI'
05-24 15:32:37.243: D/WifiStateTracker(181): requestPolledInfo, newRssi=-38
05-24 15:32:37.243: D/WifiCommon(181): [wlan0] Issue cmd = 'DRIVER LINKSPEED'
05-24 15:32:39.774: D/WarningMessage(1474): TimerTask: ReadCodeTask.run()
05-24 15:32:39.774: D/WarningMessage(1474): sendWarningMessage() called.
05-24 15:32:39.775: D/WarningMessage(1474): line content: 0
05-24 15:32:39.775: D/WarningMessage(1474): notify code is 0
05-24 15:32:39.775: D/WarningMessage(1474): getWarningMessage() called.
05-24 15:32:40.248: D/WifiCommon(181): [wlan0] Issue cmd = 'DRIVER RSSI-APPROX'
05-24 15:32:40.248: D/WifiCommon(181): [wlan0] cmd = 'DRIVER RSSI-APPROX' ==> failed. (ret = 0 or reply='FAIL').
05-24 15:32:40.248: D/WifiCommon(181): [wlan0] Issue cmd = 'DRIVER RSSI'
05-24 15:32:40.251: D/WifiStateTracker(181): requestPolledInfo, newRssi=-36
05-24 15:32:40.251: D/WifiCommon(181): [wlan0] Issue cmd = 'DRIVER LINKSPEED'
05-24 15:32:43.255: D/WifiCommon(181): [wlan0] Issue cmd = 'DRIVER RSSI-APPROX'
05-24 15:32:43.255: D/WifiCommon(181): [wlan0] cmd = 'DRIVER RSSI-APPROX' ==> failed. (ret = 0 or reply='FAIL').
05-24 15:32:43.255: D/WifiCommon(181): [wlan0] Issue cmd = 'DRIVER RSSI'
05-24 15:32:43.257: D/WifiStateTracker(181): requestPolledInfo, newRssi=-36
05-24 15:32:43.257: D/WifiCommon(181): [wlan0] Issue cmd = 'DRIVER LINKSPEED'
05-24 15:32:46.298: D/WifiCommon(181): [wlan0] Issue cmd = 'DRIVER RSSI-APPROX'
05-24 15:32:46.298: D/WifiCommon(181): [wlan0] cmd = 'DRIVER RSSI-APPROX' ==> failed. (ret = 0 or reply='FAIL').
05-24 15:32:46.299: D/WifiCommon(181): [wlan0] Issue cmd = 'DRIVER RSSI'
05-24 15:32:46.301: D/WifiStateTracker(181): requestPolledInfo, newRssi=-40
05-24 15:32:46.301: D/WifiCommon(181): [wlan0] Issue cmd = 'DRIVER LINKSPEED'
05-24 15:32:49.305: D/WifiCommon(181): [wlan0] Issue cmd = 'DRIVER RSSI-APPROX'
05-24 15:32:49.305: D/WifiCommon(181): [wlan0] cmd = 'DRIVER RSSI-APPROX' ==> failed. (ret = 0 or reply='FAIL').
05-24 15:32:49.305: D/WifiCommon(181): [wlan0] Issue cmd = 'DRIVER RSSI'
05-24 15:32:49.307: D/WifiStateTracker(181): requestPolledInfo, newRssi=-40
05-24 15:32:49.307: D/WifiCommon(181): [wlan0] Issue cmd = 'DRIVER LINKSPEED'
05-24 15:32:49.774: D/WarningMessage(1474): TimerTask: ReadCodeTask.run()
05-24 15:32:49.774: D/WarningMessage(1474): sendWarningMessage() called.
05-24 15:32:49.775: D/WarningMessage(1474): line content: 0
05-24 15:32:49.775: D/WarningMessage(1474): notify code is 0
05-24 15:32:49.775: D/WarningMessage(1474): getWarningMessage() called.
05-24 15:32:52.311: D/WifiCommon(181): [wlan0] Issue cmd = 'DRIVER RSSI-APPROX'
05-24 15:32:52.312: D/WifiCommon(181): [wlan0] cmd = 'DRIVER RSSI-APPROX' ==> failed. (ret = 0 or reply='FAIL').
05-24 15:32:52.312: D/WifiCommon(181): [wlan0] Issue cmd = 'DRIVER RSSI'
05-24 15:32:52.327: D/WifiStateTracker(181): requestPolledInfo, newRssi=-40
05-24 15:32:52.327: D/WifiCommon(181): [wlan0] Issue cmd = 'DRIVER LINKSPEED'
05-24 15:32:55.329: D/WifiCommon(181): [wlan0] Issue cmd = 'DRIVER RSSI-APPROX'
05-24 15:32:55.330: D/WifiCommon(181): [wlan0] cmd = 'DRIVER RSSI-APPROX' ==> failed. (ret = 0 or reply='FAIL').
05-24 15:32:55.330: D/WifiCommon(181): [wlan0] Issue cmd = 'DRIVER RSSI'
05-24 15:32:55.331: D/WifiStateTracker(181): requestPolledInfo, newRssi=-40
05-24 15:32:55.331: D/WifiCommon(181): [wlan0] Issue cmd = 'DRIVER LINKSPEED'
05-24 15:32:58.335: D/WifiCommon(181): [wlan0] Issue cmd = 'DRIVER RSSI-APPROX'
05-24 15:32:58.335: D/WifiCommon(181): [wlan0] cmd = 'DRIVER RSSI-APPROX' ==> failed. (ret = 0 or reply='FAIL').
05-24 15:32:58.335: D/WifiCommon(181): [wlan0] Issue cmd = 'DRIVER RSSI'
05-24 15:32:58.338: D/WifiStateTracker(181): requestPolledInfo, newRssi=-41
05-24 15:32:58.338: D/WifiCommon(181): [wlan0] Issue cmd = 'DRIVER LINKSPEED'
05-24 15:32:59.775: D/WarningMessage(1474): TimerTask: ReadCodeTask.run()
05-24 15:32:59.775: D/WarningMessage(1474): sendWarningMessage() called.
05-24 15:32:59.776: D/WarningMessage(1474): line content: 0
05-24 15:32:59.776: D/WarningMessage(1474): notify code is 0
05-24 15:32:59.776: D/WarningMessage(1474): getWarningMessage() called.
05-24 15:33:00.000: V/AlarmManager(181): Checking for alarms... rtc=1369423980000, elapsed=3355783583
05-24 15:33:00.000: V/AlarmManager(181): Checking active alarm when=1369423980000 Alarm{409ac170 type 1 android}
05-24 15:33:00.000: V/AlarmManager(181): Alarm triggering: Alarm{409ac170 type 1 android}
05-24 15:33:00.001: V/AlarmManager(181): Checking active alarm when=1369497600000 Alarm{40a59040 type 1 android}
05-24 15:33:00.001: V/AlarmManager(181): Native set alarm :Alarm{40a59040 type 1 android}
05-24 15:33:00.001: I/AlarmManager(181): reset poweroff alarm none
05-24 15:33:00.001: V/AlarmManager(181): sending alarm Alarm{409ac170 type 1 android}
05-24 15:33:00.001: V/ActivityManager(181): Broadcast: Intent { act=android.intent.action.TIME_TICK flg=0x40000004 (has extras) } ordered=true
05-24 15:33:00.007: D/PowerManagerService(181): acquireWakeLock flags=0x1 tag=AlarmManager
05-24 15:33:00.008: V/AlarmManager(181): set: Alarm{408a7178 type 1 android}
05-24 15:33:00.008: V/AlarmManager(181): Adding alarm Alarm{408a7178 type 1 android} at 0
05-24 15:33:00.008: V/AlarmManager(181): alarms: 2 type: 1
05-24 15:33:00.008: V/AlarmManager(181): 0: May 24 03:34:00 pm android
05-24 15:33:00.009: V/AlarmManager(181): 1: May 25 12:00:00 pm android
05-24 15:33:00.009: V/AlarmManager(181): Native set alarm :Alarm{408a7178 type 1 android}
05-24 15:33:00.011: D/KeyguardUpdateMonitor(181): received broadcast android.intent.action.TIME_TICK
05-24 15:33:00.011: D/KeyguardUpdateMonitor(181): handleTimeUpdate
05-24 15:33:00.179: D/PowerManagerService(181): releaseWakeLock flags=0x1 tag=AlarmManager
05-24 15:33:00.189: V/ActivityManager(181): Broadcast: Intent { act=android.intent.action.SEND } ordered=false
05-24 15:33:00.190: D/PowerManagerService(181): KeyguardDoneDrawReceiver onReceive DONE_DRAW
05-24 15:33:00.191: I/SurfaceFlinger(181): [SurfaceFlinger] statistic - FrameCount: 120, Duration: -1894947635us, fps: 0.050000
05-24 15:33:00.217: I/SurfaceFlinger(181): LAYER::fps = 0.033 per frame count(120)
05-24 15:33:00.217: V/ActivityManager(181): Broadcast: Intent { act=android.intent.action.SEND } ordered=false
05-24 15:33:00.219: D/PowerManagerService(181): KeyguardDoneDrawReceiver onReceive DONE_DRAW
05-24 15:33:01.340: D/WifiCommon(181): [wlan0] Issue cmd = 'DRIVER RSSI-APPROX'
05-24 15:33:01.341: D/WifiCommon(181): [wlan0] cmd = 'DRIVER RSSI-APPROX' ==> failed. (ret = 0 or reply='FAIL').
05-24 15:33:01.341: D/WifiCommon(181): [wlan0] Issue cmd = 'DRIVER RSSI'
05-24 15:33:01.343: D/WifiStateTracker(181): requestPolledInfo, newRssi=-41
05-24 15:33:01.343: D/WifiCommon(181): [wlan0] Issue cmd = 'DRIVER LINKSPEED'
05-24 15:33:03.535: D/dalvikvm(181): GC_CONCURRENT freed 1161K, 38% free 6828K/10887K, external 1500K/2524K, paused 6ms+10ms
05-24 15:33:04.359: D/WifiCommon(181): [wlan0] Issue cmd = 'DRIVER RSSI-APPROX'
05-24 15:33:04.359: D/WifiCommon(181): [wlan0] cmd = 'DRIVER RSSI-APPROX' ==> failed. (ret = 0 or reply='FAIL').
05-24 15:33:04.359: D/WifiCommon(181): [wlan0] Issue cmd = 'DRIVER RSSI'
05-24 15:33:04.377: D/WifiStateTracker(181): requestPolledInfo, newRssi=-39
05-24 15:33:04.377: D/WifiCommon(181): [wlan0] Issue cmd = 'DRIVER LINKSPEED'
05-24 15:33:05.031: D/OSFileSystem(181): OSFileSystem::open fail : filename==/sys/devices/system/cpu/cpu0/cpufreq/stats/time_in_state, errno=2, err=No such file or directory
05-24 15:33:07.381: D/WifiCommon(181): [wlan0] Issue cmd = 'DRIVER RSSI-APPROX'
05-24 15:33:07.381: D/WifiCommon(181): [wlan0] cmd = 'DRIVER RSSI-APPROX' ==> failed. (ret = 0 or reply='FAIL').
05-24 15:33:07.381: D/WifiCommon(181): [wlan0] Issue cmd = 'DRIVER RSSI'
05-24 15:33:07.383: D/WifiStateTracker(181): requestPolledInfo, newRssi=-39
05-24 15:33:07.383: D/WifiCommon(181): [wlan0] Issue cmd = 'DRIVER LINKSPEED'
05-24 15:33:09.775: D/WarningMessage(1474): TimerTask: ReadCodeTask.run()
05-24 15:33:09.775: D/WarningMessage(1474): sendWarningMessage() called.
05-24 15:33:09.826: D/dalvikvm(1474): GC_FOR_MALLOC freed 731K, 48% free 4059K/7751K, external 688K/1712K, paused 50ms
05-24 15:33:09.828: D/WarningMessage(1474): line content: 0
05-24 15:33:09.829: D/WarningMessage(1474): notify code is 0
05-24 15:33:09.829: D/WarningMessage(1474): getWarningMessage() called.
05-24 15:33:10.399: D/WifiCommon(181): [wlan0] Issue cmd = 'DRIVER RSSI-APPROX'
05-24 15:33:10.399: D/WifiCommon(181): [wlan0] cmd = 'DRIVER RSSI-APPROX' ==> failed. (ret = 0 or reply='FAIL').
05-24 15:33:10.399: D/WifiCommon(181): [wlan0] Issue cmd = 'DRIVER RSSI'
05-24 15:33:10.417: D/WifiStateTracker(181): requestPolledInfo, newRssi=-39
05-24 15:33:10.417: D/WifiCommon(181): [wlan0] Issue cmd = 'DRIVER LINKSPEED'
05-24 15:33:13.421: D/WifiCommon(181): [wlan0] Issue cmd = 'DRIVER RSSI-APPROX'
05-24 15:33:13.421: D/WifiCommon(181): [wlan0] cmd = 'DRIVER RSSI-APPROX' ==> failed. (ret = 0 or reply='FAIL').
05-24 15:33:13.421: D/WifiCommon(181): [wlan0] Issue cmd = 'DRIVER RSSI'
05-24 15:33:13.423: D/WifiStateTracker(181): requestPolledInfo, newRssi=-39
05-24 15:33:13.423: D/WifiCommon(181): [wlan0] Issue cmd = 'DRIVER LINKSPEED'
05-24 15:33:16.439: D/WifiCommon(181): [wlan0] Issue cmd = 'DRIVER RSSI-APPROX'
05-24 15:33:16.440: D/WifiCommon(181): [wlan0] cmd = 'DRIVER RSSI-APPROX' ==> failed. (ret = 0 or reply='FAIL').
05-24 15:33:16.440: D/WifiCommon(181): [wlan0] Issue cmd = 'DRIVER RSSI'
05-24 15:33:16.457: D/WifiStateTracker(181): requestPolledInfo, newRssi=-39
05-24 15:33:16.457: D/WifiCommon(181): [wlan0] Issue cmd = 'DRIVER LINKSPEED'
05-24 15:33:19.461: D/WifiCommon(181): [wlan0] Issue cmd = 'DRIVER RSSI-APPROX'
05-24 15:33:19.461: D/WifiCommon(181): [wlan0] cmd = 'DRIVER RSSI-APPROX' ==> failed. (ret = 0 or reply='FAIL').
05-24 15:33:19.461: D/WifiCommon(181): [wlan0] Issue cmd = 'DRIVER RSSI'
05-24 15:33:19.463: D/WifiStateTracker(181): requestPolledInfo, newRssi=-39
05-24 15:33:19.463: D/WifiCommon(181): [wlan0] Issue cmd = 'DRIVER LINKSPEED'
05-24 15:33:19.776: D/WarningMessage(1474): TimerTask: ReadCodeTask.run()
05-24 15:33:19.776: D/WarningMessage(1474): sendWarningMessage() called.
05-24 15:33:19.777: D/WarningMessage(1474): line content: 0
05-24 15:33:19.777: D/WarningMessage(1474): notify code is 0
05-24 15:33:19.777: D/WarningMessage(1474): getWarningMessage() called.
05-24 15:33:22.479: D/WifiCommon(181): [wlan0] Issue cmd = 'DRIVER RSSI-APPROX'
05-24 15:33:22.480: D/WifiCommon(181): [wlan0] cmd = 'DRIVER RSSI-APPROX' ==> failed. (ret = 0 or reply='FAIL').
05-24 15:33:22.480: D/WifiCommon(181): [wlan0] Issue cmd = 'DRIVER RSSI'
05-24 15:33:22.497: D/WifiStateTracker(181): requestPolledInfo, newRssi=-39
05-24 15:33:22.497: D/WifiCommon(181): [wlan0] Issue cmd = 'DRIVER LINKSPEED'
05-24 15:33:24.948: V/AlarmManager(181): Checking for alarms... rtc=1369424004948, elapsed=3355808531
05-24 15:33:24.948: V/AlarmManager(181): Checking active alarm when=3355808531 Alarm{40a04ba8 type 2 com.google.android.location}
05-24 15:33:24.948: V/AlarmManager(181): Alarm triggering: Alarm{40a04ba8 type 2 com.google.android.location}
05-24 15:33:24.949: V/AlarmManager(181): Checking active alarm when=3356167635 Alarm{409b5848 type 2 com.google.android.apps.maps}
05-24 15:33:24.949: V/AlarmManager(181): Native set alarm :Alarm{409b5848 type 2 com.google.android.apps.maps}
05-24 15:33:24.949: I/AlarmManager(181): reset poweroff alarm none
05-24 15:33:24.949: V/AlarmManager(181): sending alarm Alarm{40a04ba8 type 2 com.google.android.location}
05-24 15:33:24.949: V/ActivityManager(181): Broadcast: Intent { act=com.google.android.location.ALARM_WAKEUP flg=0x4 (has extras) } ordered=true
05-24 15:33:24.950: D/PowerManagerService(181): acquireWakeLock flags=0x1 tag=AlarmManager
05-24 15:33:24.954: D/PowerManagerService(181): acquireWakeLock flags=0x1 tag=*network-location*
05-24 15:33:24.956: D/PowerManagerService(181): acquireWakeLock flags=0x1 tag=RILJ
05-24 15:33:24.960: D/WifiService(181): acquireWifiLockLocked: WifiLock{NetworkLocationProvider type=2 binder=android.os.BinderProxy@409406e0}
05-24 15:33:24.961: D/WifiService(181): doUpdateWifiState, mDisableByWifiManager=false, wifiEnabled=true
05-24 15:33:24.961: D/PowerManagerService(181): acquireWakeLock flags=0x1 tag=*wifi*
05-24 15:33:24.961: D/WifiService(181): setWifiEnabledBlocking, enable=true, persist=false, uid=1000
05-24 15:33:24.961: D/WifiStateTracker(181): restart, mConnectingSupplicant=false
05-24 15:33:24.962: D/PowerManagerService(181): releaseWakeLock flags=0x1 tag=*wifi*
05-24 15:33:24.965: D/PowerManagerService(181): releaseWakeLock flags=0x1 tag=AlarmManager
05-24 15:33:24.968: D/WifiCommon(181): [wlan0] Issue cmd = 'AP_SCAN 2'
05-24 15:33:24.969: D/WifiCommon(181): [wlan0] Issue cmd = 'SCAN'
05-24 15:33:24.970: V/AlarmManager(181): Checking for alarms... rtc=1369424004970, elapsed=3355808553
05-24 15:33:24.970: V/AlarmManager(181): Checking active alarm when=3355808536 Alarm{409caee8 type 3 android}
05-24 15:33:24.970: V/AlarmManager(181): Alarm triggering: Alarm{409caee8 type 3 android}
05-24 15:33:24.970: V/AlarmManager(181): Checking active alarm when=4077403627 Alarm{4087c208 type 3 android}
05-24 15:33:24.971: V/AlarmManager(181): Native set alarm :Alarm{4087c208 type 3 android}
05-24 15:33:24.971: I/AlarmManager(181): reset poweroff alarm none
05-24 15:33:24.971: V/AlarmManager(181): sending alarm Alarm{409caee8 type 3 android}
05-24 15:33:24.971: V/ActivityManager(181): Broadcast: Intent { act=com.android.server.ThrottleManager.action.POLL flg=0x4 (has extras) } ordered=true
05-24 15:33:24.987: D/PowerManagerService(181): acquireWakeLock flags=0x1 tag=AlarmManager
05-24 15:33:24.988: D/PowerManagerService(181): releaseWakeLock flags=0x1 tag=AlarmManager
05-24 15:33:24.990: D/PowerManagerService(181): releaseWakeLock flags=0x1 tag=RILJ
05-24 15:33:24.991: D/PowerManagerService(181): acquireWakeLock flags=0x1 tag=RILJ
05-24 15:33:24.993: V/AlarmManager(181): set: Alarm{4088be68 type 2 com.google.android.location}
05-24 15:33:24.994: V/AlarmManager(181): Adding alarm Alarm{4088be68 type 2 com.google.android.location} at 0
05-24 15:33:24.994: V/AlarmManager(181): alarms: 6 type: 2
05-24 15:33:24.994: V/AlarmManager(181): 0: Feb 08 03:10:13 pm com.google.android.location
05-24 15:33:24.994: V/AlarmManager(181): 1: Feb 08 03:16:07 pm com.google.android.apps.maps
05-24 15:33:24.994: V/AlarmManager(181): 2: Feb 08 07:00:37 pm android
05-24 15:33:24.995: V/AlarmManager(181): 3: Feb 08 07:46:04 pm android
05-24 15:33:24.996: V/AlarmManager(181): 4: Feb 08 07:51:22 pm com.google.android.apps.maps
05-24 15:33:24.996: V/AlarmManager(181): 5: Jan 21 05:31:41 am com.google.android.apps.maps
05-24 15:33:24.996: V/AlarmManager(181): Native set alarm :Alarm{4088be68 type 2 com.google.android.location}
05-24 15:33:24.998: V/ActivityManager(181): Broadcast sticky: Intent { act=android.net.thrott.POLL_ACTION (has extras) } ordered=false
05-24 15:33:24.998: V/AlarmManager(181): set: Alarm{40881928 type 3 android}
05-24 15:33:24.999: V/AlarmManager(181): Adding alarm Alarm{40881928 type 3 android} at 0
05-24 15:33:24.999: V/AlarmManager(181): alarms: 2 type: 3
05-24 15:33:24.999: V/AlarmManager(181): 0: Feb 08 03:20:08 pm android
05-24 15:33:24.999: V/AlarmManager(181): 1: Feb 16 11:36:43 pm android
05-24 15:33:25.000: V/AlarmManager(181): Native set alarm :Alarm{40881928 type 3 android}
05-24 15:33:25.017: D/PowerManagerService(181): releaseWakeLock flags=0x1 tag=RILJ
05-24 15:33:25.025: I/MtkAgps(181): onCellLocationChanged()
05-24 15:33:25.026: I/MtkAgps(181): -->GEMINI_SIM_1 dataConnection is 0
05-24 15:33:25.026: I/MtkAgps(181): onCellLocationChanged --> call agps_update_cell_info()
05-24 15:33:25.026: I/MtkAgps(181): ------------before agps_update_cell_info()-------------------
05-24 15:33:25.026: I/MtkAgps(181):     Network(1)
05-24 15:33:25.026: I/MtkAgps(181):     IMSI(310410514674821)
05-24 15:33:25.026: I/MtkAgps(181):     MccMnc(310410)
05-24 15:33:25.027: I/MtkAgps(181):     Lac: 2956
05-24 15:33:25.027: I/MtkAgps(181):     Cid: 139019697
05-24 15:33:25.028: D/PowerManagerService(181): acquireWakeLock flags=0x1 tag=RILJ
05-24 15:33:25.031: D/PowerManagerService(181): acquireWakeLock flags=0x1 tag=RILJ
05-24 15:33:25.033: I/MtkAgps(181): network type: HSPA
05-24 15:33:25.033: I/MtkAgps(181): --> LAC(2956) UCID(139019697)
05-24 15:33:25.033: I/MtkAgps(181): ------------After agps_update_cell_info()-------------------
05-24 15:33:25.033: I/MtkAgps(181):     Network(1) [2G(0)/3G(1)]
05-24 15:33:25.033: I/MtkAgps(181):     IMSI(310410514674821)
05-24 15:33:25.033: I/MtkAgps(181):     MccMnc(310410)
05-24 15:33:25.033: I/MtkAgps(181):     Lac: 2956
05-24 15:33:25.033: I/MtkAgps(181):     Cid: 139019697
05-24 15:33:25.033: I/MtkAgps(181): MtkAgpsIO.write: AGPS_CMD_CELLINFO(14)
05-24 15:33:25.035: D/MtkAgps(104): agpsd socket_msg_read: g_conn_fd(7)
05-24 15:33:25.035: D/MtkAgps(104): agpsd socket_msg_read() 00:15:29
05-24 15:33:25.035: I/MtkAgps(181): MtkAgpsIO.write: CellInfo
05-24 15:33:25.038: D/PowerManagerService(181): acquireWakeLock flags=0x1 tag=*network-location-cell-update*
05-24 15:33:25.042: D/PowerManagerService(181): acquireWakeLock flags=0x1 tag=RILJ
05-24 15:33:25.067: V/AlarmManager(181): set: Alarm{4086bee0 type 2 com.google.android.apps.maps}
05-24 15:33:25.067: V/AlarmManager(181): Adding alarm Alarm{4086bee0 type 2 com.google.android.apps.maps} at 5
05-24 15:33:25.067: V/AlarmManager(181): alarms: 6 type: 2
05-24 15:33:25.068: V/AlarmManager(181): 0: Feb 08 03:10:13 pm com.google.android.location
05-24 15:33:25.068: V/AlarmManager(181): 1: Feb 08 03:16:07 pm com.google.android.apps.maps
05-24 15:33:25.068: V/AlarmManager(181): 2: Feb 08 07:00:37 pm android
05-24 15:33:25.068: V/AlarmManager(181): 3: Feb 08 07:46:04 pm android
05-24 15:33:25.068: V/AlarmManager(181): 4: Feb 08 07:51:22 pm com.google.android.apps.maps
05-24 15:33:25.069: V/AlarmManager(181): 5: Jan 21 05:31:41 am com.google.android.apps.maps
05-24 15:33:25.096: D/PowerManagerService(181): releaseWakeLock flags=0x1 tag=RILJ
05-24 15:33:25.098: V/AlarmManager(181): set: Alarm{40867870 type 2 com.google.android.location}
05-24 15:33:25.098: V/AlarmManager(181): Adding alarm Alarm{40867870 type 2 com.google.android.location} at 0
05-24 15:33:25.099: V/AlarmManager(181): alarms: 6 type: 2
05-24 15:33:25.099: V/AlarmManager(181): 0: Feb 08 03:10:13 pm com.google.android.location
05-24 15:33:25.099: V/AlarmManager(181): 1: Feb 08 03:16:07 pm com.google.android.apps.maps
05-24 15:33:25.099: V/AlarmManager(181): 2: Feb 08 07:00:37 pm android
05-24 15:33:25.099: V/AlarmManager(181): 3: Feb 08 07:46:04 pm android
05-24 15:33:25.100: V/AlarmManager(181): 4: Feb 08 07:51:22 pm com.google.android.apps.maps
05-24 15:33:25.100: V/AlarmManager(181): 5: Jan 21 05:31:41 am com.google.android.apps.maps
05-24 15:33:25.100: V/AlarmManager(181): Native set alarm :Alarm{40867870 type 2 com.google.android.location}
05-24 15:33:25.102: D/PowerManagerService(181): releaseWakeLock flags=0x1 tag=*network-location-cell-update*
05-24 15:33:25.135: I/MtkAgps(104): agpsd socket_msg_read: cmd(14) len(4).
05-24 15:33:25.135: D/MtkAgps(104): agpsd socket_msg_read: (14) --> AGPS_CMD_CELLINFO
05-24 15:33:25.135: D/MtkAgps(104): => agps cellinfo: lac(0xb8c) cid(0x84945b1) imsi_len(0xf) mccmnc(0x6)
05-24 15:33:25.135: D/MtkAgps(104): => network type (1) [2G(0)/3G(1)]
05-24 15:33:25.135: D/MtkAgps(104): => imsi(310410514674821) mccmnc(310410)
05-24 15:33:25.135: W/MtkAgps(104): ** mtk_agps_update_cinfo(): imsi(310410514674821) mcc(310) mnc(410) lac(2956) cid(139019697) network(1)**
05-24 15:33:25.135: D/MtkAgps(104): ===========CM: cm_mtk_agps_update_cinfo() for CP================
05-24 15:33:25.135: D/MtkAgps(104): imsi(310410514674821)
05-24 15:33:25.135: D/MtkAgps(104): mccmnc(310410)
05-24 15:33:25.135: D/MtkAgps(104): lac(2956)
05-24 15:33:25.135: D/MtkAgps(104): cid(139019697)
05-24 15:33:25.135: D/MtkAgps(104): ===============================================================
05-24 15:33:25.240: D/WifiCommon(181): [wlan0] evt = "<2>CTRL-EVENT-SCAN-RESULTS ", result = 0, nread = 27 
05-24 15:33:25.240: D/WifiCommon(181): [wlan0] Issue cmd = 'AP_SCAN 1'
05-24 15:33:25.241: V/ActivityManager(181): Broadcast: Intent { act=android.net.wifi.SCAN_RESULTS } ordered=false
05-24 15:33:25.241: D/WifiCommon(181): [wlan0] Issue cmd = 'SCAN_RESULTS'
05-24 15:33:25.244: D/wifi(181): doStringCommand, cmd SCAN_RESULTS, reply len=87
05-24 15:33:25.244: D/wifi(181): doStringCommand, cmd SCAN_RESULTS, reply bssid / frequency / signal level / flags / ssid
05-24 15:33:25.244: D/wifi(181): 00:18:39:71:b4:96	2437	220			phlumbeaux
05-24 15:33:25.244: D/wifi(181): ++parseScanResults++
05-24 15:33:25.245: D/wifi(181): --parseScanResults--
05-24 15:33:25.245: D/WifiCommon(181): [wlan0] Issue cmd = 'SCAN_RESULTS'
05-24 15:33:25.246: D/wifi(181): doStringCommand, cmd SCAN_RESULTS, reply len=87
05-24 15:33:25.246: D/wifi(181): doStringCommand, cmd SCAN_RESULTS, reply bssid / frequency / signal level / flags / ssid
05-24 15:33:25.246: D/wifi(181): 00:18:39:71:b4:96	2437	220			phlumbeaux
05-24 15:33:25.246: D/wifi(181): ++parseScanResults++
05-24 15:33:25.247: D/wifi(181): --parseScanResults--
05-24 15:33:25.248: D/WifiCommon(181): [wlan0] Issue cmd = 'SCAN_RESULTS'
05-24 15:33:25.249: D/wifi(181): doStringCommand, cmd SCAN_RESULTS, reply len=87
05-24 15:33:25.249: D/wifi(181): doStringCommand, cmd SCAN_RESULTS, reply bssid / frequency / signal level / flags / ssid
05-24 15:33:25.249: D/wifi(181): 00:18:39:71:b4:96	2437	220			phlumbeaux
05-24 15:33:25.249: D/wifi(181): ++parseScanResults++
05-24 15:33:25.250: D/wifi(181): --parseScanResults--
05-24 15:33:25.253: V/AlarmManager(181): set: Alarm{408550d0 type 2 com.google.android.apps.maps}
05-24 15:33:25.253: V/AlarmManager(181): Adding alarm Alarm{408550d0 type 2 com.google.android.apps.maps} at 5
05-24 15:33:25.253: V/AlarmManager(181): alarms: 6 type: 2
05-24 15:33:25.254: V/AlarmManager(181): 0: Feb 08 03:10:13 pm com.google.android.location
05-24 15:33:25.254: V/AlarmManager(181): 1: Feb 08 03:16:07 pm com.google.android.apps.maps
05-24 15:33:25.254: V/AlarmManager(181): 2: Feb 08 07:00:37 pm android
05-24 15:33:25.254: V/AlarmManager(181): 3: Feb 08 07:46:04 pm android
05-24 15:33:25.254: V/AlarmManager(181): 4: Feb 08 07:51:22 pm com.google.android.apps.maps
05-24 15:33:25.254: V/AlarmManager(181): 5: Jan 21 05:31:41 am com.google.android.apps.maps
05-24 15:33:25.497: D/WifiCommon(181): [wlan0] Issue cmd = 'DRIVER RSSI-APPROX'
05-24 15:33:25.498: D/WifiCommon(181): [wlan0] cmd = 'DRIVER RSSI-APPROX' ==> failed. (ret = 0 or reply='FAIL').
05-24 15:33:25.498: D/WifiCommon(181): [wlan0] Issue cmd = 'DRIVER RSSI'
05-24 15:33:25.499: D/WifiStateTracker(181): requestPolledInfo, newRssi=-39
05-24 15:33:25.499: D/WifiCommon(181): [wlan0] Issue cmd = 'DRIVER LINKSPEED'
05-24 15:33:28.517: V/ActivityManager(181): Broadcast sticky: Intent { act=android.intent.action.SIG_STR (has extras) } ordered=false
05-24 15:33:28.520: D/StatusBarPolicy(246): PhoneStateListener, sim1 on signal strengths changed before.
05-24 15:33:28.520: D/WifiCommon(181): [wlan0] Issue cmd = 'DRIVER RSSI-APPROX'
05-24 15:33:28.523: V/AlarmManager(181): set: Alarm{4084a798 type 2 com.google.android.apps.maps}
05-24 15:33:28.523: V/AlarmManager(181): Adding alarm Alarm{4084a798 type 2 com.google.android.apps.maps} at 5
05-24 15:33:28.523: V/AlarmManager(181): alarms: 6 type: 2
05-24 15:33:28.523: V/AlarmManager(181): 0: Feb 08 03:10:13 pm com.google.android.location
05-24 15:33:28.523: V/AlarmManager(181): 1: Feb 08 03:16:07 pm com.google.android.apps.maps
05-24 15:33:28.523: V/AlarmManager(181): 2: Feb 08 07:00:37 pm android
05-24 15:33:28.524: V/AlarmManager(181): 3: Feb 08 07:46:04 pm android
05-24 15:33:28.524: V/AlarmManager(181): 4: Feb 08 07:51:22 pm com.google.android.apps.maps
05-24 15:33:28.524: V/AlarmManager(181): 5: Jan 21 05:31:41 am com.google.android.apps.maps
05-24 15:33:28.525: D/WifiCommon(181): [wlan0] cmd = 'DRIVER RSSI-APPROX' ==> failed. (ret = 0 or reply='FAIL').
05-24 15:33:28.525: D/WifiCommon(181): [wlan0] Issue cmd = 'DRIVER RSSI'
05-24 15:33:28.529: D/StatusBarPolicy(246): updateSignalStrength(0), asu is 8
05-24 15:33:28.529: D/BT HS/HF(256): [BT][HFG] [API] mStateReceiver.onReceive(android.intent.action.SIG_STR)
05-24 15:33:28.531: D/StatusBarPolicy(246): networktype=0    simId=0
05-24 15:33:28.531: D/StatusBarPolicy(246): updateSignalStrength(0), setIcon with iconLevel is 3.
05-24 15:33:28.532: D/StatusBarPolicy(246): PhoneStateListener, sim1 on signal strengths changed after.
05-24 15:33:28.532: D/StatusBarService(246): zhouhuaguo icon.iconId =2130837890
05-24 15:33:28.532: D/StatusBarService(246): sSignalImages_big	0	=2130837924
05-24 15:33:28.532: D/StatusBarService(246): sSignalImages_big	1	=2130837926
05-24 15:33:28.532: D/StatusBarService(246): sSignalImages_big	2	=2130837928
05-24 15:33:28.532: D/StatusBarService(246): sSignalImages_big	3	=2130837930
05-24 15:33:28.532: D/StatusBarService(246): sSignalImages_big	4	=2130837932
05-24 15:33:28.532: D/StatusBarService(246): sSignalImages_big	5	=2130837925
05-24 15:33:28.532: D/StatusBarService(246): sSignalImages_big	6	=2130837927
05-24 15:33:28.532: D/StatusBarService(246): sSignalImages_big	7	=2130837929
05-24 15:33:28.532: D/StatusBarService(246): sSignalImages_big	8	=2130837931
05-24 15:33:28.532: D/StatusBarService(246): sSignalImages_big	9	=2130837933
05-24 15:33:28.532: D/StatusBarService(246): sSignalImages_big	10	=2130837914
05-24 15:33:28.533: D/StatusBarService(246): sSignalImages_big	11	=2130837916
05-24 15:33:28.533: D/StatusBarService(246): sSignalImages_big	12	=2130837918
05-24 15:33:28.533: D/StatusBarService(246): sSignalImages_big	13	=2130837920
05-24 15:33:28.533: D/StatusBarService(246): sSignalImages_big	14	=2130837922
05-24 15:33:28.533: D/StatusBarService(246): sSignalImages_big	15	=2130837915
05-24 15:33:28.533: D/StatusBarService(246): sSignalImages_big	16	=2130837917
05-24 15:33:28.533: D/StatusBarService(246): sSignalImages_big	17	=2130837919
05-24 15:33:28.533: D/StatusBarService(246): sSignalImages_big	18	=2130837921
05-24 15:33:28.533: D/StatusBarService(246): sSignalImages_big	19	=2130837923
05-24 15:33:28.533: D/StatusBarService(246): sSignalImages_big	20	=2130837984
05-24 15:33:28.533: D/StatusBarService(246): sSignalImages_big	21	=2130837986
05-24 15:33:28.533: D/StatusBarService(246): sSignalImages_big	22	=2130837988
05-24 15:33:28.533: D/StatusBarService(246): sSignalImages_big	23	=2130837990
05-24 15:33:28.533: D/StatusBarService(246): sSignalImages_big	24	=2130837992
05-24 15:33:28.533: D/StatusBarService(246): sSignalImages_big	25	=2130837985
05-24 15:33:28.533: D/StatusBarService(246): sSignalImages_big	26	=2130837987
05-24 15:33:28.533: D/StatusBarService(246): sSignalImages_big	27	=2130837989
05-24 15:33:28.533: D/StatusBarService(246): sSignalImages_big	28	=2130837991
05-24 15:33:28.533: D/StatusBarService(246): sSignalImages_big	29	=2130837993
05-24 15:33:28.533: D/StatusBarService(246): sSignalImages_big	30	=2130837974
05-24 15:33:28.533: D/StatusBarService(246): sSignalImages_big	31	=2130837976
05-24 15:33:28.534: D/StatusBarService(246): sSignalImages_big	32	=2130837978
05-24 15:33:28.534: D/StatusBarService(246): sSignalImages_big	33	=2130837980
05-24 15:33:28.534: D/StatusBarService(246): sSignalImages_big	34	=2130837982
05-24 15:33:28.534: D/StatusBarService(246): sSignalImages_big	35	=2130837975
05-24 15:33:28.534: D/StatusBarService(246): sSignalImages_big	36	=2130837977
05-24 15:33:28.534: D/StatusBarService(246): sSignalImages_big	37	=2130837979
05-24 15:33:28.534: D/StatusBarService(246): sSignalImages_big	38	=2130837981
05-24 15:33:28.534: D/StatusBarService(246): sSignalImages_big	39	=2130837983
05-24 15:33:28.534: D/StatusBarService(246): sSignalImages_big	40	=2130837884
05-24 15:33:28.534: D/StatusBarService(246): sSignalImages_big	41	=2130837886
05-24 15:33:28.534: D/StatusBarService(246): sSignalImages_big	42	=2130837888
05-24 15:33:28.534: D/StatusBarService(246): sSignalImages_big	43	=2130837890
05-24 15:33:28.534: D/StatusBarService(246): zhouhuaguo big_icon==true
05-24 15:33:28.548: D/WifiStateTracker(181): requestPolledInfo, newRssi=-39
05-24 15:33:28.548: D/WifiCommon(181): [wlan0] Issue cmd = 'DRIVER LINKSPEED'
05-24 15:33:29.776: D/WarningMessage(1474): TimerTask: ReadCodeTask.run()
05-24 15:33:29.776: D/WarningMessage(1474): sendWarningMessage() called.
05-24 15:33:29.777: D/WarningMessage(1474): line content: 0
05-24 15:33:29.778: D/WarningMessage(1474): notify code is 0
05-24 15:33:29.778: D/WarningMessage(1474): getWarningMessage() called.
05-24 15:33:29.964: V/AlarmManager(181): Checking for alarms... rtc=1369424009964, elapsed=3355813547
05-24 15:33:29.964: V/AlarmManager(181): Checking active alarm when=3355813547 Alarm{40867870 type 2 com.google.android.location}
05-24 15:33:29.964: V/AlarmManager(181): Alarm triggering: Alarm{40867870 type 2 com.google.android.location}
05-24 15:33:29.964: V/AlarmManager(181): Checking active alarm when=3356167635 Alarm{409b5848 type 2 com.google.android.apps.maps}
05-24 15:33:29.965: V/AlarmManager(181): Native set alarm :Alarm{409b5848 type 2 com.google.android.apps.maps}
05-24 15:33:29.965: I/AlarmManager(181): reset poweroff alarm none
05-24 15:33:29.965: V/AlarmManager(181): sending alarm Alarm{40867870 type 2 com.google.android.location}
05-24 15:33:29.966: V/ActivityManager(181): Broadcast: Intent { act=com.google.android.location.ALARM_WAKEUP flg=0x4 (has extras) } ordered=true
05-24 15:33:29.966: D/PowerManagerService(181): acquireWakeLock flags=0x1 tag=AlarmManager
05-24 15:33:29.973: D/OSFileSystem(181): OSFileSystem::open fail : filename==/sys/devices/system/cpu/cpu0/cpufreq/stats/time_in_state, errno=2, err=No such file or directory
05-24 15:33:29.981: D/PowerManagerService(181): releaseWakeLock flags=0x1 tag=AlarmManager
05-24 15:33:29.982: D/PowerManagerService(181): acquireWakeLock flags=0x1 tag=GpsLocationProvider
05-24 15:33:29.983: D/PowerManagerService(181): releaseWakeLock flags=0x1 tag=GpsLocationProvider
05-24 15:33:29.985: V/AlarmManager(181): set: Alarm{40717080 type 2 com.google.android.location}
05-24 15:33:29.985: V/AlarmManager(181): Adding alarm Alarm{40717080 type 2 com.google.android.location} at 0
05-24 15:33:29.985: V/AlarmManager(181): alarms: 6 type: 2
05-24 15:33:29.986: V/AlarmManager(181): 0: Feb 08 03:10:18 pm com.google.android.location
05-24 15:33:29.986: V/AlarmManager(181): 1: Feb 08 03:16:07 pm com.google.android.apps.maps
05-24 15:33:29.986: V/AlarmManager(181): 2: Feb 08 07:00:37 pm android
05-24 15:33:29.986: V/AlarmManager(181): 3: Feb 08 07:46:04 pm android
05-24 15:33:29.986: V/AlarmManager(181): 4: Feb 08 07:51:22 pm com.google.android.apps.maps
05-24 15:33:29.986: V/AlarmManager(181): 5: Jan 21 05:31:41 am com.google.android.apps.maps
05-24 15:33:29.987: V/AlarmManager(181): Native set alarm :Alarm{40717080 type 2 com.google.android.location}
05-24 15:33:29.988: D/PowerManagerService(181): acquireWakeLock flags=0x1 tag=LocationManagerService
05-24 15:33:29.989: D/PowerManagerService(181): releaseWakeLock flags=0x1 tag=LocationManagerService
05-24 15:33:29.990: D/PowerManagerService(181): acquireWakeLock flags=0x1 tag=LocationManagerService
05-24 15:33:29.991: D/PowerManagerService(181): releaseWakeLock flags=0x1 tag=LocationManagerService
05-24 15:33:31.551: D/WifiCommon(181): [wlan0] Issue cmd = 'DRIVER RSSI-APPROX'
05-24 15:33:31.552: D/WifiCommon(181): [wlan0] cmd = 'DRIVER RSSI-APPROX' ==> failed. (ret = 0 or reply='FAIL').
05-24 15:33:31.552: D/WifiCommon(181): [wlan0] Issue cmd = 'DRIVER RSSI'
05-24 15:33:31.553: D/WifiStateTracker(181): requestPolledInfo, newRssi=-39
05-24 15:33:31.553: D/WifiCommon(181): [wlan0] Issue cmd = 'DRIVER LINKSPEED'
05-24 15:33:34.569: D/WifiCommon(181): [wlan0] Issue cmd = 'DRIVER RSSI-APPROX'
05-24 15:33:34.569: D/WifiCommon(181): [wlan0] cmd = 'DRIVER RSSI-APPROX' ==> failed. (ret = 0 or reply='FAIL').
05-24 15:33:34.569: D/WifiCommon(181): [wlan0] Issue cmd = 'DRIVER RSSI'
05-24 15:33:34.587: D/WifiStateTracker(181): requestPolledInfo, newRssi=-38
05-24 15:33:34.587: D/WifiCommon(181): [wlan0] Issue cmd = 'DRIVER LINKSPEED'
05-24 15:33:34.984: V/AlarmManager(181): Checking for alarms... rtc=1369424014984, elapsed=3355818567
05-24 15:33:34.984: V/AlarmManager(181): Checking active alarm when=3355818567 Alarm{40717080 type 2 com.google.android.location}
05-24 15:33:34.984: V/AlarmManager(181): Alarm triggering: Alarm{40717080 type 2 com.google.android.location}
05-24 15:33:34.984: V/AlarmManager(181): Checking active alarm when=3356167635 Alarm{409b5848 type 2 com.google.android.apps.maps}
05-24 15:33:34.985: V/AlarmManager(181): Native set alarm :Alarm{409b5848 type 2 com.google.android.apps.maps}
05-24 15:33:34.985: I/AlarmManager(181): reset poweroff alarm none
05-24 15:33:34.985: V/AlarmManager(181): sending alarm Alarm{40717080 type 2 com.google.android.location}
05-24 15:33:34.986: V/ActivityManager(181): Broadcast: Intent { act=com.google.android.location.ALARM_WAKEUP flg=0x4 (has extras) } ordered=true
05-24 15:33:34.987: D/PowerManagerService(181): acquireWakeLock flags=0x1 tag=AlarmManager
05-24 15:33:34.990: D/OSFileSystem(181): OSFileSystem::open fail : filename==/sys/devices/system/cpu/cpu0/cpufreq/stats/time_in_state, errno=2, err=No such file or directory
05-24 15:33:34.995: D/PowerManagerService(181): releaseWakeLock flags=0x1 tag=AlarmManager
05-24 15:33:34.999: V/AlarmManager(181): set: Alarm{40738f38 type 2 com.google.android.location}
05-24 15:33:34.999: V/AlarmManager(181): Adding alarm Alarm{40738f38 type 2 com.google.android.location} at 1
05-24 15:33:34.999: V/AlarmManager(181): alarms: 6 type: 2
05-24 15:33:35.000: V/AlarmManager(181): 0: Feb 08 03:16:07 pm com.google.android.apps.maps
05-24 15:33:35.000: V/AlarmManager(181): 1: Feb 08 03:20:08 pm com.google.android.location
05-24 15:33:35.000: V/AlarmManager(181): 2: Feb 08 07:00:37 pm android
05-24 15:33:35.000: V/AlarmManager(181): 3: Feb 08 07:46:04 pm android
05-24 15:33:35.000: V/AlarmManager(181): 4: Feb 08 07:51:22 pm com.google.android.apps.maps
05-24 15:33:35.000: V/AlarmManager(181): 5: Jan 21 05:31:41 am com.google.android.apps.maps
05-24 15:33:35.002: D/WifiService(181): releaseWifiLockLocked: WifiLock{NetworkLocationProvider type=2 binder=android.os.BinderProxy@409406e0}
05-24 15:33:35.002: D/WifiService(181): doUpdateWifiState, mDisableByWifiManager=false, wifiEnabled=true
05-24 15:33:35.002: D/PowerManagerService(181): acquireWakeLock flags=0x1 tag=*wifi*
05-24 15:33:35.003: D/WifiService(181): setWifiEnabledBlocking, enable=true, persist=false, uid=1000
05-24 15:33:35.003: D/WifiStateTracker(181): restart, mConnectingSupplicant=false
05-24 15:33:35.003: D/PowerManagerService(181): releaseWakeLock flags=0x1 tag=*wifi*
05-24 15:33:35.006: D/PowerManagerService(181): releaseWakeLock flags=0x1 tag=*network-location*
05-24 15:33:37.591: D/WifiCommon(181): [wlan0] Issue cmd = 'DRIVER RSSI-APPROX'
05-24 15:33:37.591: D/WifiCommon(181): [wlan0] cmd = 'DRIVER RSSI-APPROX' ==> failed. (ret = 0 or reply='FAIL').
05-24 15:33:37.591: D/WifiCommon(181): [wlan0] Issue cmd = 'DRIVER RSSI'
05-24 15:33:37.593: D/WifiStateTracker(181): requestPolledInfo, newRssi=-38
05-24 15:33:37.593: D/WifiCommon(181): [wlan0] Issue cmd = 'DRIVER LINKSPEED'
05-24 15:33:39.776: D/WarningMessage(1474): TimerTask: ReadCodeTask.run()
05-24 15:33:39.776: D/WarningMessage(1474): sendWarningMessage() called.
05-24 15:33:39.777: D/WarningMessage(1474): line content: 0
05-24 15:33:39.777: D/WarningMessage(1474): notify code is 0
05-24 15:33:39.777: D/WarningMessage(1474): getWarningMessage() called.
05-24 15:33:40.009: D/OSFileSystem(181): OSFileSystem::open fail : filename==/sys/devices/system/cpu/cpu0/cpufreq/stats/time_in_state, errno=2, err=No such file or directory
05-24 15:33:40.595: D/WifiCommon(181): [wlan0] Issue cmd = 'DRIVER RSSI-APPROX'
05-24 15:33:40.595: D/WifiCommon(181): [wlan0] cmd = 'DRIVER RSSI-APPROX' ==> failed. (ret = 0 or reply='FAIL').
05-24 15:33:40.595: D/WifiCommon(181): [wlan0] Issue cmd = 'DRIVER RSSI'
05-24 15:33:40.598: D/WifiStateTracker(181): requestPolledInfo, newRssi=-35
05-24 15:33:40.598: D/WifiCommon(181): [wlan0] Issue cmd = 'DRIVER LINKSPEED'
05-24 15:33:43.602: D/WifiCommon(181): [wlan0] Issue cmd = 'DRIVER RSSI-APPROX'
05-24 15:33:43.602: D/WifiCommon(181): [wlan0] cmd = 'DRIVER RSSI-APPROX' ==> failed. (ret = 0 or reply='FAIL').
05-24 15:33:43.602: D/WifiCommon(181): [wlan0] Issue cmd = 'DRIVER RSSI'
05-24 15:33:43.604: D/WifiStateTracker(181): requestPolledInfo, newRssi=-35
05-24 15:33:43.604: D/WifiCommon(181): [wlan0] Issue cmd = 'DRIVER LINKSPEED'
05-24 15:33:43.887: V/ActivityManager(181): Broadcast sticky: Intent { act=android.intent.action.SIG_STR (has extras) } ordered=false
05-24 15:33:43.889: D/StatusBarPolicy(246): PhoneStateListener, sim1 on signal strengths changed before.
05-24 15:33:43.891: V/AlarmManager(181): set: Alarm{407654c0 type 2 com.google.android.apps.maps}
05-24 15:33:43.891: V/AlarmManager(181): Adding alarm Alarm{407654c0 type 2 com.google.android.apps.maps} at 5
05-24 15:33:43.891: V/AlarmManager(181): alarms: 6 type: 2
05-24 15:33:43.892: V/AlarmManager(181): 0: Feb 08 03:16:07 pm com.google.android.apps.maps
05-24 15:33:43.892: V/AlarmManager(181): 1: Feb 08 03:20:08 pm com.google.android.location
05-24 15:33:43.892: V/AlarmManager(181): 2: Feb 08 07:00:37 pm android
05-24 15:33:43.892: V/AlarmManager(181): 3: Feb 08 07:46:04 pm android
05-24 15:33:43.892: V/AlarmManager(181): 4: Feb 08 07:51:22 pm com.google.android.apps.maps
05-24 15:33:43.892: V/AlarmManager(181): 5: Jan 21 05:31:41 am com.google.android.apps.maps
05-24 15:33:43.896: D/StatusBarPolicy(246): updateSignalStrength(0), asu is 11
05-24 15:33:43.897: D/BT HS/HF(256): [BT][HFG] [API] mStateReceiver.onReceive(android.intent.action.SIG_STR)
05-24 15:33:43.898: D/StatusBarPolicy(246): networktype=0    simId=0
05-24 15:33:43.899: D/StatusBarPolicy(246): updateSignalStrength(0), setIcon with iconLevel is 3.
05-24 15:33:43.900: D/StatusBarPolicy(246): PhoneStateListener, sim1 on signal strengths changed after.
05-24 15:33:43.900: D/StatusBarService(246): zhouhuaguo icon.iconId =2130837890
05-24 15:33:43.900: D/StatusBarService(246): sSignalImages_big	0	=2130837924
05-24 15:33:43.900: D/StatusBarService(246): sSignalImages_big	1	=2130837926
05-24 15:33:43.900: D/StatusBarService(246): sSignalImages_big	2	=2130837928
05-24 15:33:43.900: D/StatusBarService(246): sSignalImages_big	3	=2130837930
05-24 15:33:43.900: D/StatusBarService(246): sSignalImages_big	4	=2130837932
05-24 15:33:43.900: D/StatusBarService(246): sSignalImages_big	5	=2130837925
05-24 15:33:43.900: D/StatusBarService(246): sSignalImages_big	6	=2130837927
05-24 15:33:43.900: D/StatusBarService(246): sSignalImages_big	7	=2130837929
05-24 15:33:43.900: D/StatusBarService(246): sSignalImages_big	8	=2130837931
05-24 15:33:43.900: D/StatusBarService(246): sSignalImages_big	9	=2130837933
05-24 15:33:43.900: D/StatusBarService(246): sSignalImages_big	10	=2130837914
05-24 15:33:43.901: D/StatusBarService(246): sSignalImages_big	11	=2130837916
05-24 15:33:43.901: D/StatusBarService(246): sSignalImages_big	12	=2130837918
05-24 15:33:43.901: D/StatusBarService(246): sSignalImages_big	13	=2130837920
05-24 15:33:43.901: D/StatusBarService(246): sSignalImages_big	14	=2130837922
05-24 15:33:43.901: D/StatusBarService(246): sSignalImages_big	15	=2130837915
05-24 15:33:43.901: D/StatusBarService(246): sSignalImages_big	16	=2130837917
05-24 15:33:43.901: D/StatusBarService(246): sSignalImages_big	17	=2130837919
05-24 15:33:43.901: D/StatusBarService(246): sSignalImages_big	18	=2130837921
05-24 15:33:43.901: D/StatusBarService(246): sSignalImages_big	19	=2130837923
05-24 15:33:43.901: D/StatusBarService(246): sSignalImages_big	20	=2130837984
05-24 15:33:43.901: D/StatusBarService(246): sSignalImages_big	21	=2130837986
05-24 15:33:43.901: D/StatusBarService(246): sSignalImages_big	22	=2130837988
05-24 15:33:43.901: D/StatusBarService(246): sSignalImages_big	23	=2130837990
